
===== seed 0: meta-training shared F_phi =====
    meta epoch   1/100  mean loss 0.7004
    meta epoch   5/100  mean loss 0.6576
    meta epoch  10/100  mean loss 0.6332
    meta epoch  15/100  mean loss 0.5395
    meta epoch  20/100  mean loss 0.4257
    meta epoch  25/100  mean loss 0.3765
    meta epoch  30/100  mean loss 0.3714
    meta epoch  35/100  mean loss 0.3418
    meta epoch  40/100  mean loss 0.3145
    meta epoch  45/100  mean loss 0.3236
    meta epoch  50/100  mean loss 0.2935
    meta epoch  55/100  mean loss 0.2867
    meta epoch  60/100  mean loss 0.2883
    meta epoch  65/100  mean loss 0.2651
    meta epoch  70/100  mean loss 0.2711
    meta epoch  75/100  mean loss 0.2762
    meta epoch  80/100  mean loss 0.2619
    meta epoch  85/100  mean loss 0.2361
    meta epoch  90/100  mean loss 0.2507
    meta epoch  95/100  mean loss 0.2408
    meta epoch 100/100  mean loss 0.2471
  life of A_high_plasticity ...
    post=0.636 slow=0.465 forget=0.007 steps=10.00
  life of B_high_stability ...
    post=0.542 slow=0.544 forget=-0.003 steps=10.00
  life of C_novelty_seeking ...
    post=0.564 slow=0.492 forget=0.001 steps=10.00
  life of D_conservative ...
    post=0.554 slow=0.523 forget=0.003 steps=8.88

===== seed 1: meta-training shared F_phi =====
    meta epoch   1/100  mean loss 0.7188
    meta epoch   5/100  mean loss 0.6636
    meta epoch  10/100  mean loss 0.6436
    meta epoch  15/100  mean loss 0.5453
    meta epoch  20/100  mean loss 0.4262
    meta epoch  25/100  mean loss 0.3776
    meta epoch  30/100  mean loss 0.3626
    meta epoch  35/100  mean loss 0.3356
    meta epoch  40/100  mean loss 0.3021
    meta epoch  45/100  mean loss 0.3108
    meta epoch  50/100  mean loss 0.2818
    meta epoch  55/100  mean loss 0.2750
    meta epoch  60/100  mean loss 0.2842
    meta epoch  65/100  mean loss 0.2539
    meta epoch  70/100  mean loss 0.2719
    meta epoch  75/100  mean loss 0.2803
    meta epoch  80/100  mean loss 0.2587
    meta epoch  85/100  mean loss 0.2335
    meta epoch  90/100  mean loss 0.2534
    meta epoch  95/100  mean loss 0.2386
    meta epoch 100/100  mean loss 0.2430
  life of A_high_plasticity ...
    post=0.623 slow=0.509 forget=0.004 steps=10.00
  life of B_high_stability ...
    post=0.508 slow=0.503 forget=0.006 steps=10.00
  life of C_novelty_seeking ...
    post=0.551 slow=0.506 forget=0.005 steps=10.00
  life of D_conservative ...
    post=0.566 slow=0.524 forget=0.003 steps=9.75

===== seed 2: meta-training shared F_phi =====
    meta epoch   1/100  mean loss 0.7034
    meta epoch   5/100  mean loss 0.6635
    meta epoch  10/100  mean loss 0.6523
    meta epoch  15/100  mean loss 0.5829
    meta epoch  20/100  mean loss 0.4510
    meta epoch  25/100  mean loss 0.3932
    meta epoch  30/100  mean loss 0.3779
    meta epoch  35/100  mean loss 0.3502
    meta epoch  40/100  mean loss 0.3183
    meta epoch  45/100  mean loss 0.3343
    meta epoch  50/100  mean loss 0.3043
    meta epoch  55/100  mean loss 0.2959
    meta epoch  60/100  mean loss 0.2995
    meta epoch  65/100  mean loss 0.2762
    meta epoch  70/100  mean loss 0.2795
    meta epoch  75/100  mean loss 0.2838
    meta epoch  80/100  mean loss 0.2692
    meta epoch  85/100  mean loss 0.2427
    meta epoch  90/100  mean loss 0.2628
    meta epoch  95/100  mean loss 0.2482
    meta epoch 100/100  mean loss 0.2560
  life of A_high_plasticity ...
    post=0.653 slow=0.507 forget=0.001 steps=9.62
  life of B_high_stability ...
    post=0.492 slow=0.490 forget=0.004 steps=10.00
  life of C_novelty_seeking ...
    post=0.626 slow=0.512 forget=0.006 steps=10.00
  life of D_conservative ...
    post=0.476 slow=0.442 forget=0.002 steps=10.00

===== DNA trajectories (mean over seeds) =====
DNA                   post acc  slow acc  forgetting   avg steps
A_high_plasticity        0.637     0.494       0.004        9.88
B_high_stability         0.514     0.512       0.002       10.00
C_novelty_seeking        0.580     0.504       0.004       10.00
D_conservative           0.532     0.496       0.003        9.54

saved -> results/dna/results.json + plots
