
===== seed 0 =====
  meta-training DLA (100 epochs) ...
    meta epoch   1/100  mean loss 0.7004
    meta epoch   5/100  mean loss 0.6576
    meta epoch  10/100  mean loss 0.6332
    meta epoch  15/100  mean loss 0.5395
    meta epoch  20/100  mean loss 0.4257
    meta epoch  25/100  mean loss 0.3765
    meta epoch  30/100  mean loss 0.3714
    meta epoch  35/100  mean loss 0.3418
    meta epoch  40/100  mean loss 0.3145
    meta epoch  45/100  mean loss 0.3236
    meta epoch  50/100  mean loss 0.2935
    meta epoch  55/100  mean loss 0.2867
    meta epoch  60/100  mean loss 0.2883
    meta epoch  65/100  mean loss 0.2651
    meta epoch  70/100  mean loss 0.2711
    meta epoch  75/100  mean loss 0.2762
    meta epoch  80/100  mean loss 0.2619
    meta epoch  85/100  mean loss 0.2361
    meta epoch  90/100  mean loss 0.2507
    meta epoch  95/100  mean loss 0.2408
    meta epoch 100/100  mean loss 0.2471
    meta loss 0.7004 -> 0.2471
  static baselines, best lr: plain=0.4  meta-init=0.4
  seed summary: DLA post=0.884 forget=0.021 | static=0.657 | static+metaInit=0.884

===== seed 1 =====
  meta-training DLA (100 epochs) ...
    meta epoch   1/100  mean loss 0.7188
    meta epoch   5/100  mean loss 0.6636
    meta epoch  10/100  mean loss 0.6436
    meta epoch  15/100  mean loss 0.5453
    meta epoch  20/100  mean loss 0.4262
    meta epoch  25/100  mean loss 0.3776
    meta epoch  30/100  mean loss 0.3626
    meta epoch  35/100  mean loss 0.3356
    meta epoch  40/100  mean loss 0.3021
    meta epoch  45/100  mean loss 0.3108
    meta epoch  50/100  mean loss 0.2818
    meta epoch  55/100  mean loss 0.2750
    meta epoch  60/100  mean loss 0.2842
    meta epoch  65/100  mean loss 0.2539
    meta epoch  70/100  mean loss 0.2719
    meta epoch  75/100  mean loss 0.2803
    meta epoch  80/100  mean loss 0.2587
    meta epoch  85/100  mean loss 0.2335
    meta epoch  90/100  mean loss 0.2534
    meta epoch  95/100  mean loss 0.2386
    meta epoch 100/100  mean loss 0.2430
    meta loss 0.7188 -> 0.2430
  static baselines, best lr: plain=0.4  meta-init=0.2
  seed summary: DLA post=0.841 forget=0.026 | static=0.657 | static+metaInit=0.892

===== seed 2 =====
  meta-training DLA (100 epochs) ...
    meta epoch   1/100  mean loss 0.7034
    meta epoch   5/100  mean loss 0.6635
    meta epoch  10/100  mean loss 0.6523
    meta epoch  15/100  mean loss 0.5829
    meta epoch  20/100  mean loss 0.4510
    meta epoch  25/100  mean loss 0.3932
    meta epoch  30/100  mean loss 0.3779
    meta epoch  35/100  mean loss 0.3502
    meta epoch  40/100  mean loss 0.3183
    meta epoch  45/100  mean loss 0.3343
    meta epoch  50/100  mean loss 0.3043
    meta epoch  55/100  mean loss 0.2959
    meta epoch  60/100  mean loss 0.2995
    meta epoch  65/100  mean loss 0.2762
    meta epoch  70/100  mean loss 0.2795
    meta epoch  75/100  mean loss 0.2838
    meta epoch  80/100  mean loss 0.2692
    meta epoch  85/100  mean loss 0.2427
    meta epoch  90/100  mean loss 0.2628
    meta epoch  95/100  mean loss 0.2482
    meta epoch 100/100  mean loss 0.2560
    meta loss 0.7034 -> 0.2560
  static baselines, best lr: plain=0.4  meta-init=0.05
  seed summary: DLA post=0.756 forget=0.248 | static=0.652 | static+metaInit=0.877

===== Stage 1 results (mean +/- std over seeds) =====
metric                         StaticMLP        StaticMLP+init                   DLA
post-task acc            0.655+/-0.002       0.884+/-0.006       0.827+/-0.053
steps->85%               7.750+/-0.177       5.083+/-0.425       4.500+/-0.204
forgetting               0.180+/-0.003       0.179+/-0.005       0.099+/-0.106

saved -> results/stage1/results.json + plots
