number of parameters: 6.59M
number of parameters: 6.59M

===== seed 1: body decomposition =====
number of parameters: 6.59M
  EH/EH: LE_D=0.000 T80=30
number of parameters: 6.59M
  HE/HE: LE_D=1.000 T80=24
number of parameters: 6.59M
number of parameters: 6.59M
  EH_body+HE_slow: LE_D=0.000 T80=30
number of parameters: 6.59M
number of parameters: 6.59M
  EH_body+HE_fast: LE_D=0.842 T80=4
number of parameters: 6.59M
number of parameters: 6.59M
  EH_body+HE_P: LE_D=0.000 T80=30
number of parameters: 6.59M
number of parameters: 6.59M
  EH_body+HE_Q: LE_D=0.000 T80=24
number of parameters: 6.59M
number of parameters: 6.59M
  EH_body+HE_attn_slow: LE_D=0.000 T80=30
number of parameters: 6.59M
number of parameters: 6.59M
  EH_body+HE_mlp_slow: LE_D=0.000 T80=30
number of parameters: 6.59M
number of parameters: 6.59M
  EH_body+HE_emb_slow: LE_D=0.000 T80=30
number of parameters: 6.59M
number of parameters: 6.59M
  HE_body+EH_slow: LE_D=0.987 T80=4
number of parameters: 6.59M
number of parameters: 6.59M
  HE_body+EH_fast: LE_D=0.000 T80=30
number of parameters: 6.59M
number of parameters: 6.59M
  HE_body+EH_P: LE_D=0.889 T80=16
number of parameters: 6.59M
number of parameters: 6.59M
  HE_body+EH_Q: LE_D=1.000 T80=24
number of parameters: 6.59M
number of parameters: 6.59M
  HE_body+EH_attn_slow: LE_D=0.994 T80=24
number of parameters: 6.59M
number of parameters: 6.59M
  HE_body+EH_mlp_slow: LE_D=0.885 T80=20
number of parameters: 6.59M
number of parameters: 6.59M
  HE_body+EH_emb_slow: LE_D=0.995 T80=24

saved -> results/stage55d/seed1/decomposition.json
