number of parameters: 6.59M
number of parameters: 6.59M

===== seed 0: body decomposition =====
number of parameters: 6.59M
  EH/EH: LE_D=0.000 T80=20
number of parameters: 6.59M
  HE/HE: LE_D=0.802 T80=4
number of parameters: 6.59M
number of parameters: 6.59M
  EH_body+HE_slow: LE_D=1.000 T80=30
number of parameters: 6.59M
number of parameters: 6.59M
  EH_body+HE_fast: LE_D=1.000 T80=4
number of parameters: 6.59M
number of parameters: 6.59M
  EH_body+HE_P: LE_D=0.000 T80=24
number of parameters: 6.59M
number of parameters: 6.59M
  EH_body+HE_Q: LE_D=0.000 T80=24
number of parameters: 6.59M
number of parameters: 6.59M
  EH_body+HE_fastP: LE_D=0.898 T80=4
number of parameters: 6.59M
number of parameters: 6.59M
  EH_body+HE_fastQ: LE_D=0.951 T80=4
number of parameters: 6.59M
number of parameters: 6.59M
  EH_body+HE_PQ: LE_D=0.000 T80=30
number of parameters: 6.59M
number of parameters: 6.59M
  EH_body+HE_fastPQ: LE_D=0.712 T80=4
number of parameters: 6.59M
number of parameters: 6.59M
  EH_body+HE_allState: LE_D=0.740 T80=12
number of parameters: 6.59M
number of parameters: 6.59M
  EH_body+HE_attn_slow: LE_D=0.448 T80=24
number of parameters: 6.59M
number of parameters: 6.59M
  EH_body+HE_mlp_slow: LE_D=0.000 T80=30
number of parameters: 6.59M
number of parameters: 6.59M
  EH_body+HE_emb_slow: LE_D=0.000 T80=30
number of parameters: 6.59M
number of parameters: 6.59M
  HE_body+EH_slow: LE_D=1.000 T80=28
number of parameters: 6.59M
number of parameters: 6.59M
  HE_body+EH_fast: LE_D=0.000 T80=30
number of parameters: 6.59M
number of parameters: 6.59M
  HE_body+EH_P: LE_D=0.673 T80=20
number of parameters: 6.59M
number of parameters: 6.59M
  HE_body+EH_Q: LE_D=0.778 T80=20
number of parameters: 6.59M
number of parameters: 6.59M
  HE_body+EH_fastP: LE_D=0.000 T80=30
number of parameters: 6.59M
number of parameters: 6.59M
  HE_body+EH_fastQ: LE_D=0.000 T80=30
number of parameters: 6.59M
number of parameters: 6.59M
  HE_body+EH_PQ: LE_D=0.963 T80=16
number of parameters: 6.59M
number of parameters: 6.59M
  HE_body+EH_fastPQ: LE_D=0.000 T80=30
number of parameters: 6.59M
number of parameters: 6.59M
  HE_body+EH_allState: LE_D=0.000 T80=30
number of parameters: 6.59M
number of parameters: 6.59M
  HE_body+EH_attn_slow: LE_D=0.868 T80=20
number of parameters: 6.59M
number of parameters: 6.59M
  HE_body+EH_mlp_slow: LE_D=0.778 T80=20
number of parameters: 6.59M
number of parameters: 6.59M
  HE_body+EH_emb_slow: LE_D=0.699 T80=12

saved -> results/stage55d_full/seed0/decomposition.json
