number of parameters: 6.59M
number of parameters: 6.59M

===== seed 2: body decomposition =====
number of parameters: 6.59M
  EH/EH: LE_D=1.000 T80=28
number of parameters: 6.59M
  HE/HE: LE_D=1.000 T80=24
number of parameters: 6.59M
number of parameters: 6.59M
  EH_body+HE_slow: LE_D=0.000 T80=30
number of parameters: 6.59M
number of parameters: 6.59M
  EH_body+HE_fast: LE_D=0.883 T80=4
number of parameters: 6.59M
number of parameters: 6.59M
  EH_body+HE_P: LE_D=0.758 T80=28
number of parameters: 6.59M
number of parameters: 6.59M
  EH_body+HE_Q: LE_D=0.724 T80=28
number of parameters: 6.59M
number of parameters: 6.59M
  EH_body+HE_attn_slow: LE_D=0.600 T80=20
number of parameters: 6.59M
number of parameters: 6.59M
  EH_body+HE_mlp_slow: LE_D=0.577 T80=24
number of parameters: 6.59M
number of parameters: 6.59M
  EH_body+HE_emb_slow: LE_D=0.998 T80=28
number of parameters: 6.59M
number of parameters: 6.59M
  HE_body+EH_slow: LE_D=1.000 T80=4
number of parameters: 6.59M
number of parameters: 6.59M
  HE_body+EH_fast: LE_D=0.000 T80=30
number of parameters: 6.59M
number of parameters: 6.59M
  HE_body+EH_P: LE_D=0.928 T80=24
number of parameters: 6.59M
number of parameters: 6.59M
  HE_body+EH_Q: LE_D=0.926 T80=24
number of parameters: 6.59M
number of parameters: 6.59M
  HE_body+EH_attn_slow: LE_D=1.000 T80=20
number of parameters: 6.59M
number of parameters: 6.59M
  HE_body+EH_mlp_slow: LE_D=1.000 T80=16
number of parameters: 6.59M
number of parameters: 6.59M
  HE_body+EH_emb_slow: LE_D=0.927 T80=24

saved -> results/stage55d/seed2/decomposition.json
