number of parameters: 6.59M
seed 0 curriculum (easy->hard): ['sft', 'wiki', 'science'] pre_ppl=[28.73, 31.21, 34.34]

===== seed 0 / AdamW lr=0.0001 =====
number of parameters: 6.59M
  stage_pre=[28.73, 34.59, 35.32] Lambda=[0.25, 0.25, 0.0] (401s)
===== seed 0 / DLA eta=0.0006 =====
number of parameters: 6.59M
  stage_pre=[28.73, 32.31, 34.57] Lambda_full=[0.25, 0.0, 0.0] (459s)
number of parameters: 6.59M
seed 1 curriculum (easy->hard): ['sft', 'wiki', 'science'] pre_ppl=[37.88, 38.95, 39.2]

===== seed 1 / AdamW lr=0.0001 =====
number of parameters: 6.59M
  stage_pre=[37.88, 44.07, 39.98] Lambda=[0.25, 0.25, 0.0] (399s)
===== seed 1 / DLA eta=0.0006 =====
number of parameters: 6.59M
  stage_pre=[37.88, 40.27, 39.13] Lambda_full=[0.25, 0.0, 0.0] (460s)
number of parameters: 6.59M
seed 2 curriculum (easy->hard): ['sft', 'wiki', 'science'] pre_ppl=[33.99, 36.24, 43.93]

===== seed 2 / AdamW lr=0.0001 =====
number of parameters: 6.59M
  stage_pre=[33.99, 40.85, 44.91] Lambda=[0.25, 0.25, 0.0] (401s)
===== seed 2 / DLA eta=0.0006 =====
number of parameters: 6.59M
  stage_pre=[33.99, 37.92, 44.23] Lambda_full=[0.25, 0.0, 0.0] (439s)
number of parameters: 6.59M
seed 3 curriculum (easy->hard): ['wiki', 'sft', 'science'] pre_ppl=[36.17, 40.05, 47.73]

===== seed 3 / AdamW lr=0.0001 =====
number of parameters: 6.59M
  stage_pre=[36.17, 41.48, 51.89] Lambda=[0.0, 0.125, 0.125] (401s)
===== seed 3 / DLA eta=0.0006 =====
number of parameters: 6.59M
  stage_pre=[36.17, 40.52, 49.0] Lambda_full=[0.0, 0.25, 0.0] (461s)
number of parameters: 6.59M
seed 4 curriculum (easy->hard): ['science', 'wiki', 'sft'] pre_ppl=[34.16, 35.02, 35.56]

===== seed 4 / AdamW lr=0.0001 =====
number of parameters: 6.59M
  stage_pre=[34.16, 35.92, 36.89] Lambda=[0.0, 0.0, 0.125] (401s)
===== seed 4 / DLA eta=0.0006 =====
number of parameters: 6.59M
  stage_pre=[34.16, 34.94, 36.02] Lambda_full=[0.0, 0.0, 0.25] (456s)

===== Stage 5 summary =====
{
  "target_gain": 0.04,
  "curriculum_order": {
    "0": [
      "sft",
      "wiki",
      "science"
    ],
    "1": [
      "sft",
      "wiki",
      "science"
    ],
    "2": [
      "sft",
      "wiki",
      "science"
    ],
    "3": [
      "wiki",
      "sft",
      "science"
    ],
    "4": [
      "science",
      "wiki",
      "sft"
    ]
  },
  "baseline": {
    "lambda_per_seed": [
      [
        0.25,
        0.25,
        0.0
      ],
      [
        0.25,
        0.25,
        0.0
      ],
      [
        0.25,
        0.25,
        0.0
      ],
      [
        0.0,
        0.125,
        0.125
      ],
      [
        0.0,
        0.0,
        0.125
      ]
    ],
    "lambda_mean": [
      0.15,
      0.175,
      0.05
    ],
    "lambda_slope": -0.049999999999999996,
    "stage_pre_mean": [
      34.185950571823355,
      39.3800698320395,
      41.79760663483636
    ]
  },
  "dla": {
    "lambda_per_seed": [
      [
        0.25,
        0.0,
        0.0
      ],
      [
        0.25,
        0.0,
        0.0
      ],
      [
        0.25,
        0.0,
        0.0
      ],
      [
        0.0,
        0.25,
        0.0
      ],
      [
        0.0,
        0.0,
        0.25
      ]
    ],
    "lambda_mean": [
      0.15,
      0.05,
      0.05
    ],
    "lambda_slope": -0.049999999999999996,
    "lambda_slow_mean": [
      0.0,
      0.0,
      0.0
    ],
    "lambda_slow_slope": 0.0,
    "stage_pre_mean": [
      34.185950571823355,
      37.192854934343565,
      40.591346185283896
    ]
  }
}

saved -> results/stage5/stage5.json + lambda_curriculum.png
