number of parameters: 6.59M
number of parameters: 6.59M

===== seed 2: body decomposition =====
number of parameters: 6.59M
  EH/EH: LE_D=0.938 T80=28
number of parameters: 6.59M
  HE/HE: LE_D=0.961 T80=24
number of parameters: 6.59M
number of parameters: 6.59M
  EH_body+HE_slow: LE_D=1.000 T80=30
number of parameters: 6.59M
number of parameters: 6.59M
  EH_body+HE_fast: LE_D=1.000 T80=8
number of parameters: 6.59M
number of parameters: 6.59M
  EH_body+HE_P: LE_D=0.423 T80=28
number of parameters: 6.59M
number of parameters: 6.59M
  EH_body+HE_Q: LE_D=0.864 T80=28
number of parameters: 6.59M
number of parameters: 6.59M
  EH_body+HE_fastP: LE_D=0.941 T80=12
number of parameters: 6.59M
number of parameters: 6.59M
  EH_body+HE_fastQ: LE_D=0.885 T80=24
number of parameters: 6.59M
number of parameters: 6.59M
  EH_body+HE_PQ: LE_D=0.028 T80=16
number of parameters: 6.59M
number of parameters: 6.59M
  EH_body+HE_fastPQ: LE_D=0.229 T80=24
number of parameters: 6.59M
number of parameters: 6.59M
  EH_body+HE_allState: LE_D=0.881 T80=24
number of parameters: 6.59M
number of parameters: 6.59M
  EH_body+HE_attn_slow: LE_D=0.771 T80=24
number of parameters: 6.59M
number of parameters: 6.59M
  EH_body+HE_mlp_slow: LE_D=0.989 T80=28
number of parameters: 6.59M
number of parameters: 6.59M
  EH_body+HE_emb_slow: LE_D=0.787 T80=24
number of parameters: 6.59M
number of parameters: 6.59M
  HE_body+EH_slow: LE_D=0.834 T80=8
number of parameters: 6.59M
number of parameters: 6.59M
  HE_body+EH_fast: LE_D=0.000 T80=30
number of parameters: 6.59M
number of parameters: 6.59M
  HE_body+EH_P: LE_D=0.936 T80=24
number of parameters: 6.59M
number of parameters: 6.59M
  HE_body+EH_Q: LE_D=0.953 T80=24
number of parameters: 6.59M
number of parameters: 6.59M
  HE_body+EH_fastP: LE_D=0.651 T80=12
number of parameters: 6.59M
number of parameters: 6.59M
  HE_body+EH_fastQ: LE_D=1.000 T80=30
number of parameters: 6.59M
number of parameters: 6.59M
  HE_body+EH_PQ: LE_D=0.861 T80=16
number of parameters: 6.59M
number of parameters: 6.59M
  HE_body+EH_fastPQ: LE_D=0.000 T80=24
number of parameters: 6.59M
number of parameters: 6.59M
  HE_body+EH_allState: LE_D=0.000 T80=30
number of parameters: 6.59M
number of parameters: 6.59M
  HE_body+EH_attn_slow: LE_D=0.976 T80=20
number of parameters: 6.59M
number of parameters: 6.59M
  HE_body+EH_mlp_slow: LE_D=0.963 T80=24
number of parameters: 6.59M
number of parameters: 6.59M
  HE_body+EH_emb_slow: LE_D=0.933 T80=16

saved -> results/stage55d_full/seed2/decomposition.json
