$HOME/Desktop/dla-v0.2/analysis/wfast_geom/audit_b3.py:140: UserWarning: Converting a tensor with requires_grad=True to a scalar may lead to unexpected behavior.
Consider using tensor.detach() first. (Triggered internally at /Users/runner/work/pytorch/pytorch/pytorch/torch/csrc/autograd/generated/python_variable_methods.cpp:837.)
  wmag = math.sqrt(sum(float((tv["consolidate_fast_direct"] * gs * s_["w_fast"]).pow(2).sum())
$HOME/Desktop/dla-v0.2/analysis/wfast_geom/audit_b3.py:140: UserWarning: Converting a tensor with requires_grad=True to a scalar may lead to unexpected behavior.
Consider using tensor.detach() first. (Triggered internally at /Users/runner/work/pytorch/pytorch/pytorch/torch/csrc/autograd/generated/python_variable_methods.cpp:837.)
  wmag = math.sqrt(sum(float((tv["consolidate_fast_direct"] * gs * s_["w_fast"]).pow(2).sum())
$HOME/.venv/lib/python3.13/site-packages/torch/autograd/graph.py:865: UserWarning: Using backward() with create_graph=True will create a reference cycle between the parameter and its gradient which can cause a memory leak. We recommend using autograd.grad when creating the graph to avoid this. If you have to use this function, make sure to reset the .grad fields of your parameters to None after use to break the cycle and avoid the leak. (Triggered internally at /Users/runner/work/pytorch/pytorch/pytorch/torch/csrc/autograd/engine.cpp:1306.)
  return Variable._execution_engine.run_backward(  # Calls into the C++ engine to run the backward pass
$HOME/.venv/lib/python3.13/site-packages/torch/autograd/graph.py:865: UserWarning: Using backward() with create_graph=True will create a reference cycle between the parameter and its gradient which can cause a memory leak. We recommend using autograd.grad when creating the graph to avoid this. If you have to use this function, make sure to reset the .grad fields of your parameters to None after use to break the cycle and avoid the leak. (Triggered internally at /Users/runner/work/pytorch/pytorch/pytorch/torch/csrc/autograd/engine.cpp:1306.)
  return Variable._execution_engine.run_backward(  # Calls into the C++ engine to run the backward pass
$HOME/Desktop/dla-v0.2/analysis/wfast_geom/audit_b3.py:140: UserWarning: Converting a tensor with requires_grad=True to a scalar may lead to unexpected behavior.
Consider using tensor.detach() first. (Triggered internally at /Users/runner/work/pytorch/pytorch/pytorch/torch/csrc/autograd/generated/python_variable_methods.cpp:837.)
  wmag = math.sqrt(sum(float((tv["consolidate_fast_direct"] * gs * s_["w_fast"]).pow(2).sum())
$HOME/Desktop/dla-v0.2/analysis/wfast_geom/audit_b3.py:140: UserWarning: Converting a tensor with requires_grad=True to a scalar may lead to unexpected behavior.
Consider using tensor.detach() first. (Triggered internally at /Users/runner/work/pytorch/pytorch/pytorch/torch/csrc/autograd/generated/python_variable_methods.cpp:837.)
  wmag = math.sqrt(sum(float((tv["consolidate_fast_direct"] * gs * s_["w_fast"]).pow(2).sum())
$HOME/.venv/lib/python3.13/site-packages/torch/autograd/graph.py:865: UserWarning: Using backward() with create_graph=True will create a reference cycle between the parameter and its gradient which can cause a memory leak. We recommend using autograd.grad when creating the graph to avoid this. If you have to use this function, make sure to reset the .grad fields of your parameters to None after use to break the cycle and avoid the leak. (Triggered internally at /Users/runner/work/pytorch/pytorch/pytorch/torch/csrc/autograd/engine.cpp:1306.)
  return Variable._execution_engine.run_backward(  # Calls into the C++ engine to run the backward pass
$HOME/.venv/lib/python3.13/site-packages/torch/autograd/graph.py:865: UserWarning: Using backward() with create_graph=True will create a reference cycle between the parameter and its gradient which can cause a memory leak. We recommend using autograd.grad when creating the graph to avoid this. If you have to use this function, make sure to reset the .grad fields of your parameters to None after use to break the cycle and avoid the leak. (Triggered internally at /Users/runner/work/pytorch/pytorch/pytorch/torch/csrc/autograd/engine.cpp:1306.)
  return Variable._execution_engine.run_backward(  # Calls into the C++ engine to run the backward pass
number of parameters: 6.59M
number of parameters: 6.59M
number of parameters: 6.59M
seed 0 HE shufwrite: pre=43.39 gain40=+0.0114 LE=0.676
number of parameters: 6.59M
number of parameters: 6.59M
number of parameters: 6.59M
seed 0 HE direct: pre=43.43 gain40=+0.0135 LE=0.705
number of parameters: 6.59M
number of parameters: 6.59M
number of parameters: 6.59M
seed 0 HE direct: pre=43.36 gain40=+0.0146 LE=0.897
number of parameters: 6.59M
number of parameters: 6.59M
number of parameters: 6.59M
seed 0 HE shufwrite: pre=43.51 gain40=+0.0127 LE=0.653
$HOME/Desktop/dla-v0.2/analysis/wfast_geom/audit_b3.py:140: UserWarning: Converting a tensor with requires_grad=True to a scalar may lead to unexpected behavior.
Consider using tensor.detach() first. (Triggered internally at /Users/runner/work/pytorch/pytorch/pytorch/torch/csrc/autograd/generated/python_variable_methods.cpp:837.)
  wmag = math.sqrt(sum(float((tv["consolidate_fast_direct"] * gs * s_["w_fast"]).pow(2).sum())
$HOME/.venv/lib/python3.13/site-packages/torch/autograd/graph.py:865: UserWarning: Using backward() with create_graph=True will create a reference cycle between the parameter and its gradient which can cause a memory leak. We recommend using autograd.grad when creating the graph to avoid this. If you have to use this function, make sure to reset the .grad fields of your parameters to None after use to break the cycle and avoid the leak. (Triggered internally at /Users/runner/work/pytorch/pytorch/pytorch/torch/csrc/autograd/engine.cpp:1306.)
  return Variable._execution_engine.run_backward(  # Calls into the C++ engine to run the backward pass
$HOME/Desktop/dla-v0.2/analysis/wfast_geom/audit_b3.py:140: UserWarning: Converting a tensor with requires_grad=True to a scalar may lead to unexpected behavior.
Consider using tensor.detach() first. (Triggered internally at /Users/runner/work/pytorch/pytorch/pytorch/torch/csrc/autograd/generated/python_variable_methods.cpp:837.)
  wmag = math.sqrt(sum(float((tv["consolidate_fast_direct"] * gs * s_["w_fast"]).pow(2).sum())
$HOME/.venv/lib/python3.13/site-packages/torch/autograd/graph.py:865: UserWarning: Using backward() with create_graph=True will create a reference cycle between the parameter and its gradient which can cause a memory leak. We recommend using autograd.grad when creating the graph to avoid this. If you have to use this function, make sure to reset the .grad fields of your parameters to None after use to break the cycle and avoid the leak. (Triggered internally at /Users/runner/work/pytorch/pytorch/pytorch/torch/csrc/autograd/engine.cpp:1306.)
  return Variable._execution_engine.run_backward(  # Calls into the C++ engine to run the backward pass
$HOME/Desktop/dla-v0.2/analysis/wfast_geom/audit_b3.py:140: UserWarning: Converting a tensor with requires_grad=True to a scalar may lead to unexpected behavior.
Consider using tensor.detach() first. (Triggered internally at /Users/runner/work/pytorch/pytorch/pytorch/torch/csrc/autograd/generated/python_variable_methods.cpp:837.)
  wmag = math.sqrt(sum(float((tv["consolidate_fast_direct"] * gs * s_["w_fast"]).pow(2).sum())
$HOME/Desktop/dla-v0.2/analysis/wfast_geom/audit_b3.py:140: UserWarning: Converting a tensor with requires_grad=True to a scalar may lead to unexpected behavior.
Consider using tensor.detach() first. (Triggered internally at /Users/runner/work/pytorch/pytorch/pytorch/torch/csrc/autograd/generated/python_variable_methods.cpp:837.)
  wmag = math.sqrt(sum(float((tv["consolidate_fast_direct"] * gs * s_["w_fast"]).pow(2).sum())
$HOME/.venv/lib/python3.13/site-packages/torch/autograd/graph.py:865: UserWarning: Using backward() with create_graph=True will create a reference cycle between the parameter and its gradient which can cause a memory leak. We recommend using autograd.grad when creating the graph to avoid this. If you have to use this function, make sure to reset the .grad fields of your parameters to None after use to break the cycle and avoid the leak. (Triggered internally at /Users/runner/work/pytorch/pytorch/pytorch/torch/csrc/autograd/engine.cpp:1306.)
  return Variable._execution_engine.run_backward(  # Calls into the C++ engine to run the backward pass
$HOME/.venv/lib/python3.13/site-packages/torch/autograd/graph.py:865: UserWarning: Using backward() with create_graph=True will create a reference cycle between the parameter and its gradient which can cause a memory leak. We recommend using autograd.grad when creating the graph to avoid this. If you have to use this function, make sure to reset the .grad fields of your parameters to None after use to break the cycle and avoid the leak. (Triggered internally at /Users/runner/work/pytorch/pytorch/pytorch/torch/csrc/autograd/engine.cpp:1306.)
  return Variable._execution_engine.run_backward(  # Calls into the C++ engine to run the backward pass
number of parameters: 6.59M
number of parameters: 6.59M
Traceback (most recent call last):
  File "$HOME/Desktop/dla-v0.2/analysis/wfast_geom/audit_b3.py", line 227, in <module>
    main()
    ~~~~^^
  File "$HOME/Desktop/dla-v0.2/analysis/wfast_geom/audit_b3.py", line 193, in main
    model, state = s55c.load_body(path, a, device)
                   ~~~~~~~~~~~~~~^^^^^^^^^^^^^^^^^
  File "$HOME/Desktop/dla-v0.2/experiments/stage55c_causality.py", line 106, in load_body
    ckpt = torch.load(path, map_location=device, weights_only=False)
  File "$HOME/.venv/lib/python3.13/site-packages/torch/serialization.py", line 1549, in load
    return _load(
        opened_zipfile,
    ...<3 lines>...
        **pickle_load_args,
    )
  File "$HOME/.venv/lib/python3.13/site-packages/torch/serialization.py", line 2143, in _load
    result = unpickler.load()
  File "$HOME/.venv/lib/python3.13/site-packages/torch/serialization.py", line 2107, in persistent_load
    typed_storage = load_tensor(
        dtype, nbytes, key, _maybe_decode_ascii(location)
    )
  File "$HOME/.venv/lib/python3.13/site-packages/torch/serialization.py", line 2060, in load_tensor
    zip_file.get_storage_from_record(name, numel, torch.UntypedStorage)
    ~~~~~~~~~~~~~~~~~~~~~~~~~~~~~~~~^^^^^^^^^^^^^^^^^^^^^^^^^^^^^^^^^^^
RuntimeError: PytorchStreamReader failed reading file data/37: file read failed
number of parameters: 6.59M
number of parameters: 6.59M
Traceback (most recent call last):
  File "$HOME/Desktop/dla-v0.2/analysis/wfast_geom/audit_b3.py", line 227, in <module>
    main()
    ~~~~^^
  File "$HOME/Desktop/dla-v0.2/analysis/wfast_geom/audit_b3.py", line 193, in main
    model, state = s55c.load_body(path, a, device)
                   ~~~~~~~~~~~~~~^^^^^^^^^^^^^^^^^
  File "$HOME/Desktop/dla-v0.2/experiments/stage55c_causality.py", line 106, in load_body
    ckpt = torch.load(path, map_location=device, weights_only=False)
  File "$HOME/.venv/lib/python3.13/site-packages/torch/serialization.py", line 1549, in load
    return _load(
        opened_zipfile,
    ...<3 lines>...
        **pickle_load_args,
    )
  File "$HOME/.venv/lib/python3.13/site-packages/torch/serialization.py", line 2143, in _load
    result = unpickler.load()
  File "$HOME/.venv/lib/python3.13/site-packages/torch/serialization.py", line 2107, in persistent_load
    typed_storage = load_tensor(
        dtype, nbytes, key, _maybe_decode_ascii(location)
    )
  File "$HOME/.venv/lib/python3.13/site-packages/torch/serialization.py", line 2060, in load_tensor
    zip_file.get_storage_from_record(name, numel, torch.UntypedStorage)
    ~~~~~~~~~~~~~~~~~~~~~~~~~~~~~~~~^^^^^^^^^^^^^^^^^^^^^^^^^^^^^^^^^^^
RuntimeError: PytorchStreamReader failed reading file data/34: invalid header or archive is corrupted
number of parameters: 6.59M
number of parameters: 6.59M
number of parameters: 6.59M
seed 1 HE direct: pre=45.25 gain40=+0.0089 LE=0.664
$HOME/Desktop/dla-v0.2/analysis/wfast_geom/audit_b3.py:140: UserWarning: Converting a tensor with requires_grad=True to a scalar may lead to unexpected behavior.
Consider using tensor.detach() first. (Triggered internally at /Users/runner/work/pytorch/pytorch/pytorch/torch/csrc/autograd/generated/python_variable_methods.cpp:837.)
  wmag = math.sqrt(sum(float((tv["consolidate_fast_direct"] * gs * s_["w_fast"]).pow(2).sum())
$HOME/.venv/lib/python3.13/site-packages/torch/autograd/graph.py:865: UserWarning: Using backward() with create_graph=True will create a reference cycle between the parameter and its gradient which can cause a memory leak. We recommend using autograd.grad when creating the graph to avoid this. If you have to use this function, make sure to reset the .grad fields of your parameters to None after use to break the cycle and avoid the leak. (Triggered internally at /Users/runner/work/pytorch/pytorch/pytorch/torch/csrc/autograd/engine.cpp:1306.)
  return Variable._execution_engine.run_backward(  # Calls into the C++ engine to run the backward pass
$HOME/Desktop/dla-v0.2/analysis/wfast_geom/audit_b3.py:140: UserWarning: Converting a tensor with requires_grad=True to a scalar may lead to unexpected behavior.
Consider using tensor.detach() first. (Triggered internally at /Users/runner/work/pytorch/pytorch/pytorch/torch/csrc/autograd/generated/python_variable_methods.cpp:837.)
  wmag = math.sqrt(sum(float((tv["consolidate_fast_direct"] * gs * s_["w_fast"]).pow(2).sum())
number of parameters: 6.59M
number of parameters: 6.59M
number of parameters: 6.59M
seed 1 HE shufwrite: pre=45.13 gain40=+0.0075 LE=0.904
$HOME/.venv/lib/python3.13/site-packages/torch/autograd/graph.py:865: UserWarning: Using backward() with create_graph=True will create a reference cycle between the parameter and its gradient which can cause a memory leak. We recommend using autograd.grad when creating the graph to avoid this. If you have to use this function, make sure to reset the .grad fields of your parameters to None after use to break the cycle and avoid the leak. (Triggered internally at /Users/runner/work/pytorch/pytorch/pytorch/torch/csrc/autograd/engine.cpp:1306.)
  return Variable._execution_engine.run_backward(  # Calls into the C++ engine to run the backward pass
$HOME/Desktop/dla-v0.2/analysis/wfast_geom/audit_b3.py:140: UserWarning: Converting a tensor with requires_grad=True to a scalar may lead to unexpected behavior.
Consider using tensor.detach() first. (Triggered internally at /Users/runner/work/pytorch/pytorch/pytorch/torch/csrc/autograd/generated/python_variable_methods.cpp:837.)
  wmag = math.sqrt(sum(float((tv["consolidate_fast_direct"] * gs * s_["w_fast"]).pow(2).sum())
$HOME/.venv/lib/python3.13/site-packages/torch/autograd/graph.py:865: UserWarning: Using backward() with create_graph=True will create a reference cycle between the parameter and its gradient which can cause a memory leak. We recommend using autograd.grad when creating the graph to avoid this. If you have to use this function, make sure to reset the .grad fields of your parameters to None after use to break the cycle and avoid the leak. (Triggered internally at /Users/runner/work/pytorch/pytorch/pytorch/torch/csrc/autograd/engine.cpp:1306.)
  return Variable._execution_engine.run_backward(  # Calls into the C++ engine to run the backward pass
$HOME/Desktop/dla-v0.2/analysis/wfast_geom/audit_b3.py:140: UserWarning: Converting a tensor with requires_grad=True to a scalar may lead to unexpected behavior.
Consider using tensor.detach() first. (Triggered internally at /Users/runner/work/pytorch/pytorch/pytorch/torch/csrc/autograd/generated/python_variable_methods.cpp:837.)
  wmag = math.sqrt(sum(float((tv["consolidate_fast_direct"] * gs * s_["w_fast"]).pow(2).sum())
$HOME/.venv/lib/python3.13/site-packages/torch/autograd/graph.py:865: UserWarning: Using backward() with create_graph=True will create a reference cycle between the parameter and its gradient which can cause a memory leak. We recommend using autograd.grad when creating the graph to avoid this. If you have to use this function, make sure to reset the .grad fields of your parameters to None after use to break the cycle and avoid the leak. (Triggered internally at /Users/runner/work/pytorch/pytorch/pytorch/torch/csrc/autograd/engine.cpp:1306.)
  return Variable._execution_engine.run_backward(  # Calls into the C++ engine to run the backward pass
number of parameters: 6.59M
number of parameters: 6.59M
Traceback (most recent call last):
  File "$HOME/Desktop/dla-v0.2/analysis/wfast_geom/audit_b3.py", line 227, in <module>
    main()
    ~~~~^^
  File "$HOME/Desktop/dla-v0.2/analysis/wfast_geom/audit_b3.py", line 193, in main
    model, state = s55c.load_body(path, a, device)
                   ~~~~~~~~~~~~~~^^^^^^^^^^^^^^^^^
  File "$HOME/Desktop/dla-v0.2/experiments/stage55c_causality.py", line 106, in load_body
    ckpt = torch.load(path, map_location=device, weights_only=False)
  File "$HOME/.venv/lib/python3.13/site-packages/torch/serialization.py", line 1549, in load
    return _load(
        opened_zipfile,
    ...<3 lines>...
        **pickle_load_args,
    )
  File "$HOME/.venv/lib/python3.13/site-packages/torch/serialization.py", line 2143, in _load
    result = unpickler.load()
  File "$HOME/.venv/lib/python3.13/site-packages/torch/serialization.py", line 2107, in persistent_load
    typed_storage = load_tensor(
        dtype, nbytes, key, _maybe_decode_ascii(location)
    )
  File "$HOME/.venv/lib/python3.13/site-packages/torch/serialization.py", line 2060, in load_tensor
    zip_file.get_storage_from_record(name, numel, torch.UntypedStorage)
    ~~~~~~~~~~~~~~~~~~~~~~~~~~~~~~~~^^^^^^^^^^^^^^^^^^^^^^^^^^^^^^^^^^^
RuntimeError: PytorchStreamReader failed reading file data/50: invalid header or archive is corrupted
number of parameters: 6.59M
number of parameters: 6.59M
number of parameters: 6.59M
seed 2 HE direct: pre=43.65 gain40=+0.0183 LE=0.994
number of parameters: 6.59M
number of parameters: 6.59M
number of parameters: 6.59M
seed 2 HE direct: pre=43.65 gain40=+0.0107 LE=0.675
number of parameters: 6.59M
number of parameters: 6.59M
number of parameters: 6.59M
seed 2 HE shufwrite: pre=43.56 gain40=+0.0086 LE=0.915
A1_DONE
