$HOME/Desktop/dla-v0.2/analysis/wfast_geom/audit_b3.py:140: UserWarning: Converting a tensor with requires_grad=True to a scalar may lead to unexpected behavior.
Consider using tensor.detach() first. (Triggered internally at /Users/runner/work/pytorch/pytorch/pytorch/torch/csrc/autograd/generated/python_variable_methods.cpp:837.)
  wmag = math.sqrt(sum(float((tv["consolidate_fast_direct"] * gs * s_["w_fast"]).pow(2).sum())
$HOME/Desktop/dla-v0.2/analysis/wfast_geom/audit_b3.py:140: UserWarning: Converting a tensor with requires_grad=True to a scalar may lead to unexpected behavior.
Consider using tensor.detach() first. (Triggered internally at /Users/runner/work/pytorch/pytorch/pytorch/torch/csrc/autograd/generated/python_variable_methods.cpp:837.)
  wmag = math.sqrt(sum(float((tv["consolidate_fast_direct"] * gs * s_["w_fast"]).pow(2).sum())
$HOME/.venv/lib/python3.13/site-packages/torch/autograd/graph.py:865: UserWarning: Using backward() with create_graph=True will create a reference cycle between the parameter and its gradient which can cause a memory leak. We recommend using autograd.grad when creating the graph to avoid this. If you have to use this function, make sure to reset the .grad fields of your parameters to None after use to break the cycle and avoid the leak. (Triggered internally at /Users/runner/work/pytorch/pytorch/pytorch/torch/csrc/autograd/engine.cpp:1306.)
  return Variable._execution_engine.run_backward(  # Calls into the C++ engine to run the backward pass
$HOME/.venv/lib/python3.13/site-packages/torch/autograd/graph.py:865: UserWarning: Using backward() with create_graph=True will create a reference cycle between the parameter and its gradient which can cause a memory leak. We recommend using autograd.grad when creating the graph to avoid this. If you have to use this function, make sure to reset the .grad fields of your parameters to None after use to break the cycle and avoid the leak. (Triggered internally at /Users/runner/work/pytorch/pytorch/pytorch/torch/csrc/autograd/engine.cpp:1306.)
  return Variable._execution_engine.run_backward(  # Calls into the C++ engine to run the backward pass
$HOME/Desktop/dla-v0.2/analysis/wfast_geom/audit_b3.py:140: UserWarning: Converting a tensor with requires_grad=True to a scalar may lead to unexpected behavior.
Consider using tensor.detach() first. (Triggered internally at /Users/runner/work/pytorch/pytorch/pytorch/torch/csrc/autograd/generated/python_variable_methods.cpp:837.)
  wmag = math.sqrt(sum(float((tv["consolidate_fast_direct"] * gs * s_["w_fast"]).pow(2).sum())
$HOME/Desktop/dla-v0.2/analysis/wfast_geom/audit_b3.py:140: UserWarning: Converting a tensor with requires_grad=True to a scalar may lead to unexpected behavior.
Consider using tensor.detach() first. (Triggered internally at /Users/runner/work/pytorch/pytorch/pytorch/torch/csrc/autograd/generated/python_variable_methods.cpp:837.)
  wmag = math.sqrt(sum(float((tv["consolidate_fast_direct"] * gs * s_["w_fast"]).pow(2).sum())
$HOME/.venv/lib/python3.13/site-packages/torch/autograd/graph.py:865: UserWarning: Using backward() with create_graph=True will create a reference cycle between the parameter and its gradient which can cause a memory leak. We recommend using autograd.grad when creating the graph to avoid this. If you have to use this function, make sure to reset the .grad fields of your parameters to None after use to break the cycle and avoid the leak. (Triggered internally at /Users/runner/work/pytorch/pytorch/pytorch/torch/csrc/autograd/engine.cpp:1306.)
  return Variable._execution_engine.run_backward(  # Calls into the C++ engine to run the backward pass
$HOME/.venv/lib/python3.13/site-packages/torch/autograd/graph.py:865: UserWarning: Using backward() with create_graph=True will create a reference cycle between the parameter and its gradient which can cause a memory leak. We recommend using autograd.grad when creating the graph to avoid this. If you have to use this function, make sure to reset the .grad fields of your parameters to None after use to break the cycle and avoid the leak. (Triggered internally at /Users/runner/work/pytorch/pytorch/pytorch/torch/csrc/autograd/engine.cpp:1306.)
  return Variable._execution_engine.run_backward(  # Calls into the C++ engine to run the backward pass
number of parameters: 6.59M
number of parameters: 6.59M
number of parameters: 6.59M
seed 0 HE shufwrite: pre=43.43 gain40=+0.0114 LE=0.615
number of parameters: 6.59M
number of parameters: 6.59M
number of parameters: 6.59M
seed 0 HE direct: pre=44.31 gain40=+0.0352 LE=0.905
number of parameters: 6.59M
number of parameters: 6.59M
number of parameters: 6.59M
seed 0 HE direct: pre=43.47 gain40=+0.0127 LE=0.700
number of parameters: 6.59M
number of parameters: 6.59M
number of parameters: 6.59M
seed 0 HE direct: pre=43.50 gain40=+0.0126 LE=0.606
$HOME/Desktop/dla-v0.2/analysis/wfast_geom/audit_b3.py:140: UserWarning: Converting a tensor with requires_grad=True to a scalar may lead to unexpected behavior.
Consider using tensor.detach() first. (Triggered internally at /Users/runner/work/pytorch/pytorch/pytorch/torch/csrc/autograd/generated/python_variable_methods.cpp:837.)
  wmag = math.sqrt(sum(float((tv["consolidate_fast_direct"] * gs * s_["w_fast"]).pow(2).sum())
$HOME/.venv/lib/python3.13/site-packages/torch/autograd/graph.py:865: UserWarning: Using backward() with create_graph=True will create a reference cycle between the parameter and its gradient which can cause a memory leak. We recommend using autograd.grad when creating the graph to avoid this. If you have to use this function, make sure to reset the .grad fields of your parameters to None after use to break the cycle and avoid the leak. (Triggered internally at /Users/runner/work/pytorch/pytorch/pytorch/torch/csrc/autograd/engine.cpp:1306.)
  return Variable._execution_engine.run_backward(  # Calls into the C++ engine to run the backward pass
$HOME/Desktop/dla-v0.2/analysis/wfast_geom/audit_b3.py:140: UserWarning: Converting a tensor with requires_grad=True to a scalar may lead to unexpected behavior.
Consider using tensor.detach() first. (Triggered internally at /Users/runner/work/pytorch/pytorch/pytorch/torch/csrc/autograd/generated/python_variable_methods.cpp:837.)
  wmag = math.sqrt(sum(float((tv["consolidate_fast_direct"] * gs * s_["w_fast"]).pow(2).sum())
$HOME/Desktop/dla-v0.2/analysis/wfast_geom/audit_b3.py:140: UserWarning: Converting a tensor with requires_grad=True to a scalar may lead to unexpected behavior.
Consider using tensor.detach() first. (Triggered internally at /Users/runner/work/pytorch/pytorch/pytorch/torch/csrc/autograd/generated/python_variable_methods.cpp:837.)
  wmag = math.sqrt(sum(float((tv["consolidate_fast_direct"] * gs * s_["w_fast"]).pow(2).sum())
$HOME/.venv/lib/python3.13/site-packages/torch/autograd/graph.py:865: UserWarning: Using backward() with create_graph=True will create a reference cycle between the parameter and its gradient which can cause a memory leak. We recommend using autograd.grad when creating the graph to avoid this. If you have to use this function, make sure to reset the .grad fields of your parameters to None after use to break the cycle and avoid the leak. (Triggered internally at /Users/runner/work/pytorch/pytorch/pytorch/torch/csrc/autograd/engine.cpp:1306.)
  return Variable._execution_engine.run_backward(  # Calls into the C++ engine to run the backward pass
$HOME/.venv/lib/python3.13/site-packages/torch/autograd/graph.py:865: UserWarning: Using backward() with create_graph=True will create a reference cycle between the parameter and its gradient which can cause a memory leak. We recommend using autograd.grad when creating the graph to avoid this. If you have to use this function, make sure to reset the .grad fields of your parameters to None after use to break the cycle and avoid the leak. (Triggered internally at /Users/runner/work/pytorch/pytorch/pytorch/torch/csrc/autograd/engine.cpp:1306.)
  return Variable._execution_engine.run_backward(  # Calls into the C++ engine to run the backward pass
$HOME/Desktop/dla-v0.2/analysis/wfast_geom/audit_b3.py:140: UserWarning: Converting a tensor with requires_grad=True to a scalar may lead to unexpected behavior.
Consider using tensor.detach() first. (Triggered internally at /Users/runner/work/pytorch/pytorch/pytorch/torch/csrc/autograd/generated/python_variable_methods.cpp:837.)
  wmag = math.sqrt(sum(float((tv["consolidate_fast_direct"] * gs * s_["w_fast"]).pow(2).sum())
$HOME/.venv/lib/python3.13/site-packages/torch/autograd/graph.py:865: UserWarning: Using backward() with create_graph=True will create a reference cycle between the parameter and its gradient which can cause a memory leak. We recommend using autograd.grad when creating the graph to avoid this. If you have to use this function, make sure to reset the .grad fields of your parameters to None after use to break the cycle and avoid the leak. (Triggered internally at /Users/runner/work/pytorch/pytorch/pytorch/torch/csrc/autograd/engine.cpp:1306.)
  return Variable._execution_engine.run_backward(  # Calls into the C++ engine to run the backward pass
number of parameters: 6.59M
number of parameters: 6.59M
number of parameters: 6.59M
seed 1 HE direct: pre=45.14 gain40=+0.0101 LE=0.780
number of parameters: 6.59M
number of parameters: 6.59M
number of parameters: 6.59M
seed 1 HE direct: pre=45.34 gain40=+0.0103 LE=0.685
number of parameters: 6.59M
number of parameters: 6.59M
number of parameters: 6.59M
seed 0 HE shufwrite: pre=43.36 gain40=+0.0108 LE=0.658
number of parameters: 6.59M
number of parameters: 6.59M
number of parameters: 6.59M
seed 0 HE shufwrite: pre=43.47 gain40=+0.0139 LE=0.661
$HOME/Desktop/dla-v0.2/analysis/wfast_geom/audit_b3.py:140: UserWarning: Converting a tensor with requires_grad=True to a scalar may lead to unexpected behavior.
Consider using tensor.detach() first. (Triggered internally at /Users/runner/work/pytorch/pytorch/pytorch/torch/csrc/autograd/generated/python_variable_methods.cpp:837.)
  wmag = math.sqrt(sum(float((tv["consolidate_fast_direct"] * gs * s_["w_fast"]).pow(2).sum())
$HOME/Desktop/dla-v0.2/analysis/wfast_geom/audit_b3.py:140: UserWarning: Converting a tensor with requires_grad=True to a scalar may lead to unexpected behavior.
Consider using tensor.detach() first. (Triggered internally at /Users/runner/work/pytorch/pytorch/pytorch/torch/csrc/autograd/generated/python_variable_methods.cpp:837.)
  wmag = math.sqrt(sum(float((tv["consolidate_fast_direct"] * gs * s_["w_fast"]).pow(2).sum())
$HOME/.venv/lib/python3.13/site-packages/torch/autograd/graph.py:865: UserWarning: Using backward() with create_graph=True will create a reference cycle between the parameter and its gradient which can cause a memory leak. We recommend using autograd.grad when creating the graph to avoid this. If you have to use this function, make sure to reset the .grad fields of your parameters to None after use to break the cycle and avoid the leak. (Triggered internally at /Users/runner/work/pytorch/pytorch/pytorch/torch/csrc/autograd/engine.cpp:1306.)
  return Variable._execution_engine.run_backward(  # Calls into the C++ engine to run the backward pass
$HOME/.venv/lib/python3.13/site-packages/torch/autograd/graph.py:865: UserWarning: Using backward() with create_graph=True will create a reference cycle between the parameter and its gradient which can cause a memory leak. We recommend using autograd.grad when creating the graph to avoid this. If you have to use this function, make sure to reset the .grad fields of your parameters to None after use to break the cycle and avoid the leak. (Triggered internally at /Users/runner/work/pytorch/pytorch/pytorch/torch/csrc/autograd/engine.cpp:1306.)
  return Variable._execution_engine.run_backward(  # Calls into the C++ engine to run the backward pass
$HOME/Desktop/dla-v0.2/analysis/wfast_geom/audit_b3.py:140: UserWarning: Converting a tensor with requires_grad=True to a scalar may lead to unexpected behavior.
Consider using tensor.detach() first. (Triggered internally at /Users/runner/work/pytorch/pytorch/pytorch/torch/csrc/autograd/generated/python_variable_methods.cpp:837.)
  wmag = math.sqrt(sum(float((tv["consolidate_fast_direct"] * gs * s_["w_fast"]).pow(2).sum())
$HOME/Desktop/dla-v0.2/analysis/wfast_geom/audit_b3.py:140: UserWarning: Converting a tensor with requires_grad=True to a scalar may lead to unexpected behavior.
Consider using tensor.detach() first. (Triggered internally at /Users/runner/work/pytorch/pytorch/pytorch/torch/csrc/autograd/generated/python_variable_methods.cpp:837.)
  wmag = math.sqrt(sum(float((tv["consolidate_fast_direct"] * gs * s_["w_fast"]).pow(2).sum())
$HOME/.venv/lib/python3.13/site-packages/torch/autograd/graph.py:865: UserWarning: Using backward() with create_graph=True will create a reference cycle between the parameter and its gradient which can cause a memory leak. We recommend using autograd.grad when creating the graph to avoid this. If you have to use this function, make sure to reset the .grad fields of your parameters to None after use to break the cycle and avoid the leak. (Triggered internally at /Users/runner/work/pytorch/pytorch/pytorch/torch/csrc/autograd/engine.cpp:1306.)
  return Variable._execution_engine.run_backward(  # Calls into the C++ engine to run the backward pass
$HOME/.venv/lib/python3.13/site-packages/torch/autograd/graph.py:865: UserWarning: Using backward() with create_graph=True will create a reference cycle between the parameter and its gradient which can cause a memory leak. We recommend using autograd.grad when creating the graph to avoid this. If you have to use this function, make sure to reset the .grad fields of your parameters to None after use to break the cycle and avoid the leak. (Triggered internally at /Users/runner/work/pytorch/pytorch/pytorch/torch/csrc/autograd/engine.cpp:1306.)
  return Variable._execution_engine.run_backward(  # Calls into the C++ engine to run the backward pass
number of parameters: 6.59M
number of parameters: 6.59M
number of parameters: 6.59M
seed 1 HE shufwrite: pre=45.16 gain40=+0.0091 LE=0.779
number of parameters: 6.59M
number of parameters: 6.59M
number of parameters: 6.59M
seed 1 HE shufwrite: pre=45.18 gain40=+0.0074 LE=0.710
number of parameters: 6.59M
number of parameters: 6.59M
number of parameters: 6.59M
seed 1 HE direct: pre=45.85 gain40=+0.0217 LE=0.771
number of parameters: 6.59M
number of parameters: 6.59M
number of parameters: 6.59M
seed 1 HE shufwrite: pre=45.07 gain40=+0.0086 LE=1.000
$HOME/Desktop/dla-v0.2/analysis/wfast_geom/audit_b3.py:140: UserWarning: Converting a tensor with requires_grad=True to a scalar may lead to unexpected behavior.
Consider using tensor.detach() first. (Triggered internally at /Users/runner/work/pytorch/pytorch/pytorch/torch/csrc/autograd/generated/python_variable_methods.cpp:837.)
  wmag = math.sqrt(sum(float((tv["consolidate_fast_direct"] * gs * s_["w_fast"]).pow(2).sum())
$HOME/Desktop/dla-v0.2/analysis/wfast_geom/audit_b3.py:140: UserWarning: Converting a tensor with requires_grad=True to a scalar may lead to unexpected behavior.
Consider using tensor.detach() first. (Triggered internally at /Users/runner/work/pytorch/pytorch/pytorch/torch/csrc/autograd/generated/python_variable_methods.cpp:837.)
  wmag = math.sqrt(sum(float((tv["consolidate_fast_direct"] * gs * s_["w_fast"]).pow(2).sum())
$HOME/.venv/lib/python3.13/site-packages/torch/autograd/graph.py:865: UserWarning: Using backward() with create_graph=True will create a reference cycle between the parameter and its gradient which can cause a memory leak. We recommend using autograd.grad when creating the graph to avoid this. If you have to use this function, make sure to reset the .grad fields of your parameters to None after use to break the cycle and avoid the leak. (Triggered internally at /Users/runner/work/pytorch/pytorch/pytorch/torch/csrc/autograd/engine.cpp:1306.)
  return Variable._execution_engine.run_backward(  # Calls into the C++ engine to run the backward pass
$HOME/.venv/lib/python3.13/site-packages/torch/autograd/graph.py:865: UserWarning: Using backward() with create_graph=True will create a reference cycle between the parameter and its gradient which can cause a memory leak. We recommend using autograd.grad when creating the graph to avoid this. If you have to use this function, make sure to reset the .grad fields of your parameters to None after use to break the cycle and avoid the leak. (Triggered internally at /Users/runner/work/pytorch/pytorch/pytorch/torch/csrc/autograd/engine.cpp:1306.)
  return Variable._execution_engine.run_backward(  # Calls into the C++ engine to run the backward pass
$HOME/Desktop/dla-v0.2/analysis/wfast_geom/audit_b3.py:140: UserWarning: Converting a tensor with requires_grad=True to a scalar may lead to unexpected behavior.
Consider using tensor.detach() first. (Triggered internally at /Users/runner/work/pytorch/pytorch/pytorch/torch/csrc/autograd/generated/python_variable_methods.cpp:837.)
  wmag = math.sqrt(sum(float((tv["consolidate_fast_direct"] * gs * s_["w_fast"]).pow(2).sum())
$HOME/Desktop/dla-v0.2/analysis/wfast_geom/audit_b3.py:140: UserWarning: Converting a tensor with requires_grad=True to a scalar may lead to unexpected behavior.
Consider using tensor.detach() first. (Triggered internally at /Users/runner/work/pytorch/pytorch/pytorch/torch/csrc/autograd/generated/python_variable_methods.cpp:837.)
  wmag = math.sqrt(sum(float((tv["consolidate_fast_direct"] * gs * s_["w_fast"]).pow(2).sum())
$HOME/.venv/lib/python3.13/site-packages/torch/autograd/graph.py:865: UserWarning: Using backward() with create_graph=True will create a reference cycle between the parameter and its gradient which can cause a memory leak. We recommend using autograd.grad when creating the graph to avoid this. If you have to use this function, make sure to reset the .grad fields of your parameters to None after use to break the cycle and avoid the leak. (Triggered internally at /Users/runner/work/pytorch/pytorch/pytorch/torch/csrc/autograd/engine.cpp:1306.)
  return Variable._execution_engine.run_backward(  # Calls into the C++ engine to run the backward pass
$HOME/.venv/lib/python3.13/site-packages/torch/autograd/graph.py:865: UserWarning: Using backward() with create_graph=True will create a reference cycle between the parameter and its gradient which can cause a memory leak. We recommend using autograd.grad when creating the graph to avoid this. If you have to use this function, make sure to reset the .grad fields of your parameters to None after use to break the cycle and avoid the leak. (Triggered internally at /Users/runner/work/pytorch/pytorch/pytorch/torch/csrc/autograd/engine.cpp:1306.)
  return Variable._execution_engine.run_backward(  # Calls into the C++ engine to run the backward pass
number of parameters: 6.59M
number of parameters: 6.59M
number of parameters: 6.59M
seed 2 HE direct: pre=43.75 gain40=+0.0142 LE=0.925
number of parameters: 6.59M
number of parameters: 6.59M
number of parameters: 6.59M
seed 2 HE direct: pre=43.63 gain40=+0.0128 LE=0.969
number of parameters: 6.59M
number of parameters: 6.59M
number of parameters: 6.59M
seed 2 HE direct: pre=44.17 gain40=+0.0245 LE=0.864
number of parameters: 6.59M
number of parameters: 6.59M
number of parameters: 6.59M
seed 2 HE shufwrite: pre=43.55 gain40=+0.0089 LE=1.000
$HOME/Desktop/dla-v0.2/analysis/wfast_geom/audit_b3.py:140: UserWarning: Converting a tensor with requires_grad=True to a scalar may lead to unexpected behavior.
Consider using tensor.detach() first. (Triggered internally at /Users/runner/work/pytorch/pytorch/pytorch/torch/csrc/autograd/generated/python_variable_methods.cpp:837.)
  wmag = math.sqrt(sum(float((tv["consolidate_fast_direct"] * gs * s_["w_fast"]).pow(2).sum())
$HOME/.venv/lib/python3.13/site-packages/torch/autograd/graph.py:865: UserWarning: Using backward() with create_graph=True will create a reference cycle between the parameter and its gradient which can cause a memory leak. We recommend using autograd.grad when creating the graph to avoid this. If you have to use this function, make sure to reset the .grad fields of your parameters to None after use to break the cycle and avoid the leak. (Triggered internally at /Users/runner/work/pytorch/pytorch/pytorch/torch/csrc/autograd/engine.cpp:1306.)
  return Variable._execution_engine.run_backward(  # Calls into the C++ engine to run the backward pass
$HOME/Desktop/dla-v0.2/analysis/wfast_geom/audit_b3.py:140: UserWarning: Converting a tensor with requires_grad=True to a scalar may lead to unexpected behavior.
Consider using tensor.detach() first. (Triggered internally at /Users/runner/work/pytorch/pytorch/pytorch/torch/csrc/autograd/generated/python_variable_methods.cpp:837.)
  wmag = math.sqrt(sum(float((tv["consolidate_fast_direct"] * gs * s_["w_fast"]).pow(2).sum())
$HOME/.venv/lib/python3.13/site-packages/torch/autograd/graph.py:865: UserWarning: Using backward() with create_graph=True will create a reference cycle between the parameter and its gradient which can cause a memory leak. We recommend using autograd.grad when creating the graph to avoid this. If you have to use this function, make sure to reset the .grad fields of your parameters to None after use to break the cycle and avoid the leak. (Triggered internally at /Users/runner/work/pytorch/pytorch/pytorch/torch/csrc/autograd/engine.cpp:1306.)
  return Variable._execution_engine.run_backward(  # Calls into the C++ engine to run the backward pass
number of parameters: 6.59M
number of parameters: 6.59M
number of parameters: 6.59M
seed 2 HE shufwrite: pre=43.60 gain40=+0.0098 LE=0.901
number of parameters: 6.59M
number of parameters: 6.59M
number of parameters: 6.59M
seed 2 HE shufwrite: pre=43.56 gain40=+0.0077 LE=0.697
A1V3_DONE
