$HOME/Desktop/dla-v0.2/analysis/wfast_geom/audit_b3.py:141: UserWarning: Converting a tensor with requires_grad=True to a scalar may lead to unexpected behavior.
Consider using tensor.detach() first. (Triggered internally at /Users/runner/work/pytorch/pytorch/pytorch/torch/csrc/autograd/generated/python_variable_methods.cpp:837.)
  wmag = math.sqrt(sum(float((tv["consolidate_fast_direct"] * gs * s_["w_fast"]).pow(2).sum())
$HOME/.venv/lib/python3.13/site-packages/torch/autograd/graph.py:865: UserWarning: Using backward() with create_graph=True will create a reference cycle between the parameter and its gradient which can cause a memory leak. We recommend using autograd.grad when creating the graph to avoid this. If you have to use this function, make sure to reset the .grad fields of your parameters to None after use to break the cycle and avoid the leak. (Triggered internally at /Users/runner/work/pytorch/pytorch/pytorch/torch/csrc/autograd/engine.cpp:1306.)
  return Variable._execution_engine.run_backward(  # Calls into the C++ engine to run the backward pass
$HOME/Desktop/dla-v0.2/analysis/wfast_geom/audit_b3.py:141: UserWarning: Converting a tensor with requires_grad=True to a scalar may lead to unexpected behavior.
Consider using tensor.detach() first. (Triggered internally at /Users/runner/work/pytorch/pytorch/pytorch/torch/csrc/autograd/generated/python_variable_methods.cpp:837.)
  wmag = math.sqrt(sum(float((tv["consolidate_fast_direct"] * gs * s_["w_fast"]).pow(2).sum())
$HOME/Desktop/dla-v0.2/analysis/wfast_geom/audit_b3.py:141: UserWarning: Converting a tensor with requires_grad=True to a scalar may lead to unexpected behavior.
Consider using tensor.detach() first. (Triggered internally at /Users/runner/work/pytorch/pytorch/pytorch/torch/csrc/autograd/generated/python_variable_methods.cpp:837.)
  wmag = math.sqrt(sum(float((tv["consolidate_fast_direct"] * gs * s_["w_fast"]).pow(2).sum())
$HOME/Desktop/dla-v0.2/analysis/wfast_geom/audit_b3.py:141: UserWarning: Converting a tensor with requires_grad=True to a scalar may lead to unexpected behavior.
Consider using tensor.detach() first. (Triggered internally at /Users/runner/work/pytorch/pytorch/pytorch/torch/csrc/autograd/generated/python_variable_methods.cpp:837.)
  wmag = math.sqrt(sum(float((tv["consolidate_fast_direct"] * gs * s_["w_fast"]).pow(2).sum())
$HOME/.venv/lib/python3.13/site-packages/torch/autograd/graph.py:865: UserWarning: Using backward() with create_graph=True will create a reference cycle between the parameter and its gradient which can cause a memory leak. We recommend using autograd.grad when creating the graph to avoid this. If you have to use this function, make sure to reset the .grad fields of your parameters to None after use to break the cycle and avoid the leak. (Triggered internally at /Users/runner/work/pytorch/pytorch/pytorch/torch/csrc/autograd/engine.cpp:1306.)
  return Variable._execution_engine.run_backward(  # Calls into the C++ engine to run the backward pass
$HOME/.venv/lib/python3.13/site-packages/torch/autograd/graph.py:865: UserWarning: Using backward() with create_graph=True will create a reference cycle between the parameter and its gradient which can cause a memory leak. We recommend using autograd.grad when creating the graph to avoid this. If you have to use this function, make sure to reset the .grad fields of your parameters to None after use to break the cycle and avoid the leak. (Triggered internally at /Users/runner/work/pytorch/pytorch/pytorch/torch/csrc/autograd/engine.cpp:1306.)
  return Variable._execution_engine.run_backward(  # Calls into the C++ engine to run the backward pass
$HOME/.venv/lib/python3.13/site-packages/torch/autograd/graph.py:865: UserWarning: Using backward() with create_graph=True will create a reference cycle between the parameter and its gradient which can cause a memory leak. We recommend using autograd.grad when creating the graph to avoid this. If you have to use this function, make sure to reset the .grad fields of your parameters to None after use to break the cycle and avoid the leak. (Triggered internally at /Users/runner/work/pytorch/pytorch/pytorch/torch/csrc/autograd/engine.cpp:1306.)
  return Variable._execution_engine.run_backward(  # Calls into the C++ engine to run the backward pass
number of parameters: 6.59M
number of parameters: 6.59M
number of parameters: 6.59M
seed 3 HE shufwrite: pre=41.28 gain40=+0.0065 LE=0.830
number of parameters: 6.59M
number of parameters: 6.59M
number of parameters: 6.59M
seed 4 HE direct: pre=43.07 gain40=-0.0038 LE=0.000
number of parameters: 6.59M
number of parameters: 6.59M
number of parameters: 6.59M
seed 4 HE shufwrite: pre=43.03 gain40=-0.0126 LE=0.000
number of parameters: 6.59M
number of parameters: 6.59M
number of parameters: 6.59M
seed 3 HE direct: pre=41.39 gain40=+0.0101 LE=0.727
$HOME/Desktop/dla-v0.2/analysis/wfast_geom/audit_b3.py:141: UserWarning: Converting a tensor with requires_grad=True to a scalar may lead to unexpected behavior.
Consider using tensor.detach() first. (Triggered internally at /Users/runner/work/pytorch/pytorch/pytorch/torch/csrc/autograd/generated/python_variable_methods.cpp:837.)
  wmag = math.sqrt(sum(float((tv["consolidate_fast_direct"] * gs * s_["w_fast"]).pow(2).sum())
$HOME/.venv/lib/python3.13/site-packages/torch/autograd/graph.py:865: UserWarning: Using backward() with create_graph=True will create a reference cycle between the parameter and its gradient which can cause a memory leak. We recommend using autograd.grad when creating the graph to avoid this. If you have to use this function, make sure to reset the .grad fields of your parameters to None after use to break the cycle and avoid the leak. (Triggered internally at /Users/runner/work/pytorch/pytorch/pytorch/torch/csrc/autograd/engine.cpp:1306.)
  return Variable._execution_engine.run_backward(  # Calls into the C++ engine to run the backward pass
$HOME/Desktop/dla-v0.2/analysis/wfast_geom/audit_b3.py:141: UserWarning: Converting a tensor with requires_grad=True to a scalar may lead to unexpected behavior.
Consider using tensor.detach() first. (Triggered internally at /Users/runner/work/pytorch/pytorch/pytorch/torch/csrc/autograd/generated/python_variable_methods.cpp:837.)
  wmag = math.sqrt(sum(float((tv["consolidate_fast_direct"] * gs * s_["w_fast"]).pow(2).sum())
$HOME/.venv/lib/python3.13/site-packages/torch/autograd/graph.py:865: UserWarning: Using backward() with create_graph=True will create a reference cycle between the parameter and its gradient which can cause a memory leak. We recommend using autograd.grad when creating the graph to avoid this. If you have to use this function, make sure to reset the .grad fields of your parameters to None after use to break the cycle and avoid the leak. (Triggered internally at /Users/runner/work/pytorch/pytorch/pytorch/torch/csrc/autograd/engine.cpp:1306.)
  return Variable._execution_engine.run_backward(  # Calls into the C++ engine to run the backward pass
$HOME/Desktop/dla-v0.2/analysis/wfast_geom/audit_b3.py:141: UserWarning: Converting a tensor with requires_grad=True to a scalar may lead to unexpected behavior.
Consider using tensor.detach() first. (Triggered internally at /Users/runner/work/pytorch/pytorch/pytorch/torch/csrc/autograd/generated/python_variable_methods.cpp:837.)
  wmag = math.sqrt(sum(float((tv["consolidate_fast_direct"] * gs * s_["w_fast"]).pow(2).sum())
$HOME/.venv/lib/python3.13/site-packages/torch/autograd/graph.py:865: UserWarning: Using backward() with create_graph=True will create a reference cycle between the parameter and its gradient which can cause a memory leak. We recommend using autograd.grad when creating the graph to avoid this. If you have to use this function, make sure to reset the .grad fields of your parameters to None after use to break the cycle and avoid the leak. (Triggered internally at /Users/runner/work/pytorch/pytorch/pytorch/torch/csrc/autograd/engine.cpp:1306.)
  return Variable._execution_engine.run_backward(  # Calls into the C++ engine to run the backward pass
$HOME/Desktop/dla-v0.2/analysis/wfast_geom/audit_b3.py:141: UserWarning: Converting a tensor with requires_grad=True to a scalar may lead to unexpected behavior.
Consider using tensor.detach() first. (Triggered internally at /Users/runner/work/pytorch/pytorch/pytorch/torch/csrc/autograd/generated/python_variable_methods.cpp:837.)
  wmag = math.sqrt(sum(float((tv["consolidate_fast_direct"] * gs * s_["w_fast"]).pow(2).sum())
$HOME/.venv/lib/python3.13/site-packages/torch/autograd/graph.py:865: UserWarning: Using backward() with create_graph=True will create a reference cycle between the parameter and its gradient which can cause a memory leak. We recommend using autograd.grad when creating the graph to avoid this. If you have to use this function, make sure to reset the .grad fields of your parameters to None after use to break the cycle and avoid the leak. (Triggered internally at /Users/runner/work/pytorch/pytorch/pytorch/torch/csrc/autograd/engine.cpp:1306.)
  return Variable._execution_engine.run_backward(  # Calls into the C++ engine to run the backward pass
number of parameters: 6.59M
number of parameters: 6.59M
number of parameters: 6.59M
seed 5 HE direct: pre=36.26 gain40=-0.0138 LE=0.000
number of parameters: 6.59M
number of parameters: 6.59M
number of parameters: 6.59M
seed 5 HE shufwrite: pre=36.41 gain40=-0.0103 LE=0.000
number of parameters: 6.59M
number of parameters: 6.59M
number of parameters: 6.59M
seed 6 HE direct: pre=40.96 gain40=-0.0069 LE=0.000
number of parameters: 6.59M
number of parameters: 6.59M
number of parameters: 6.59M
seed 6 HE shufwrite: pre=41.72 gain40=-0.0026 LE=0.000
$HOME/Desktop/dla-v0.2/analysis/wfast_geom/audit_b3.py:141: UserWarning: Converting a tensor with requires_grad=True to a scalar may lead to unexpected behavior.
Consider using tensor.detach() first. (Triggered internally at /Users/runner/work/pytorch/pytorch/pytorch/torch/csrc/autograd/generated/python_variable_methods.cpp:837.)
  wmag = math.sqrt(sum(float((tv["consolidate_fast_direct"] * gs * s_["w_fast"]).pow(2).sum())
$HOME/.venv/lib/python3.13/site-packages/torch/autograd/graph.py:865: UserWarning: Using backward() with create_graph=True will create a reference cycle between the parameter and its gradient which can cause a memory leak. We recommend using autograd.grad when creating the graph to avoid this. If you have to use this function, make sure to reset the .grad fields of your parameters to None after use to break the cycle and avoid the leak. (Triggered internally at /Users/runner/work/pytorch/pytorch/pytorch/torch/csrc/autograd/engine.cpp:1306.)
  return Variable._execution_engine.run_backward(  # Calls into the C++ engine to run the backward pass
$HOME/Desktop/dla-v0.2/analysis/wfast_geom/audit_b3.py:141: UserWarning: Converting a tensor with requires_grad=True to a scalar may lead to unexpected behavior.
Consider using tensor.detach() first. (Triggered internally at /Users/runner/work/pytorch/pytorch/pytorch/torch/csrc/autograd/generated/python_variable_methods.cpp:837.)
  wmag = math.sqrt(sum(float((tv["consolidate_fast_direct"] * gs * s_["w_fast"]).pow(2).sum())
$HOME/.venv/lib/python3.13/site-packages/torch/autograd/graph.py:865: UserWarning: Using backward() with create_graph=True will create a reference cycle between the parameter and its gradient which can cause a memory leak. We recommend using autograd.grad when creating the graph to avoid this. If you have to use this function, make sure to reset the .grad fields of your parameters to None after use to break the cycle and avoid the leak. (Triggered internally at /Users/runner/work/pytorch/pytorch/pytorch/torch/csrc/autograd/engine.cpp:1306.)
  return Variable._execution_engine.run_backward(  # Calls into the C++ engine to run the backward pass
$HOME/Desktop/dla-v0.2/analysis/wfast_geom/audit_b3.py:141: UserWarning: Converting a tensor with requires_grad=True to a scalar may lead to unexpected behavior.
Consider using tensor.detach() first. (Triggered internally at /Users/runner/work/pytorch/pytorch/pytorch/torch/csrc/autograd/generated/python_variable_methods.cpp:837.)
  wmag = math.sqrt(sum(float((tv["consolidate_fast_direct"] * gs * s_["w_fast"]).pow(2).sum())
$HOME/.venv/lib/python3.13/site-packages/torch/autograd/graph.py:865: UserWarning: Using backward() with create_graph=True will create a reference cycle between the parameter and its gradient which can cause a memory leak. We recommend using autograd.grad when creating the graph to avoid this. If you have to use this function, make sure to reset the .grad fields of your parameters to None after use to break the cycle and avoid the leak. (Triggered internally at /Users/runner/work/pytorch/pytorch/pytorch/torch/csrc/autograd/engine.cpp:1306.)
  return Variable._execution_engine.run_backward(  # Calls into the C++ engine to run the backward pass
$HOME/Desktop/dla-v0.2/analysis/wfast_geom/audit_b3.py:141: UserWarning: Converting a tensor with requires_grad=True to a scalar may lead to unexpected behavior.
Consider using tensor.detach() first. (Triggered internally at /Users/runner/work/pytorch/pytorch/pytorch/torch/csrc/autograd/generated/python_variable_methods.cpp:837.)
  wmag = math.sqrt(sum(float((tv["consolidate_fast_direct"] * gs * s_["w_fast"]).pow(2).sum())
$HOME/.venv/lib/python3.13/site-packages/torch/autograd/graph.py:865: UserWarning: Using backward() with create_graph=True will create a reference cycle between the parameter and its gradient which can cause a memory leak. We recommend using autograd.grad when creating the graph to avoid this. If you have to use this function, make sure to reset the .grad fields of your parameters to None after use to break the cycle and avoid the leak. (Triggered internally at /Users/runner/work/pytorch/pytorch/pytorch/torch/csrc/autograd/engine.cpp:1306.)
  return Variable._execution_engine.run_backward(  # Calls into the C++ engine to run the backward pass
number of parameters: 6.59M
number of parameters: 6.59M
number of parameters: 6.59M
seed 7 HE direct: pre=38.55 gain40=+0.0044 LE=0.799
number of parameters: 6.59M
number of parameters: 6.59M
number of parameters: 6.59M
seed 7 HE shufwrite: pre=38.49 gain40=-0.0032 LE=0.000
number of parameters: 6.59M
number of parameters: 6.59M
number of parameters: 6.59M
seed 8 HE direct: pre=39.04 gain40=-0.0036 LE=0.000
number of parameters: 6.59M
number of parameters: 6.59M
number of parameters: 6.59M
seed 8 HE shufwrite: pre=38.99 gain40=-0.0026 LE=0.000
$HOME/Desktop/dla-v0.2/analysis/wfast_geom/audit_b3.py:141: UserWarning: Converting a tensor with requires_grad=True to a scalar may lead to unexpected behavior.
Consider using tensor.detach() first. (Triggered internally at /Users/runner/work/pytorch/pytorch/pytorch/torch/csrc/autograd/generated/python_variable_methods.cpp:837.)
  wmag = math.sqrt(sum(float((tv["consolidate_fast_direct"] * gs * s_["w_fast"]).pow(2).sum())
$HOME/.venv/lib/python3.13/site-packages/torch/autograd/graph.py:865: UserWarning: Using backward() with create_graph=True will create a reference cycle between the parameter and its gradient which can cause a memory leak. We recommend using autograd.grad when creating the graph to avoid this. If you have to use this function, make sure to reset the .grad fields of your parameters to None after use to break the cycle and avoid the leak. (Triggered internally at /Users/runner/work/pytorch/pytorch/pytorch/torch/csrc/autograd/engine.cpp:1306.)
  return Variable._execution_engine.run_backward(  # Calls into the C++ engine to run the backward pass
$HOME/Desktop/dla-v0.2/analysis/wfast_geom/audit_b3.py:141: UserWarning: Converting a tensor with requires_grad=True to a scalar may lead to unexpected behavior.
Consider using tensor.detach() first. (Triggered internally at /Users/runner/work/pytorch/pytorch/pytorch/torch/csrc/autograd/generated/python_variable_methods.cpp:837.)
  wmag = math.sqrt(sum(float((tv["consolidate_fast_direct"] * gs * s_["w_fast"]).pow(2).sum())
$HOME/.venv/lib/python3.13/site-packages/torch/autograd/graph.py:865: UserWarning: Using backward() with create_graph=True will create a reference cycle between the parameter and its gradient which can cause a memory leak. We recommend using autograd.grad when creating the graph to avoid this. If you have to use this function, make sure to reset the .grad fields of your parameters to None after use to break the cycle and avoid the leak. (Triggered internally at /Users/runner/work/pytorch/pytorch/pytorch/torch/csrc/autograd/engine.cpp:1306.)
  return Variable._execution_engine.run_backward(  # Calls into the C++ engine to run the backward pass
$HOME/Desktop/dla-v0.2/analysis/wfast_geom/audit_b3.py:141: UserWarning: Converting a tensor with requires_grad=True to a scalar may lead to unexpected behavior.
Consider using tensor.detach() first. (Triggered internally at /Users/runner/work/pytorch/pytorch/pytorch/torch/csrc/autograd/generated/python_variable_methods.cpp:837.)
  wmag = math.sqrt(sum(float((tv["consolidate_fast_direct"] * gs * s_["w_fast"]).pow(2).sum())
$HOME/.venv/lib/python3.13/site-packages/torch/autograd/graph.py:865: UserWarning: Using backward() with create_graph=True will create a reference cycle between the parameter and its gradient which can cause a memory leak. We recommend using autograd.grad when creating the graph to avoid this. If you have to use this function, make sure to reset the .grad fields of your parameters to None after use to break the cycle and avoid the leak. (Triggered internally at /Users/runner/work/pytorch/pytorch/pytorch/torch/csrc/autograd/engine.cpp:1306.)
  return Variable._execution_engine.run_backward(  # Calls into the C++ engine to run the backward pass
$HOME/Desktop/dla-v0.2/analysis/wfast_geom/audit_b3.py:141: UserWarning: Converting a tensor with requires_grad=True to a scalar may lead to unexpected behavior.
Consider using tensor.detach() first. (Triggered internally at /Users/runner/work/pytorch/pytorch/pytorch/torch/csrc/autograd/generated/python_variable_methods.cpp:837.)
  wmag = math.sqrt(sum(float((tv["consolidate_fast_direct"] * gs * s_["w_fast"]).pow(2).sum())
$HOME/.venv/lib/python3.13/site-packages/torch/autograd/graph.py:865: UserWarning: Using backward() with create_graph=True will create a reference cycle between the parameter and its gradient which can cause a memory leak. We recommend using autograd.grad when creating the graph to avoid this. If you have to use this function, make sure to reset the .grad fields of your parameters to None after use to break the cycle and avoid the leak. (Triggered internally at /Users/runner/work/pytorch/pytorch/pytorch/torch/csrc/autograd/engine.cpp:1306.)
  return Variable._execution_engine.run_backward(  # Calls into the C++ engine to run the backward pass
number of parameters: 6.59M
number of parameters: 6.59M
number of parameters: 6.59M
seed 9 HE direct: pre=42.65 gain40=+0.0301 LE=0.972
number of parameters: 6.59M
number of parameters: 6.59M
number of parameters: 6.59M
seed 9 HE shufwrite: pre=42.23 gain40=+0.0200 LE=0.963
number of parameters: 6.59M
number of parameters: 6.59M
number of parameters: 6.59M
seed 10 HE direct: pre=42.98 gain40=+0.0118 LE=0.891
number of parameters: 6.59M
number of parameters: 6.59M
number of parameters: 6.59M
seed 10 HE shufwrite: pre=42.85 gain40=+0.0102 LE=0.944
$HOME/Desktop/dla-v0.2/analysis/wfast_geom/audit_b3.py:141: UserWarning: Converting a tensor with requires_grad=True to a scalar may lead to unexpected behavior.
Consider using tensor.detach() first. (Triggered internally at /Users/runner/work/pytorch/pytorch/pytorch/torch/csrc/autograd/generated/python_variable_methods.cpp:837.)
  wmag = math.sqrt(sum(float((tv["consolidate_fast_direct"] * gs * s_["w_fast"]).pow(2).sum())
$HOME/.venv/lib/python3.13/site-packages/torch/autograd/graph.py:865: UserWarning: Using backward() with create_graph=True will create a reference cycle between the parameter and its gradient which can cause a memory leak. We recommend using autograd.grad when creating the graph to avoid this. If you have to use this function, make sure to reset the .grad fields of your parameters to None after use to break the cycle and avoid the leak. (Triggered internally at /Users/runner/work/pytorch/pytorch/pytorch/torch/csrc/autograd/engine.cpp:1306.)
  return Variable._execution_engine.run_backward(  # Calls into the C++ engine to run the backward pass
$HOME/Desktop/dla-v0.2/analysis/wfast_geom/audit_b3.py:141: UserWarning: Converting a tensor with requires_grad=True to a scalar may lead to unexpected behavior.
Consider using tensor.detach() first. (Triggered internally at /Users/runner/work/pytorch/pytorch/pytorch/torch/csrc/autograd/generated/python_variable_methods.cpp:837.)
  wmag = math.sqrt(sum(float((tv["consolidate_fast_direct"] * gs * s_["w_fast"]).pow(2).sum())
$HOME/.venv/lib/python3.13/site-packages/torch/autograd/graph.py:865: UserWarning: Using backward() with create_graph=True will create a reference cycle between the parameter and its gradient which can cause a memory leak. We recommend using autograd.grad when creating the graph to avoid this. If you have to use this function, make sure to reset the .grad fields of your parameters to None after use to break the cycle and avoid the leak. (Triggered internally at /Users/runner/work/pytorch/pytorch/pytorch/torch/csrc/autograd/engine.cpp:1306.)
  return Variable._execution_engine.run_backward(  # Calls into the C++ engine to run the backward pass
$HOME/Desktop/dla-v0.2/analysis/wfast_geom/audit_b3.py:141: UserWarning: Converting a tensor with requires_grad=True to a scalar may lead to unexpected behavior.
Consider using tensor.detach() first. (Triggered internally at /Users/runner/work/pytorch/pytorch/pytorch/torch/csrc/autograd/generated/python_variable_methods.cpp:837.)
  wmag = math.sqrt(sum(float((tv["consolidate_fast_direct"] * gs * s_["w_fast"]).pow(2).sum())
$HOME/.venv/lib/python3.13/site-packages/torch/autograd/graph.py:865: UserWarning: Using backward() with create_graph=True will create a reference cycle between the parameter and its gradient which can cause a memory leak. We recommend using autograd.grad when creating the graph to avoid this. If you have to use this function, make sure to reset the .grad fields of your parameters to None after use to break the cycle and avoid the leak. (Triggered internally at /Users/runner/work/pytorch/pytorch/pytorch/torch/csrc/autograd/engine.cpp:1306.)
  return Variable._execution_engine.run_backward(  # Calls into the C++ engine to run the backward pass
$HOME/Desktop/dla-v0.2/analysis/wfast_geom/audit_b3.py:141: UserWarning: Converting a tensor with requires_grad=True to a scalar may lead to unexpected behavior.
Consider using tensor.detach() first. (Triggered internally at /Users/runner/work/pytorch/pytorch/pytorch/torch/csrc/autograd/generated/python_variable_methods.cpp:837.)
  wmag = math.sqrt(sum(float((tv["consolidate_fast_direct"] * gs * s_["w_fast"]).pow(2).sum())
$HOME/.venv/lib/python3.13/site-packages/torch/autograd/graph.py:865: UserWarning: Using backward() with create_graph=True will create a reference cycle between the parameter and its gradient which can cause a memory leak. We recommend using autograd.grad when creating the graph to avoid this. If you have to use this function, make sure to reset the .grad fields of your parameters to None after use to break the cycle and avoid the leak. (Triggered internally at /Users/runner/work/pytorch/pytorch/pytorch/torch/csrc/autograd/engine.cpp:1306.)
  return Variable._execution_engine.run_backward(  # Calls into the C++ engine to run the backward pass
number of parameters: 6.59M
number of parameters: 6.59M
number of parameters: 6.59M
seed 11 HE direct: pre=41.61 gain40=+0.0056 LE=0.441
number of parameters: 6.59M
number of parameters: 6.59M
number of parameters: 6.59M
seed 11 HE shufwrite: pre=41.63 gain40=+0.0058 LE=0.523
number of parameters: 6.59M
number of parameters: 6.59M
number of parameters: 6.59M
seed 0 HE direct: pre=45.11 gain40=+0.0475 LE=0.883
number of parameters: 6.59M
number of parameters: 6.59M
number of parameters: 6.59M
seed 0 HE shufwrite: pre=43.44 gain40=+0.0115 LE=0.717
$HOME/Desktop/dla-v0.2/analysis/wfast_geom/audit_b3.py:141: UserWarning: Converting a tensor with requires_grad=True to a scalar may lead to unexpected behavior.
Consider using tensor.detach() first. (Triggered internally at /Users/runner/work/pytorch/pytorch/pytorch/torch/csrc/autograd/generated/python_variable_methods.cpp:837.)
  wmag = math.sqrt(sum(float((tv["consolidate_fast_direct"] * gs * s_["w_fast"]).pow(2).sum())
$HOME/.venv/lib/python3.13/site-packages/torch/autograd/graph.py:865: UserWarning: Using backward() with create_graph=True will create a reference cycle between the parameter and its gradient which can cause a memory leak. We recommend using autograd.grad when creating the graph to avoid this. If you have to use this function, make sure to reset the .grad fields of your parameters to None after use to break the cycle and avoid the leak. (Triggered internally at /Users/runner/work/pytorch/pytorch/pytorch/torch/csrc/autograd/engine.cpp:1306.)
  return Variable._execution_engine.run_backward(  # Calls into the C++ engine to run the backward pass
$HOME/Desktop/dla-v0.2/analysis/wfast_geom/audit_b3.py:141: UserWarning: Converting a tensor with requires_grad=True to a scalar may lead to unexpected behavior.
Consider using tensor.detach() first. (Triggered internally at /Users/runner/work/pytorch/pytorch/pytorch/torch/csrc/autograd/generated/python_variable_methods.cpp:837.)
  wmag = math.sqrt(sum(float((tv["consolidate_fast_direct"] * gs * s_["w_fast"]).pow(2).sum())
$HOME/.venv/lib/python3.13/site-packages/torch/autograd/graph.py:865: UserWarning: Using backward() with create_graph=True will create a reference cycle between the parameter and its gradient which can cause a memory leak. We recommend using autograd.grad when creating the graph to avoid this. If you have to use this function, make sure to reset the .grad fields of your parameters to None after use to break the cycle and avoid the leak. (Triggered internally at /Users/runner/work/pytorch/pytorch/pytorch/torch/csrc/autograd/engine.cpp:1306.)
  return Variable._execution_engine.run_backward(  # Calls into the C++ engine to run the backward pass
$HOME/Desktop/dla-v0.2/analysis/wfast_geom/audit_b3.py:141: UserWarning: Converting a tensor with requires_grad=True to a scalar may lead to unexpected behavior.
Consider using tensor.detach() first. (Triggered internally at /Users/runner/work/pytorch/pytorch/pytorch/torch/csrc/autograd/generated/python_variable_methods.cpp:837.)
  wmag = math.sqrt(sum(float((tv["consolidate_fast_direct"] * gs * s_["w_fast"]).pow(2).sum())
$HOME/.venv/lib/python3.13/site-packages/torch/autograd/graph.py:865: UserWarning: Using backward() with create_graph=True will create a reference cycle between the parameter and its gradient which can cause a memory leak. We recommend using autograd.grad when creating the graph to avoid this. If you have to use this function, make sure to reset the .grad fields of your parameters to None after use to break the cycle and avoid the leak. (Triggered internally at /Users/runner/work/pytorch/pytorch/pytorch/torch/csrc/autograd/engine.cpp:1306.)
  return Variable._execution_engine.run_backward(  # Calls into the C++ engine to run the backward pass
$HOME/Desktop/dla-v0.2/analysis/wfast_geom/audit_b3.py:141: UserWarning: Converting a tensor with requires_grad=True to a scalar may lead to unexpected behavior.
Consider using tensor.detach() first. (Triggered internally at /Users/runner/work/pytorch/pytorch/pytorch/torch/csrc/autograd/generated/python_variable_methods.cpp:837.)
  wmag = math.sqrt(sum(float((tv["consolidate_fast_direct"] * gs * s_["w_fast"]).pow(2).sum())
$HOME/.venv/lib/python3.13/site-packages/torch/autograd/graph.py:865: UserWarning: Using backward() with create_graph=True will create a reference cycle between the parameter and its gradient which can cause a memory leak. We recommend using autograd.grad when creating the graph to avoid this. If you have to use this function, make sure to reset the .grad fields of your parameters to None after use to break the cycle and avoid the leak. (Triggered internally at /Users/runner/work/pytorch/pytorch/pytorch/torch/csrc/autograd/engine.cpp:1306.)
  return Variable._execution_engine.run_backward(  # Calls into the C++ engine to run the backward pass
number of parameters: 6.59M
number of parameters: 6.59M
number of parameters: 6.59M
seed 1 HE direct: pre=46.44 gain40=+0.0347 LE=0.909
number of parameters: 6.59M
number of parameters: 6.59M
number of parameters: 6.59M
seed 1 HE shufwrite: pre=45.20 gain40=+0.0060 LE=0.427
number of parameters: 6.59M
number of parameters: 6.59M
number of parameters: 6.59M
seed 2 HE direct: pre=45.08 gain40=+0.0435 LE=0.930
number of parameters: 6.59M
number of parameters: 6.59M
number of parameters: 6.59M
seed 2 HE shufwrite: pre=43.64 gain40=+0.0081 LE=0.554
$HOME/Desktop/dla-v0.2/analysis/wfast_geom/audit_b3.py:141: UserWarning: Converting a tensor with requires_grad=True to a scalar may lead to unexpected behavior.
Consider using tensor.detach() first. (Triggered internally at /Users/runner/work/pytorch/pytorch/pytorch/torch/csrc/autograd/generated/python_variable_methods.cpp:837.)
  wmag = math.sqrt(sum(float((tv["consolidate_fast_direct"] * gs * s_["w_fast"]).pow(2).sum())
$HOME/.venv/lib/python3.13/site-packages/torch/autograd/graph.py:865: UserWarning: Using backward() with create_graph=True will create a reference cycle between the parameter and its gradient which can cause a memory leak. We recommend using autograd.grad when creating the graph to avoid this. If you have to use this function, make sure to reset the .grad fields of your parameters to None after use to break the cycle and avoid the leak. (Triggered internally at /Users/runner/work/pytorch/pytorch/pytorch/torch/csrc/autograd/engine.cpp:1306.)
  return Variable._execution_engine.run_backward(  # Calls into the C++ engine to run the backward pass
$HOME/Desktop/dla-v0.2/analysis/wfast_geom/audit_b3.py:141: UserWarning: Converting a tensor with requires_grad=True to a scalar may lead to unexpected behavior.
Consider using tensor.detach() first. (Triggered internally at /Users/runner/work/pytorch/pytorch/pytorch/torch/csrc/autograd/generated/python_variable_methods.cpp:837.)
  wmag = math.sqrt(sum(float((tv["consolidate_fast_direct"] * gs * s_["w_fast"]).pow(2).sum())
$HOME/.venv/lib/python3.13/site-packages/torch/autograd/graph.py:865: UserWarning: Using backward() with create_graph=True will create a reference cycle between the parameter and its gradient which can cause a memory leak. We recommend using autograd.grad when creating the graph to avoid this. If you have to use this function, make sure to reset the .grad fields of your parameters to None after use to break the cycle and avoid the leak. (Triggered internally at /Users/runner/work/pytorch/pytorch/pytorch/torch/csrc/autograd/engine.cpp:1306.)
  return Variable._execution_engine.run_backward(  # Calls into the C++ engine to run the backward pass
$HOME/Desktop/dla-v0.2/analysis/wfast_geom/audit_b3.py:141: UserWarning: Converting a tensor with requires_grad=True to a scalar may lead to unexpected behavior.
Consider using tensor.detach() first. (Triggered internally at /Users/runner/work/pytorch/pytorch/pytorch/torch/csrc/autograd/generated/python_variable_methods.cpp:837.)
  wmag = math.sqrt(sum(float((tv["consolidate_fast_direct"] * gs * s_["w_fast"]).pow(2).sum())
$HOME/.venv/lib/python3.13/site-packages/torch/autograd/graph.py:865: UserWarning: Using backward() with create_graph=True will create a reference cycle between the parameter and its gradient which can cause a memory leak. We recommend using autograd.grad when creating the graph to avoid this. If you have to use this function, make sure to reset the .grad fields of your parameters to None after use to break the cycle and avoid the leak. (Triggered internally at /Users/runner/work/pytorch/pytorch/pytorch/torch/csrc/autograd/engine.cpp:1306.)
  return Variable._execution_engine.run_backward(  # Calls into the C++ engine to run the backward pass
$HOME/Desktop/dla-v0.2/analysis/wfast_geom/audit_b3.py:141: UserWarning: Converting a tensor with requires_grad=True to a scalar may lead to unexpected behavior.
Consider using tensor.detach() first. (Triggered internally at /Users/runner/work/pytorch/pytorch/pytorch/torch/csrc/autograd/generated/python_variable_methods.cpp:837.)
  wmag = math.sqrt(sum(float((tv["consolidate_fast_direct"] * gs * s_["w_fast"]).pow(2).sum())
$HOME/.venv/lib/python3.13/site-packages/torch/autograd/graph.py:865: UserWarning: Using backward() with create_graph=True will create a reference cycle between the parameter and its gradient which can cause a memory leak. We recommend using autograd.grad when creating the graph to avoid this. If you have to use this function, make sure to reset the .grad fields of your parameters to None after use to break the cycle and avoid the leak. (Triggered internally at /Users/runner/work/pytorch/pytorch/pytorch/torch/csrc/autograd/engine.cpp:1306.)
  return Variable._execution_engine.run_backward(  # Calls into the C++ engine to run the backward pass
number of parameters: 6.59M
number of parameters: 6.59M
number of parameters: 6.59M
seed 3 HE direct: pre=41.83 gain40=+0.0186 LE=0.947
number of parameters: 6.59M
number of parameters: 6.59M
number of parameters: 6.59M
seed 3 HE shufwrite: pre=41.37 gain40=+0.0081 LE=0.664
number of parameters: 6.59M
number of parameters: 6.59M
number of parameters: 6.59M
seed 4 HE direct: pre=43.36 gain40=-0.0064 LE=0.000
number of parameters: 6.59M
number of parameters: 6.59M
number of parameters: 6.59M
seed 4 HE shufwrite: pre=43.07 gain40=-0.0024 LE=0.000
$HOME/Desktop/dla-v0.2/analysis/wfast_geom/audit_b3.py:141: UserWarning: Converting a tensor with requires_grad=True to a scalar may lead to unexpected behavior.
Consider using tensor.detach() first. (Triggered internally at /Users/runner/work/pytorch/pytorch/pytorch/torch/csrc/autograd/generated/python_variable_methods.cpp:837.)
  wmag = math.sqrt(sum(float((tv["consolidate_fast_direct"] * gs * s_["w_fast"]).pow(2).sum())
$HOME/.venv/lib/python3.13/site-packages/torch/autograd/graph.py:865: UserWarning: Using backward() with create_graph=True will create a reference cycle between the parameter and its gradient which can cause a memory leak. We recommend using autograd.grad when creating the graph to avoid this. If you have to use this function, make sure to reset the .grad fields of your parameters to None after use to break the cycle and avoid the leak. (Triggered internally at /Users/runner/work/pytorch/pytorch/pytorch/torch/csrc/autograd/engine.cpp:1306.)
  return Variable._execution_engine.run_backward(  # Calls into the C++ engine to run the backward pass
$HOME/Desktop/dla-v0.2/analysis/wfast_geom/audit_b3.py:141: UserWarning: Converting a tensor with requires_grad=True to a scalar may lead to unexpected behavior.
Consider using tensor.detach() first. (Triggered internally at /Users/runner/work/pytorch/pytorch/pytorch/torch/csrc/autograd/generated/python_variable_methods.cpp:837.)
  wmag = math.sqrt(sum(float((tv["consolidate_fast_direct"] * gs * s_["w_fast"]).pow(2).sum())
$HOME/.venv/lib/python3.13/site-packages/torch/autograd/graph.py:865: UserWarning: Using backward() with create_graph=True will create a reference cycle between the parameter and its gradient which can cause a memory leak. We recommend using autograd.grad when creating the graph to avoid this. If you have to use this function, make sure to reset the .grad fields of your parameters to None after use to break the cycle and avoid the leak. (Triggered internally at /Users/runner/work/pytorch/pytorch/pytorch/torch/csrc/autograd/engine.cpp:1306.)
  return Variable._execution_engine.run_backward(  # Calls into the C++ engine to run the backward pass
$HOME/Desktop/dla-v0.2/analysis/wfast_geom/audit_b3.py:141: UserWarning: Converting a tensor with requires_grad=True to a scalar may lead to unexpected behavior.
Consider using tensor.detach() first. (Triggered internally at /Users/runner/work/pytorch/pytorch/pytorch/torch/csrc/autograd/generated/python_variable_methods.cpp:837.)
  wmag = math.sqrt(sum(float((tv["consolidate_fast_direct"] * gs * s_["w_fast"]).pow(2).sum())
$HOME/.venv/lib/python3.13/site-packages/torch/autograd/graph.py:865: UserWarning: Using backward() with create_graph=True will create a reference cycle between the parameter and its gradient which can cause a memory leak. We recommend using autograd.grad when creating the graph to avoid this. If you have to use this function, make sure to reset the .grad fields of your parameters to None after use to break the cycle and avoid the leak. (Triggered internally at /Users/runner/work/pytorch/pytorch/pytorch/torch/csrc/autograd/engine.cpp:1306.)
  return Variable._execution_engine.run_backward(  # Calls into the C++ engine to run the backward pass
$HOME/Desktop/dla-v0.2/analysis/wfast_geom/audit_b3.py:141: UserWarning: Converting a tensor with requires_grad=True to a scalar may lead to unexpected behavior.
Consider using tensor.detach() first. (Triggered internally at /Users/runner/work/pytorch/pytorch/pytorch/torch/csrc/autograd/generated/python_variable_methods.cpp:837.)
  wmag = math.sqrt(sum(float((tv["consolidate_fast_direct"] * gs * s_["w_fast"]).pow(2).sum())
$HOME/.venv/lib/python3.13/site-packages/torch/autograd/graph.py:865: UserWarning: Using backward() with create_graph=True will create a reference cycle between the parameter and its gradient which can cause a memory leak. We recommend using autograd.grad when creating the graph to avoid this. If you have to use this function, make sure to reset the .grad fields of your parameters to None after use to break the cycle and avoid the leak. (Triggered internally at /Users/runner/work/pytorch/pytorch/pytorch/torch/csrc/autograd/engine.cpp:1306.)
  return Variable._execution_engine.run_backward(  # Calls into the C++ engine to run the backward pass
number of parameters: 6.59M
number of parameters: 6.59M
number of parameters: 6.59M
seed 5 HE direct: pre=36.54 gain40=-0.0061 LE=0.000
number of parameters: 6.59M
number of parameters: 6.59M
number of parameters: 6.59M
seed 5 HE shufwrite: pre=36.38 gain40=-0.0117 LE=0.000
number of parameters: 6.59M
number of parameters: 6.59M
number of parameters: 6.59M
seed 6 HE direct: pre=40.36 gain40=+0.0055 LE=1.000
number of parameters: 6.59M
number of parameters: 6.59M
number of parameters: 6.59M
seed 6 HE shufwrite: pre=41.82 gain40=-0.0030 LE=0.000
$HOME/Desktop/dla-v0.2/analysis/wfast_geom/audit_b3.py:141: UserWarning: Converting a tensor with requires_grad=True to a scalar may lead to unexpected behavior.
Consider using tensor.detach() first. (Triggered internally at /Users/runner/work/pytorch/pytorch/pytorch/torch/csrc/autograd/generated/python_variable_methods.cpp:837.)
  wmag = math.sqrt(sum(float((tv["consolidate_fast_direct"] * gs * s_["w_fast"]).pow(2).sum())
$HOME/.venv/lib/python3.13/site-packages/torch/autograd/graph.py:865: UserWarning: Using backward() with create_graph=True will create a reference cycle between the parameter and its gradient which can cause a memory leak. We recommend using autograd.grad when creating the graph to avoid this. If you have to use this function, make sure to reset the .grad fields of your parameters to None after use to break the cycle and avoid the leak. (Triggered internally at /Users/runner/work/pytorch/pytorch/pytorch/torch/csrc/autograd/engine.cpp:1306.)
  return Variable._execution_engine.run_backward(  # Calls into the C++ engine to run the backward pass
$HOME/Desktop/dla-v0.2/analysis/wfast_geom/audit_b3.py:141: UserWarning: Converting a tensor with requires_grad=True to a scalar may lead to unexpected behavior.
Consider using tensor.detach() first. (Triggered internally at /Users/runner/work/pytorch/pytorch/pytorch/torch/csrc/autograd/generated/python_variable_methods.cpp:837.)
  wmag = math.sqrt(sum(float((tv["consolidate_fast_direct"] * gs * s_["w_fast"]).pow(2).sum())
$HOME/.venv/lib/python3.13/site-packages/torch/autograd/graph.py:865: UserWarning: Using backward() with create_graph=True will create a reference cycle between the parameter and its gradient which can cause a memory leak. We recommend using autograd.grad when creating the graph to avoid this. If you have to use this function, make sure to reset the .grad fields of your parameters to None after use to break the cycle and avoid the leak. (Triggered internally at /Users/runner/work/pytorch/pytorch/pytorch/torch/csrc/autograd/engine.cpp:1306.)
  return Variable._execution_engine.run_backward(  # Calls into the C++ engine to run the backward pass
$HOME/Desktop/dla-v0.2/analysis/wfast_geom/audit_b3.py:141: UserWarning: Converting a tensor with requires_grad=True to a scalar may lead to unexpected behavior.
Consider using tensor.detach() first. (Triggered internally at /Users/runner/work/pytorch/pytorch/pytorch/torch/csrc/autograd/generated/python_variable_methods.cpp:837.)
  wmag = math.sqrt(sum(float((tv["consolidate_fast_direct"] * gs * s_["w_fast"]).pow(2).sum())
$HOME/.venv/lib/python3.13/site-packages/torch/autograd/graph.py:865: UserWarning: Using backward() with create_graph=True will create a reference cycle between the parameter and its gradient which can cause a memory leak. We recommend using autograd.grad when creating the graph to avoid this. If you have to use this function, make sure to reset the .grad fields of your parameters to None after use to break the cycle and avoid the leak. (Triggered internally at /Users/runner/work/pytorch/pytorch/pytorch/torch/csrc/autograd/engine.cpp:1306.)
  return Variable._execution_engine.run_backward(  # Calls into the C++ engine to run the backward pass
$HOME/Desktop/dla-v0.2/analysis/wfast_geom/audit_b3.py:141: UserWarning: Converting a tensor with requires_grad=True to a scalar may lead to unexpected behavior.
Consider using tensor.detach() first. (Triggered internally at /Users/runner/work/pytorch/pytorch/pytorch/torch/csrc/autograd/generated/python_variable_methods.cpp:837.)
  wmag = math.sqrt(sum(float((tv["consolidate_fast_direct"] * gs * s_["w_fast"]).pow(2).sum())
$HOME/.venv/lib/python3.13/site-packages/torch/autograd/graph.py:865: UserWarning: Using backward() with create_graph=True will create a reference cycle between the parameter and its gradient which can cause a memory leak. We recommend using autograd.grad when creating the graph to avoid this. If you have to use this function, make sure to reset the .grad fields of your parameters to None after use to break the cycle and avoid the leak. (Triggered internally at /Users/runner/work/pytorch/pytorch/pytorch/torch/csrc/autograd/engine.cpp:1306.)
  return Variable._execution_engine.run_backward(  # Calls into the C++ engine to run the backward pass
number of parameters: 6.59M
number of parameters: 6.59M
number of parameters: 6.59M
seed 7 HE direct: pre=38.87 gain40=+0.0167 LE=1.000
number of parameters: 6.59M
number of parameters: 6.59M
number of parameters: 6.59M
seed 8 HE direct: pre=40.28 gain40=+0.0302 LE=0.816
number of parameters: 6.59M
number of parameters: 6.59M
number of parameters: 6.59M
seed 7 HE shufwrite: pre=38.41 gain40=+0.0017 LE=1.000
number of parameters: 6.59M
number of parameters: 6.59M
number of parameters: 6.59M
seed 8 HE shufwrite: pre=39.11 gain40=-0.0037 LE=0.000
$HOME/Desktop/dla-v0.2/analysis/wfast_geom/audit_b3.py:141: UserWarning: Converting a tensor with requires_grad=True to a scalar may lead to unexpected behavior.
Consider using tensor.detach() first. (Triggered internally at /Users/runner/work/pytorch/pytorch/pytorch/torch/csrc/autograd/generated/python_variable_methods.cpp:837.)
  wmag = math.sqrt(sum(float((tv["consolidate_fast_direct"] * gs * s_["w_fast"]).pow(2).sum())
$HOME/.venv/lib/python3.13/site-packages/torch/autograd/graph.py:865: UserWarning: Using backward() with create_graph=True will create a reference cycle between the parameter and its gradient which can cause a memory leak. We recommend using autograd.grad when creating the graph to avoid this. If you have to use this function, make sure to reset the .grad fields of your parameters to None after use to break the cycle and avoid the leak. (Triggered internally at /Users/runner/work/pytorch/pytorch/pytorch/torch/csrc/autograd/engine.cpp:1306.)
  return Variable._execution_engine.run_backward(  # Calls into the C++ engine to run the backward pass
$HOME/Desktop/dla-v0.2/analysis/wfast_geom/audit_b3.py:141: UserWarning: Converting a tensor with requires_grad=True to a scalar may lead to unexpected behavior.
Consider using tensor.detach() first. (Triggered internally at /Users/runner/work/pytorch/pytorch/pytorch/torch/csrc/autograd/generated/python_variable_methods.cpp:837.)
  wmag = math.sqrt(sum(float((tv["consolidate_fast_direct"] * gs * s_["w_fast"]).pow(2).sum())
$HOME/.venv/lib/python3.13/site-packages/torch/autograd/graph.py:865: UserWarning: Using backward() with create_graph=True will create a reference cycle between the parameter and its gradient which can cause a memory leak. We recommend using autograd.grad when creating the graph to avoid this. If you have to use this function, make sure to reset the .grad fields of your parameters to None after use to break the cycle and avoid the leak. (Triggered internally at /Users/runner/work/pytorch/pytorch/pytorch/torch/csrc/autograd/engine.cpp:1306.)
  return Variable._execution_engine.run_backward(  # Calls into the C++ engine to run the backward pass
$HOME/Desktop/dla-v0.2/analysis/wfast_geom/audit_b3.py:141: UserWarning: Converting a tensor with requires_grad=True to a scalar may lead to unexpected behavior.
Consider using tensor.detach() first. (Triggered internally at /Users/runner/work/pytorch/pytorch/pytorch/torch/csrc/autograd/generated/python_variable_methods.cpp:837.)
  wmag = math.sqrt(sum(float((tv["consolidate_fast_direct"] * gs * s_["w_fast"]).pow(2).sum())
$HOME/.venv/lib/python3.13/site-packages/torch/autograd/graph.py:865: UserWarning: Using backward() with create_graph=True will create a reference cycle between the parameter and its gradient which can cause a memory leak. We recommend using autograd.grad when creating the graph to avoid this. If you have to use this function, make sure to reset the .grad fields of your parameters to None after use to break the cycle and avoid the leak. (Triggered internally at /Users/runner/work/pytorch/pytorch/pytorch/torch/csrc/autograd/engine.cpp:1306.)
  return Variable._execution_engine.run_backward(  # Calls into the C++ engine to run the backward pass
$HOME/Desktop/dla-v0.2/analysis/wfast_geom/audit_b3.py:141: UserWarning: Converting a tensor with requires_grad=True to a scalar may lead to unexpected behavior.
Consider using tensor.detach() first. (Triggered internally at /Users/runner/work/pytorch/pytorch/pytorch/torch/csrc/autograd/generated/python_variable_methods.cpp:837.)
  wmag = math.sqrt(sum(float((tv["consolidate_fast_direct"] * gs * s_["w_fast"]).pow(2).sum())
$HOME/.venv/lib/python3.13/site-packages/torch/autograd/graph.py:865: UserWarning: Using backward() with create_graph=True will create a reference cycle between the parameter and its gradient which can cause a memory leak. We recommend using autograd.grad when creating the graph to avoid this. If you have to use this function, make sure to reset the .grad fields of your parameters to None after use to break the cycle and avoid the leak. (Triggered internally at /Users/runner/work/pytorch/pytorch/pytorch/torch/csrc/autograd/engine.cpp:1306.)
  return Variable._execution_engine.run_backward(  # Calls into the C++ engine to run the backward pass
number of parameters: 6.59M
number of parameters: 6.59M
number of parameters: 6.59M
seed 9 HE direct: pre=44.08 gain40=+0.0623 LE=1.000
number of parameters: 6.59M
number of parameters: 6.59M
number of parameters: 6.59M
seed 10 HE direct: pre=43.60 gain40=+0.0207 LE=0.897
number of parameters: 6.59M
number of parameters: 6.59M
number of parameters: 6.59M
seed 9 HE shufwrite: pre=42.42 gain40=+0.0204 LE=0.967
number of parameters: 6.59M
number of parameters: 6.59M
number of parameters: 6.59M
seed 10 HE shufwrite: pre=42.92 gain40=+0.0093 LE=0.880
$HOME/Desktop/dla-v0.2/analysis/wfast_geom/audit_b3.py:141: UserWarning: Converting a tensor with requires_grad=True to a scalar may lead to unexpected behavior.
Consider using tensor.detach() first. (Triggered internally at /Users/runner/work/pytorch/pytorch/pytorch/torch/csrc/autograd/generated/python_variable_methods.cpp:837.)
  wmag = math.sqrt(sum(float((tv["consolidate_fast_direct"] * gs * s_["w_fast"]).pow(2).sum())
$HOME/.venv/lib/python3.13/site-packages/torch/autograd/graph.py:865: UserWarning: Using backward() with create_graph=True will create a reference cycle between the parameter and its gradient which can cause a memory leak. We recommend using autograd.grad when creating the graph to avoid this. If you have to use this function, make sure to reset the .grad fields of your parameters to None after use to break the cycle and avoid the leak. (Triggered internally at /Users/runner/work/pytorch/pytorch/pytorch/torch/csrc/autograd/engine.cpp:1306.)
  return Variable._execution_engine.run_backward(  # Calls into the C++ engine to run the backward pass
$HOME/Desktop/dla-v0.2/analysis/wfast_geom/audit_b3.py:141: UserWarning: Converting a tensor with requires_grad=True to a scalar may lead to unexpected behavior.
Consider using tensor.detach() first. (Triggered internally at /Users/runner/work/pytorch/pytorch/pytorch/torch/csrc/autograd/generated/python_variable_methods.cpp:837.)
  wmag = math.sqrt(sum(float((tv["consolidate_fast_direct"] * gs * s_["w_fast"]).pow(2).sum())
$HOME/.venv/lib/python3.13/site-packages/torch/autograd/graph.py:865: UserWarning: Using backward() with create_graph=True will create a reference cycle between the parameter and its gradient which can cause a memory leak. We recommend using autograd.grad when creating the graph to avoid this. If you have to use this function, make sure to reset the .grad fields of your parameters to None after use to break the cycle and avoid the leak. (Triggered internally at /Users/runner/work/pytorch/pytorch/pytorch/torch/csrc/autograd/engine.cpp:1306.)
  return Variable._execution_engine.run_backward(  # Calls into the C++ engine to run the backward pass
$HOME/Desktop/dla-v0.2/analysis/wfast_geom/audit_b3.py:141: UserWarning: Converting a tensor with requires_grad=True to a scalar may lead to unexpected behavior.
Consider using tensor.detach() first. (Triggered internally at /Users/runner/work/pytorch/pytorch/pytorch/torch/csrc/autograd/generated/python_variable_methods.cpp:837.)
  wmag = math.sqrt(sum(float((tv["consolidate_fast_direct"] * gs * s_["w_fast"]).pow(2).sum())
$HOME/.venv/lib/python3.13/site-packages/torch/autograd/graph.py:865: UserWarning: Using backward() with create_graph=True will create a reference cycle between the parameter and its gradient which can cause a memory leak. We recommend using autograd.grad when creating the graph to avoid this. If you have to use this function, make sure to reset the .grad fields of your parameters to None after use to break the cycle and avoid the leak. (Triggered internally at /Users/runner/work/pytorch/pytorch/pytorch/torch/csrc/autograd/engine.cpp:1306.)
  return Variable._execution_engine.run_backward(  # Calls into the C++ engine to run the backward pass
$HOME/Desktop/dla-v0.2/analysis/wfast_geom/audit_b3.py:141: UserWarning: Converting a tensor with requires_grad=True to a scalar may lead to unexpected behavior.
Consider using tensor.detach() first. (Triggered internally at /Users/runner/work/pytorch/pytorch/pytorch/torch/csrc/autograd/generated/python_variable_methods.cpp:837.)
  wmag = math.sqrt(sum(float((tv["consolidate_fast_direct"] * gs * s_["w_fast"]).pow(2).sum())
$HOME/.venv/lib/python3.13/site-packages/torch/autograd/graph.py:865: UserWarning: Using backward() with create_graph=True will create a reference cycle between the parameter and its gradient which can cause a memory leak. We recommend using autograd.grad when creating the graph to avoid this. If you have to use this function, make sure to reset the .grad fields of your parameters to None after use to break the cycle and avoid the leak. (Triggered internally at /Users/runner/work/pytorch/pytorch/pytorch/torch/csrc/autograd/engine.cpp:1306.)
  return Variable._execution_engine.run_backward(  # Calls into the C++ engine to run the backward pass
number of parameters: 6.59M
number of parameters: 6.59M
number of parameters: 6.59M
seed 11 HE direct: pre=42.32 gain40=+0.0224 LE=0.835
number of parameters: 6.59M
number of parameters: 6.59M
number of parameters: 6.59M
seed 11 HE shufwrite: pre=41.69 gain40=+0.0036 LE=0.481
number of parameters: 6.59M
number of parameters: 6.59M
number of parameters: 6.59M
seed 0 HE direct: pre=43.13 gain40=+0.0082 LE=0.570
number of parameters: 6.59M
number of parameters: 6.59M
number of parameters: 6.59M
seed 0 HE direct: pre=46.15 gain40=+0.0746 LE=0.949
$HOME/Desktop/dla-v0.2/analysis/wfast_geom/audit_b3.py:141: UserWarning: Converting a tensor with requires_grad=True to a scalar may lead to unexpected behavior.
Consider using tensor.detach() first. (Triggered internally at /Users/runner/work/pytorch/pytorch/pytorch/torch/csrc/autograd/generated/python_variable_methods.cpp:837.)
  wmag = math.sqrt(sum(float((tv["consolidate_fast_direct"] * gs * s_["w_fast"]).pow(2).sum())
$HOME/.venv/lib/python3.13/site-packages/torch/autograd/graph.py:865: UserWarning: Using backward() with create_graph=True will create a reference cycle between the parameter and its gradient which can cause a memory leak. We recommend using autograd.grad when creating the graph to avoid this. If you have to use this function, make sure to reset the .grad fields of your parameters to None after use to break the cycle and avoid the leak. (Triggered internally at /Users/runner/work/pytorch/pytorch/pytorch/torch/csrc/autograd/engine.cpp:1306.)
  return Variable._execution_engine.run_backward(  # Calls into the C++ engine to run the backward pass
$HOME/Desktop/dla-v0.2/analysis/wfast_geom/audit_b3.py:141: UserWarning: Converting a tensor with requires_grad=True to a scalar may lead to unexpected behavior.
Consider using tensor.detach() first. (Triggered internally at /Users/runner/work/pytorch/pytorch/pytorch/torch/csrc/autograd/generated/python_variable_methods.cpp:837.)
  wmag = math.sqrt(sum(float((tv["consolidate_fast_direct"] * gs * s_["w_fast"]).pow(2).sum())
$HOME/.venv/lib/python3.13/site-packages/torch/autograd/graph.py:865: UserWarning: Using backward() with create_graph=True will create a reference cycle between the parameter and its gradient which can cause a memory leak. We recommend using autograd.grad when creating the graph to avoid this. If you have to use this function, make sure to reset the .grad fields of your parameters to None after use to break the cycle and avoid the leak. (Triggered internally at /Users/runner/work/pytorch/pytorch/pytorch/torch/csrc/autograd/engine.cpp:1306.)
  return Variable._execution_engine.run_backward(  # Calls into the C++ engine to run the backward pass
$HOME/Desktop/dla-v0.2/analysis/wfast_geom/audit_b3.py:141: UserWarning: Converting a tensor with requires_grad=True to a scalar may lead to unexpected behavior.
Consider using tensor.detach() first. (Triggered internally at /Users/runner/work/pytorch/pytorch/pytorch/torch/csrc/autograd/generated/python_variable_methods.cpp:837.)
  wmag = math.sqrt(sum(float((tv["consolidate_fast_direct"] * gs * s_["w_fast"]).pow(2).sum())
$HOME/.venv/lib/python3.13/site-packages/torch/autograd/graph.py:865: UserWarning: Using backward() with create_graph=True will create a reference cycle between the parameter and its gradient which can cause a memory leak. We recommend using autograd.grad when creating the graph to avoid this. If you have to use this function, make sure to reset the .grad fields of your parameters to None after use to break the cycle and avoid the leak. (Triggered internally at /Users/runner/work/pytorch/pytorch/pytorch/torch/csrc/autograd/engine.cpp:1306.)
  return Variable._execution_engine.run_backward(  # Calls into the C++ engine to run the backward pass
$HOME/Desktop/dla-v0.2/analysis/wfast_geom/audit_b3.py:141: UserWarning: Converting a tensor with requires_grad=True to a scalar may lead to unexpected behavior.
Consider using tensor.detach() first. (Triggered internally at /Users/runner/work/pytorch/pytorch/pytorch/torch/csrc/autograd/generated/python_variable_methods.cpp:837.)
  wmag = math.sqrt(sum(float((tv["consolidate_fast_direct"] * gs * s_["w_fast"]).pow(2).sum())
$HOME/.venv/lib/python3.13/site-packages/torch/autograd/graph.py:865: UserWarning: Using backward() with create_graph=True will create a reference cycle between the parameter and its gradient which can cause a memory leak. We recommend using autograd.grad when creating the graph to avoid this. If you have to use this function, make sure to reset the .grad fields of your parameters to None after use to break the cycle and avoid the leak. (Triggered internally at /Users/runner/work/pytorch/pytorch/pytorch/torch/csrc/autograd/engine.cpp:1306.)
  return Variable._execution_engine.run_backward(  # Calls into the C++ engine to run the backward pass
number of parameters: 6.59M
number of parameters: 6.59M
number of parameters: 6.59M
seed 1 HE direct: pre=45.04 gain40=+0.0048 LE=0.656
number of parameters: 6.59M
number of parameters: 6.59M
number of parameters: 6.59M
seed 2 HE direct: pre=43.47 gain40=+0.0118 LE=1.000
number of parameters: 6.59M
number of parameters: 6.59M
number of parameters: 6.59M
seed 1 HE direct: pre=47.44 gain40=+0.0563 LE=0.982
number of parameters: 6.59M
number of parameters: 6.59M
number of parameters: 6.59M
seed 2 HE direct: pre=45.77 gain40=+0.0589 LE=0.970
$HOME/Desktop/dla-v0.2/analysis/wfast_geom/audit_b3.py:141: UserWarning: Converting a tensor with requires_grad=True to a scalar may lead to unexpected behavior.
Consider using tensor.detach() first. (Triggered internally at /Users/runner/work/pytorch/pytorch/pytorch/torch/csrc/autograd/generated/python_variable_methods.cpp:837.)
  wmag = math.sqrt(sum(float((tv["consolidate_fast_direct"] * gs * s_["w_fast"]).pow(2).sum())
$HOME/.venv/lib/python3.13/site-packages/torch/autograd/graph.py:865: UserWarning: Using backward() with create_graph=True will create a reference cycle between the parameter and its gradient which can cause a memory leak. We recommend using autograd.grad when creating the graph to avoid this. If you have to use this function, make sure to reset the .grad fields of your parameters to None after use to break the cycle and avoid the leak. (Triggered internally at /Users/runner/work/pytorch/pytorch/pytorch/torch/csrc/autograd/engine.cpp:1306.)
  return Variable._execution_engine.run_backward(  # Calls into the C++ engine to run the backward pass
$HOME/Desktop/dla-v0.2/analysis/wfast_geom/audit_b3.py:141: UserWarning: Converting a tensor with requires_grad=True to a scalar may lead to unexpected behavior.
Consider using tensor.detach() first. (Triggered internally at /Users/runner/work/pytorch/pytorch/pytorch/torch/csrc/autograd/generated/python_variable_methods.cpp:837.)
  wmag = math.sqrt(sum(float((tv["consolidate_fast_direct"] * gs * s_["w_fast"]).pow(2).sum())
$HOME/.venv/lib/python3.13/site-packages/torch/autograd/graph.py:865: UserWarning: Using backward() with create_graph=True will create a reference cycle between the parameter and its gradient which can cause a memory leak. We recommend using autograd.grad when creating the graph to avoid this. If you have to use this function, make sure to reset the .grad fields of your parameters to None after use to break the cycle and avoid the leak. (Triggered internally at /Users/runner/work/pytorch/pytorch/pytorch/torch/csrc/autograd/engine.cpp:1306.)
  return Variable._execution_engine.run_backward(  # Calls into the C++ engine to run the backward pass
$HOME/Desktop/dla-v0.2/analysis/wfast_geom/audit_b3.py:141: UserWarning: Converting a tensor with requires_grad=True to a scalar may lead to unexpected behavior.
Consider using tensor.detach() first. (Triggered internally at /Users/runner/work/pytorch/pytorch/pytorch/torch/csrc/autograd/generated/python_variable_methods.cpp:837.)
  wmag = math.sqrt(sum(float((tv["consolidate_fast_direct"] * gs * s_["w_fast"]).pow(2).sum())
$HOME/Desktop/dla-v0.2/analysis/wfast_geom/audit_b3.py:141: UserWarning: Converting a tensor with requires_grad=True to a scalar may lead to unexpected behavior.
Consider using tensor.detach() first. (Triggered internally at /Users/runner/work/pytorch/pytorch/pytorch/torch/csrc/autograd/generated/python_variable_methods.cpp:837.)
  wmag = math.sqrt(sum(float((tv["consolidate_fast_direct"] * gs * s_["w_fast"]).pow(2).sum())
$HOME/.venv/lib/python3.13/site-packages/torch/autograd/graph.py:865: UserWarning: Using backward() with create_graph=True will create a reference cycle between the parameter and its gradient which can cause a memory leak. We recommend using autograd.grad when creating the graph to avoid this. If you have to use this function, make sure to reset the .grad fields of your parameters to None after use to break the cycle and avoid the leak. (Triggered internally at /Users/runner/work/pytorch/pytorch/pytorch/torch/csrc/autograd/engine.cpp:1306.)
  return Variable._execution_engine.run_backward(  # Calls into the C++ engine to run the backward pass
$HOME/.venv/lib/python3.13/site-packages/torch/autograd/graph.py:865: UserWarning: Using backward() with create_graph=True will create a reference cycle between the parameter and its gradient which can cause a memory leak. We recommend using autograd.grad when creating the graph to avoid this. If you have to use this function, make sure to reset the .grad fields of your parameters to None after use to break the cycle and avoid the leak. (Triggered internally at /Users/runner/work/pytorch/pytorch/pytorch/torch/csrc/autograd/engine.cpp:1306.)
  return Variable._execution_engine.run_backward(  # Calls into the C++ engine to run the backward pass
number of parameters: 6.59M
number of parameters: 6.59M
number of parameters: 6.59M
seed 3 HE direct: pre=41.24 gain40=+0.0037 LE=0.377
number of parameters: 6.59M
number of parameters: 6.59M
number of parameters: 6.59M
seed 4 HE direct: pre=43.02 gain40=-0.0058 LE=0.000
number of parameters: 6.59M
number of parameters: 6.59M
number of parameters: 6.59M
seed 4 HE direct: pre=43.41 gain40=+0.0010 LE=1.000
number of parameters: 6.59M
number of parameters: 6.59M
number of parameters: 6.59M
seed 3 HE direct: pre=41.84 gain40=+0.0187 LE=0.800
$HOME/Desktop/dla-v0.2/analysis/wfast_geom/audit_b3.py:141: UserWarning: Converting a tensor with requires_grad=True to a scalar may lead to unexpected behavior.
Consider using tensor.detach() first. (Triggered internally at /Users/runner/work/pytorch/pytorch/pytorch/torch/csrc/autograd/generated/python_variable_methods.cpp:837.)
  wmag = math.sqrt(sum(float((tv["consolidate_fast_direct"] * gs * s_["w_fast"]).pow(2).sum())
$HOME/.venv/lib/python3.13/site-packages/torch/autograd/graph.py:865: UserWarning: Using backward() with create_graph=True will create a reference cycle between the parameter and its gradient which can cause a memory leak. We recommend using autograd.grad when creating the graph to avoid this. If you have to use this function, make sure to reset the .grad fields of your parameters to None after use to break the cycle and avoid the leak. (Triggered internally at /Users/runner/work/pytorch/pytorch/pytorch/torch/csrc/autograd/engine.cpp:1306.)
  return Variable._execution_engine.run_backward(  # Calls into the C++ engine to run the backward pass
$HOME/Desktop/dla-v0.2/analysis/wfast_geom/audit_b3.py:141: UserWarning: Converting a tensor with requires_grad=True to a scalar may lead to unexpected behavior.
Consider using tensor.detach() first. (Triggered internally at /Users/runner/work/pytorch/pytorch/pytorch/torch/csrc/autograd/generated/python_variable_methods.cpp:837.)
  wmag = math.sqrt(sum(float((tv["consolidate_fast_direct"] * gs * s_["w_fast"]).pow(2).sum())
$HOME/.venv/lib/python3.13/site-packages/torch/autograd/graph.py:865: UserWarning: Using backward() with create_graph=True will create a reference cycle between the parameter and its gradient which can cause a memory leak. We recommend using autograd.grad when creating the graph to avoid this. If you have to use this function, make sure to reset the .grad fields of your parameters to None after use to break the cycle and avoid the leak. (Triggered internally at /Users/runner/work/pytorch/pytorch/pytorch/torch/csrc/autograd/engine.cpp:1306.)
  return Variable._execution_engine.run_backward(  # Calls into the C++ engine to run the backward pass
number of parameters: 6.59M
number of parameters: 6.59M
number of parameters: 6.59M
seed 5 HE direct: pre=36.36 gain40=-0.0146 LE=0.000
number of parameters: 6.59M
number of parameters: 6.59M
number of parameters: 6.59M
seed 5 HE direct: pre=36.78 gain40=-0.0016 LE=0.000
A1X_DONE
