$HOME/Desktop/dla-v0.2/analysis/wfast_geom/audit_b3.py:120: UserWarning: Converting a tensor with requires_grad=True to a scalar may lead to unexpected behavior.
Consider using tensor.detach() first. (Triggered internally at /Users/runner/work/pytorch/pytorch/pytorch/torch/csrc/autograd/generated/python_variable_methods.cpp:837.)
  wmag = math.sqrt(sum(float((tv["consolidate_fast_direct"] * s_["w_fast"]).pow(2).sum())
$HOME/.venv/lib/python3.13/site-packages/torch/autograd/graph.py:865: UserWarning: Using backward() with create_graph=True will create a reference cycle between the parameter and its gradient which can cause a memory leak. We recommend using autograd.grad when creating the graph to avoid this. If you have to use this function, make sure to reset the .grad fields of your parameters to None after use to break the cycle and avoid the leak. (Triggered internally at /Users/runner/work/pytorch/pytorch/pytorch/torch/csrc/autograd/engine.cpp:1306.)
  return Variable._execution_engine.run_backward(  # Calls into the C++ engine to run the backward pass
$HOME/Desktop/dla-v0.2/analysis/wfast_geom/audit_b3.py:120: UserWarning: Converting a tensor with requires_grad=True to a scalar may lead to unexpected behavior.
Consider using tensor.detach() first. (Triggered internally at /Users/runner/work/pytorch/pytorch/pytorch/torch/csrc/autograd/generated/python_variable_methods.cpp:837.)
  wmag = math.sqrt(sum(float((tv["consolidate_fast_direct"] * s_["w_fast"]).pow(2).sum())
$HOME/Desktop/dla-v0.2/analysis/wfast_geom/audit_b3.py:120: UserWarning: Converting a tensor with requires_grad=True to a scalar may lead to unexpected behavior.
Consider using tensor.detach() first. (Triggered internally at /Users/runner/work/pytorch/pytorch/pytorch/torch/csrc/autograd/generated/python_variable_methods.cpp:837.)
  wmag = math.sqrt(sum(float((tv["consolidate_fast_direct"] * s_["w_fast"]).pow(2).sum())
$HOME/.venv/lib/python3.13/site-packages/torch/autograd/graph.py:865: UserWarning: Using backward() with create_graph=True will create a reference cycle between the parameter and its gradient which can cause a memory leak. We recommend using autograd.grad when creating the graph to avoid this. If you have to use this function, make sure to reset the .grad fields of your parameters to None after use to break the cycle and avoid the leak. (Triggered internally at /Users/runner/work/pytorch/pytorch/pytorch/torch/csrc/autograd/engine.cpp:1306.)
  return Variable._execution_engine.run_backward(  # Calls into the C++ engine to run the backward pass
$HOME/.venv/lib/python3.13/site-packages/torch/autograd/graph.py:865: UserWarning: Using backward() with create_graph=True will create a reference cycle between the parameter and its gradient which can cause a memory leak. We recommend using autograd.grad when creating the graph to avoid this. If you have to use this function, make sure to reset the .grad fields of your parameters to None after use to break the cycle and avoid the leak. (Triggered internally at /Users/runner/work/pytorch/pytorch/pytorch/torch/csrc/autograd/engine.cpp:1306.)
  return Variable._execution_engine.run_backward(  # Calls into the C++ engine to run the backward pass
$HOME/Desktop/dla-v0.2/analysis/wfast_geom/audit_b3.py:120: UserWarning: Converting a tensor with requires_grad=True to a scalar may lead to unexpected behavior.
Consider using tensor.detach() first. (Triggered internally at /Users/runner/work/pytorch/pytorch/pytorch/torch/csrc/autograd/generated/python_variable_methods.cpp:837.)
  wmag = math.sqrt(sum(float((tv["consolidate_fast_direct"] * s_["w_fast"]).pow(2).sum())
$HOME/.venv/lib/python3.13/site-packages/torch/autograd/graph.py:865: UserWarning: Using backward() with create_graph=True will create a reference cycle between the parameter and its gradient which can cause a memory leak. We recommend using autograd.grad when creating the graph to avoid this. If you have to use this function, make sure to reset the .grad fields of your parameters to None after use to break the cycle and avoid the leak. (Triggered internally at /Users/runner/work/pytorch/pytorch/pytorch/torch/csrc/autograd/engine.cpp:1306.)
  return Variable._execution_engine.run_backward(  # Calls into the C++ engine to run the backward pass
number of parameters: 6.59M
number of parameters: 6.59M
number of parameters: 6.59M
seed 2 EH shufwrite: pre=42.90 gain40=-0.0047 LE=0.000
number of parameters: 6.59M
number of parameters: 6.59M
number of parameters: 6.59M
seed 1 EH shufwrite: pre=44.38 gain40=-0.0125 LE=0.000
number of parameters: 6.59M
number of parameters: 6.59M
number of parameters: 6.59M
seed 1 HE shufwrite: pre=45.22 gain40=+0.0058 LE=0.658
number of parameters: 6.59M
number of parameters: 6.59M
number of parameters: 6.59M
seed 0 HE shufwrite: pre=43.41 gain40=+0.0097 LE=0.566
$HOME/Desktop/dla-v0.2/analysis/wfast_geom/audit_b3.py:120: UserWarning: Converting a tensor with requires_grad=True to a scalar may lead to unexpected behavior.
Consider using tensor.detach() first. (Triggered internally at /Users/runner/work/pytorch/pytorch/pytorch/torch/csrc/autograd/generated/python_variable_methods.cpp:837.)
  wmag = math.sqrt(sum(float((tv["consolidate_fast_direct"] * s_["w_fast"]).pow(2).sum())
$HOME/.venv/lib/python3.13/site-packages/torch/autograd/graph.py:865: UserWarning: Using backward() with create_graph=True will create a reference cycle between the parameter and its gradient which can cause a memory leak. We recommend using autograd.grad when creating the graph to avoid this. If you have to use this function, make sure to reset the .grad fields of your parameters to None after use to break the cycle and avoid the leak. (Triggered internally at /Users/runner/work/pytorch/pytorch/pytorch/torch/csrc/autograd/engine.cpp:1306.)
  return Variable._execution_engine.run_backward(  # Calls into the C++ engine to run the backward pass
$HOME/Desktop/dla-v0.2/analysis/wfast_geom/audit_b3.py:120: UserWarning: Converting a tensor with requires_grad=True to a scalar may lead to unexpected behavior.
Consider using tensor.detach() first. (Triggered internally at /Users/runner/work/pytorch/pytorch/pytorch/torch/csrc/autograd/generated/python_variable_methods.cpp:837.)
  wmag = math.sqrt(sum(float((tv["consolidate_fast_direct"] * s_["w_fast"]).pow(2).sum())
$HOME/Desktop/dla-v0.2/analysis/wfast_geom/audit_b3.py:120: UserWarning: Converting a tensor with requires_grad=True to a scalar may lead to unexpected behavior.
Consider using tensor.detach() first. (Triggered internally at /Users/runner/work/pytorch/pytorch/pytorch/torch/csrc/autograd/generated/python_variable_methods.cpp:837.)
  wmag = math.sqrt(sum(float((tv["consolidate_fast_direct"] * s_["w_fast"]).pow(2).sum())
$HOME/.venv/lib/python3.13/site-packages/torch/autograd/graph.py:865: UserWarning: Using backward() with create_graph=True will create a reference cycle between the parameter and its gradient which can cause a memory leak. We recommend using autograd.grad when creating the graph to avoid this. If you have to use this function, make sure to reset the .grad fields of your parameters to None after use to break the cycle and avoid the leak. (Triggered internally at /Users/runner/work/pytorch/pytorch/pytorch/torch/csrc/autograd/engine.cpp:1306.)
  return Variable._execution_engine.run_backward(  # Calls into the C++ engine to run the backward pass
$HOME/.venv/lib/python3.13/site-packages/torch/autograd/graph.py:865: UserWarning: Using backward() with create_graph=True will create a reference cycle between the parameter and its gradient which can cause a memory leak. We recommend using autograd.grad when creating the graph to avoid this. If you have to use this function, make sure to reset the .grad fields of your parameters to None after use to break the cycle and avoid the leak. (Triggered internally at /Users/runner/work/pytorch/pytorch/pytorch/torch/csrc/autograd/engine.cpp:1306.)
  return Variable._execution_engine.run_backward(  # Calls into the C++ engine to run the backward pass
number of parameters: 6.59M
number of parameters: 6.59M
number of parameters: 6.59M
seed 2 HE shufwrite: pre=43.60 gain40=+0.0117 LE=1.000
number of parameters: 6.59M
number of parameters: 6.59M
number of parameters: 6.59M
seed 3 HE shufwrite: pre=41.35 gain40=+0.0093 LE=0.664
number of parameters: 6.59M
number of parameters: 6.59M
number of parameters: 6.59M
seed 3 EH shufwrite: pre=41.07 gain40=-0.0012 LE=0.000
SHUF_DONE
