$HOME/Desktop/dla-v0.2/analysis/wfast_geom/audit_b3.py:140: UserWarning: Converting a tensor with requires_grad=True to a scalar may lead to unexpected behavior.
Consider using tensor.detach() first. (Triggered internally at /Users/runner/work/pytorch/pytorch/pytorch/torch/csrc/autograd/generated/python_variable_methods.cpp:837.)
  wmag = math.sqrt(sum(float((tv["consolidate_fast_direct"] * gs * s_["w_fast"]).pow(2).sum())
$HOME/Desktop/dla-v0.2/analysis/wfast_geom/audit_b3.py:140: UserWarning: Converting a tensor with requires_grad=True to a scalar may lead to unexpected behavior.
Consider using tensor.detach() first. (Triggered internally at /Users/runner/work/pytorch/pytorch/pytorch/torch/csrc/autograd/generated/python_variable_methods.cpp:837.)
  wmag = math.sqrt(sum(float((tv["consolidate_fast_direct"] * gs * s_["w_fast"]).pow(2).sum())
$HOME/.venv/lib/python3.13/site-packages/torch/autograd/graph.py:865: UserWarning: Using backward() with create_graph=True will create a reference cycle between the parameter and its gradient which can cause a memory leak. We recommend using autograd.grad when creating the graph to avoid this. If you have to use this function, make sure to reset the .grad fields of your parameters to None after use to break the cycle and avoid the leak. (Triggered internally at /Users/runner/work/pytorch/pytorch/pytorch/torch/csrc/autograd/engine.cpp:1306.)
  return Variable._execution_engine.run_backward(  # Calls into the C++ engine to run the backward pass
$HOME/.venv/lib/python3.13/site-packages/torch/autograd/graph.py:865: UserWarning: Using backward() with create_graph=True will create a reference cycle between the parameter and its gradient which can cause a memory leak. We recommend using autograd.grad when creating the graph to avoid this. If you have to use this function, make sure to reset the .grad fields of your parameters to None after use to break the cycle and avoid the leak. (Triggered internally at /Users/runner/work/pytorch/pytorch/pytorch/torch/csrc/autograd/engine.cpp:1306.)
  return Variable._execution_engine.run_backward(  # Calls into the C++ engine to run the backward pass
$HOME/.venv/lib/python3.13/site-packages/torch/autograd/graph.py:865: UserWarning: Using backward() with create_graph=True will create a reference cycle between the parameter and its gradient which can cause a memory leak. We recommend using autograd.grad when creating the graph to avoid this. If you have to use this function, make sure to reset the .grad fields of your parameters to None after use to break the cycle and avoid the leak. (Triggered internally at /Users/runner/work/pytorch/pytorch/pytorch/torch/csrc/autograd/engine.cpp:1306.)
  return Variable._execution_engine.run_backward(  # Calls into the C++ engine to run the backward pass
$HOME/.venv/lib/python3.13/site-packages/torch/autograd/graph.py:865: UserWarning: Using backward() with create_graph=True will create a reference cycle between the parameter and its gradient which can cause a memory leak. We recommend using autograd.grad when creating the graph to avoid this. If you have to use this function, make sure to reset the .grad fields of your parameters to None after use to break the cycle and avoid the leak. (Triggered internally at /Users/runner/work/pytorch/pytorch/pytorch/torch/csrc/autograd/engine.cpp:1306.)
  return Variable._execution_engine.run_backward(  # Calls into the C++ engine to run the backward pass
$HOME/Desktop/dla-v0.2/analysis/wfast_geom/audit_b3.py:197: UserWarning: Converting a tensor with requires_grad=True to a scalar may lead to unexpected behavior.
Consider using tensor.detach() first. (Triggered internally at /Users/runner/work/pytorch/pytorch/pytorch/torch/csrc/autograd/generated/python_variable_methods.cpp:837.)
  sn = math.sqrt(sum(float(mp.pow(2).sum()) for mp in model.parameters() if mp.ndim >= 2))
$HOME/Desktop/dla-v0.2/analysis/wfast_geom/audit_b3.py:197: UserWarning: Converting a tensor with requires_grad=True to a scalar may lead to unexpected behavior.
Consider using tensor.detach() first. (Triggered internally at /Users/runner/work/pytorch/pytorch/pytorch/torch/csrc/autograd/generated/python_variable_methods.cpp:837.)
  sn = math.sqrt(sum(float(mp.pow(2).sum()) for mp in model.parameters() if mp.ndim >= 2))
number of parameters: 6.59M
number of parameters: 6.59M
number of parameters: 6.59M
seed 0 HE nosleep: pre=45.61 gain40=+0.0614 LE=0.880
number of parameters: 6.59M
number of parameters: 6.59M
number of parameters: 6.59M
seed 0 HE uniformwrite: pre=43.43 gain40=+0.0114 LE=0.739
number of parameters: 6.59M
number of parameters: 6.59M
number of parameters: 6.59M
seed 0 HE direct: pre=44.29 gain40=+0.0335 LE=0.877
number of parameters: 6.59M
number of parameters: 6.59M
number of parameters: 6.59M
seed 0 HE nocons: pre=43.29 gain40=+0.0134 LE=0.700
$HOME/Desktop/dla-v0.2/analysis/wfast_geom/audit_b3.py:140: UserWarning: Converting a tensor with requires_grad=True to a scalar may lead to unexpected behavior.
Consider using tensor.detach() first. (Triggered internally at /Users/runner/work/pytorch/pytorch/pytorch/torch/csrc/autograd/generated/python_variable_methods.cpp:837.)
  wmag = math.sqrt(sum(float((tv["consolidate_fast_direct"] * gs * s_["w_fast"]).pow(2).sum())
$HOME/.venv/lib/python3.13/site-packages/torch/autograd/graph.py:865: UserWarning: Using backward() with create_graph=True will create a reference cycle between the parameter and its gradient which can cause a memory leak. We recommend using autograd.grad when creating the graph to avoid this. If you have to use this function, make sure to reset the .grad fields of your parameters to None after use to break the cycle and avoid the leak. (Triggered internally at /Users/runner/work/pytorch/pytorch/pytorch/torch/csrc/autograd/engine.cpp:1306.)
  return Variable._execution_engine.run_backward(  # Calls into the C++ engine to run the backward pass
$HOME/.venv/lib/python3.13/site-packages/torch/autograd/graph.py:865: UserWarning: Using backward() with create_graph=True will create a reference cycle between the parameter and its gradient which can cause a memory leak. We recommend using autograd.grad when creating the graph to avoid this. If you have to use this function, make sure to reset the .grad fields of your parameters to None after use to break the cycle and avoid the leak. (Triggered internally at /Users/runner/work/pytorch/pytorch/pytorch/torch/csrc/autograd/engine.cpp:1306.)
  return Variable._execution_engine.run_backward(  # Calls into the C++ engine to run the backward pass
$HOME/Desktop/dla-v0.2/analysis/wfast_geom/audit_b3.py:140: UserWarning: Converting a tensor with requires_grad=True to a scalar may lead to unexpected behavior.
Consider using tensor.detach() first. (Triggered internally at /Users/runner/work/pytorch/pytorch/pytorch/torch/csrc/autograd/generated/python_variable_methods.cpp:837.)
  wmag = math.sqrt(sum(float((tv["consolidate_fast_direct"] * gs * s_["w_fast"]).pow(2).sum())
$HOME/Desktop/dla-v0.2/analysis/wfast_geom/audit_b3.py:140: UserWarning: Converting a tensor with requires_grad=True to a scalar may lead to unexpected behavior.
Consider using tensor.detach() first. (Triggered internally at /Users/runner/work/pytorch/pytorch/pytorch/torch/csrc/autograd/generated/python_variable_methods.cpp:837.)
  wmag = math.sqrt(sum(float((tv["consolidate_fast_direct"] * gs * s_["w_fast"]).pow(2).sum())
$HOME/.venv/lib/python3.13/site-packages/torch/autograd/graph.py:865: UserWarning: Using backward() with create_graph=True will create a reference cycle between the parameter and its gradient which can cause a memory leak. We recommend using autograd.grad when creating the graph to avoid this. If you have to use this function, make sure to reset the .grad fields of your parameters to None after use to break the cycle and avoid the leak. (Triggered internally at /Users/runner/work/pytorch/pytorch/pytorch/torch/csrc/autograd/engine.cpp:1306.)
  return Variable._execution_engine.run_backward(  # Calls into the C++ engine to run the backward pass
$HOME/.venv/lib/python3.13/site-packages/torch/autograd/graph.py:865: UserWarning: Using backward() with create_graph=True will create a reference cycle between the parameter and its gradient which can cause a memory leak. We recommend using autograd.grad when creating the graph to avoid this. If you have to use this function, make sure to reset the .grad fields of your parameters to None after use to break the cycle and avoid the leak. (Triggered internally at /Users/runner/work/pytorch/pytorch/pytorch/torch/csrc/autograd/engine.cpp:1306.)
  return Variable._execution_engine.run_backward(  # Calls into the C++ engine to run the backward pass
$HOME/Desktop/dla-v0.2/analysis/wfast_geom/audit_b3.py:197: UserWarning: Converting a tensor with requires_grad=True to a scalar may lead to unexpected behavior.
Consider using tensor.detach() first. (Triggered internally at /Users/runner/work/pytorch/pytorch/pytorch/torch/csrc/autograd/generated/python_variable_methods.cpp:837.)
  sn = math.sqrt(sum(float(mp.pow(2).sum()) for mp in model.parameters() if mp.ndim >= 2))
number of parameters: 6.59M
number of parameters: 6.59M
number of parameters: 6.59M
seed 1 HE nocons: pre=45.14 gain40=+0.0099 LE=1.000
number of parameters: 6.59M
number of parameters: 6.59M
number of parameters: 6.59M
seed 0 HE topwrite: pre=43.39 gain40=+0.0119 LE=0.693
number of parameters: 6.59M
number of parameters: 6.59M
number of parameters: 6.59M
seed 1 HE direct: pre=45.67 gain40=+0.0199 LE=0.846
number of parameters: 6.59M
number of parameters: 6.59M
number of parameters: 6.59M
seed 0 HE shufwrite: pre=43.41 gain40=+0.0108 LE=0.657
$HOME/Desktop/dla-v0.2/analysis/wfast_geom/audit_b3.py:140: UserWarning: Converting a tensor with requires_grad=True to a scalar may lead to unexpected behavior.
Consider using tensor.detach() first. (Triggered internally at /Users/runner/work/pytorch/pytorch/pytorch/torch/csrc/autograd/generated/python_variable_methods.cpp:837.)
  wmag = math.sqrt(sum(float((tv["consolidate_fast_direct"] * gs * s_["w_fast"]).pow(2).sum())
$HOME/.venv/lib/python3.13/site-packages/torch/autograd/graph.py:865: UserWarning: Using backward() with create_graph=True will create a reference cycle between the parameter and its gradient which can cause a memory leak. We recommend using autograd.grad when creating the graph to avoid this. If you have to use this function, make sure to reset the .grad fields of your parameters to None after use to break the cycle and avoid the leak. (Triggered internally at /Users/runner/work/pytorch/pytorch/pytorch/torch/csrc/autograd/engine.cpp:1306.)
  return Variable._execution_engine.run_backward(  # Calls into the C++ engine to run the backward pass
$HOME/.venv/lib/python3.13/site-packages/torch/autograd/graph.py:865: UserWarning: Using backward() with create_graph=True will create a reference cycle between the parameter and its gradient which can cause a memory leak. We recommend using autograd.grad when creating the graph to avoid this. If you have to use this function, make sure to reset the .grad fields of your parameters to None after use to break the cycle and avoid the leak. (Triggered internally at /Users/runner/work/pytorch/pytorch/pytorch/torch/csrc/autograd/engine.cpp:1306.)
  return Variable._execution_engine.run_backward(  # Calls into the C++ engine to run the backward pass
$HOME/Desktop/dla-v0.2/analysis/wfast_geom/audit_b3.py:140: UserWarning: Converting a tensor with requires_grad=True to a scalar may lead to unexpected behavior.
Consider using tensor.detach() first. (Triggered internally at /Users/runner/work/pytorch/pytorch/pytorch/torch/csrc/autograd/generated/python_variable_methods.cpp:837.)
  wmag = math.sqrt(sum(float((tv["consolidate_fast_direct"] * gs * s_["w_fast"]).pow(2).sum())
$HOME/Desktop/dla-v0.2/analysis/wfast_geom/audit_b3.py:140: UserWarning: Converting a tensor with requires_grad=True to a scalar may lead to unexpected behavior.
Consider using tensor.detach() first. (Triggered internally at /Users/runner/work/pytorch/pytorch/pytorch/torch/csrc/autograd/generated/python_variable_methods.cpp:837.)
  wmag = math.sqrt(sum(float((tv["consolidate_fast_direct"] * gs * s_["w_fast"]).pow(2).sum())
$HOME/.venv/lib/python3.13/site-packages/torch/autograd/graph.py:865: UserWarning: Using backward() with create_graph=True will create a reference cycle between the parameter and its gradient which can cause a memory leak. We recommend using autograd.grad when creating the graph to avoid this. If you have to use this function, make sure to reset the .grad fields of your parameters to None after use to break the cycle and avoid the leak. (Triggered internally at /Users/runner/work/pytorch/pytorch/pytorch/torch/csrc/autograd/engine.cpp:1306.)
  return Variable._execution_engine.run_backward(  # Calls into the C++ engine to run the backward pass
$HOME/.venv/lib/python3.13/site-packages/torch/autograd/graph.py:865: UserWarning: Using backward() with create_graph=True will create a reference cycle between the parameter and its gradient which can cause a memory leak. We recommend using autograd.grad when creating the graph to avoid this. If you have to use this function, make sure to reset the .grad fields of your parameters to None after use to break the cycle and avoid the leak. (Triggered internally at /Users/runner/work/pytorch/pytorch/pytorch/torch/csrc/autograd/engine.cpp:1306.)
  return Variable._execution_engine.run_backward(  # Calls into the C++ engine to run the backward pass
$HOME/Desktop/dla-v0.2/analysis/wfast_geom/audit_b3.py:197: UserWarning: Converting a tensor with requires_grad=True to a scalar may lead to unexpected behavior.
Consider using tensor.detach() first. (Triggered internally at /Users/runner/work/pytorch/pytorch/pytorch/torch/csrc/autograd/generated/python_variable_methods.cpp:837.)
  sn = math.sqrt(sum(float(mp.pow(2).sum()) for mp in model.parameters() if mp.ndim >= 2))
number of parameters: 6.59M
number of parameters: 6.59M
number of parameters: 6.59M
seed 1 HE shufwrite: pre=45.18 gain40=+0.0064 LE=0.826
number of parameters: 6.59M
number of parameters: 6.59M
number of parameters: 6.59M
seed 1 HE topwrite: pre=45.20 gain40=+0.0072 LE=0.531
number of parameters: 6.59M
number of parameters: 6.59M
number of parameters: 6.59M
seed 1 HE nosleep: pre=46.72 gain40=+0.0457 LE=0.902
number of parameters: 6.59M
number of parameters: 6.59M
number of parameters: 6.59M
seed 1 HE uniformwrite: pre=45.16 gain40=+0.0047 LE=0.480
$HOME/Desktop/dla-v0.2/analysis/wfast_geom/audit_b3.py:140: UserWarning: Converting a tensor with requires_grad=True to a scalar may lead to unexpected behavior.
Consider using tensor.detach() first. (Triggered internally at /Users/runner/work/pytorch/pytorch/pytorch/torch/csrc/autograd/generated/python_variable_methods.cpp:837.)
  wmag = math.sqrt(sum(float((tv["consolidate_fast_direct"] * gs * s_["w_fast"]).pow(2).sum())
$HOME/.venv/lib/python3.13/site-packages/torch/autograd/graph.py:865: UserWarning: Using backward() with create_graph=True will create a reference cycle between the parameter and its gradient which can cause a memory leak. We recommend using autograd.grad when creating the graph to avoid this. If you have to use this function, make sure to reset the .grad fields of your parameters to None after use to break the cycle and avoid the leak. (Triggered internally at /Users/runner/work/pytorch/pytorch/pytorch/torch/csrc/autograd/engine.cpp:1306.)
  return Variable._execution_engine.run_backward(  # Calls into the C++ engine to run the backward pass
$HOME/.venv/lib/python3.13/site-packages/torch/autograd/graph.py:865: UserWarning: Using backward() with create_graph=True will create a reference cycle between the parameter and its gradient which can cause a memory leak. We recommend using autograd.grad when creating the graph to avoid this. If you have to use this function, make sure to reset the .grad fields of your parameters to None after use to break the cycle and avoid the leak. (Triggered internally at /Users/runner/work/pytorch/pytorch/pytorch/torch/csrc/autograd/engine.cpp:1306.)
  return Variable._execution_engine.run_backward(  # Calls into the C++ engine to run the backward pass
$HOME/.venv/lib/python3.13/site-packages/torch/autograd/graph.py:865: UserWarning: Using backward() with create_graph=True will create a reference cycle between the parameter and its gradient which can cause a memory leak. We recommend using autograd.grad when creating the graph to avoid this. If you have to use this function, make sure to reset the .grad fields of your parameters to None after use to break the cycle and avoid the leak. (Triggered internally at /Users/runner/work/pytorch/pytorch/pytorch/torch/csrc/autograd/engine.cpp:1306.)
  return Variable._execution_engine.run_backward(  # Calls into the C++ engine to run the backward pass
$HOME/Desktop/dla-v0.2/analysis/wfast_geom/audit_b3.py:140: UserWarning: Converting a tensor with requires_grad=True to a scalar may lead to unexpected behavior.
Consider using tensor.detach() first. (Triggered internally at /Users/runner/work/pytorch/pytorch/pytorch/torch/csrc/autograd/generated/python_variable_methods.cpp:837.)
  wmag = math.sqrt(sum(float((tv["consolidate_fast_direct"] * gs * s_["w_fast"]).pow(2).sum())
$HOME/.venv/lib/python3.13/site-packages/torch/autograd/graph.py:865: UserWarning: Using backward() with create_graph=True will create a reference cycle between the parameter and its gradient which can cause a memory leak. We recommend using autograd.grad when creating the graph to avoid this. If you have to use this function, make sure to reset the .grad fields of your parameters to None after use to break the cycle and avoid the leak. (Triggered internally at /Users/runner/work/pytorch/pytorch/pytorch/torch/csrc/autograd/engine.cpp:1306.)
  return Variable._execution_engine.run_backward(  # Calls into the C++ engine to run the backward pass
$HOME/Desktop/dla-v0.2/analysis/wfast_geom/audit_b3.py:197: UserWarning: Converting a tensor with requires_grad=True to a scalar may lead to unexpected behavior.
Consider using tensor.detach() first. (Triggered internally at /Users/runner/work/pytorch/pytorch/pytorch/torch/csrc/autograd/generated/python_variable_methods.cpp:837.)
  sn = math.sqrt(sum(float(mp.pow(2).sum()) for mp in model.parameters() if mp.ndim >= 2))
$HOME/Desktop/dla-v0.2/analysis/wfast_geom/audit_b3.py:197: UserWarning: Converting a tensor with requires_grad=True to a scalar may lead to unexpected behavior.
Consider using tensor.detach() first. (Triggered internally at /Users/runner/work/pytorch/pytorch/pytorch/torch/csrc/autograd/generated/python_variable_methods.cpp:837.)
  sn = math.sqrt(sum(float(mp.pow(2).sum()) for mp in model.parameters() if mp.ndim >= 2))
number of parameters: 6.59M
number of parameters: 6.59M
number of parameters: 6.59M
seed 2 HE nocons: pre=43.65 gain40=+0.0123 LE=1.000
number of parameters: 6.59M
number of parameters: 6.59M
number of parameters: 6.59M
seed 2 HE direct: pre=44.17 gain40=+0.0248 LE=0.911
number of parameters: 6.59M
number of parameters: 6.59M
number of parameters: 6.59M
seed 2 HE nosleep: pre=45.14 gain40=+0.0536 LE=1.000
number of parameters: 6.59M
number of parameters: 6.59M
number of parameters: 6.59M
seed 2 HE uniformwrite: pre=43.61 gain40=+0.0100 LE=0.783
$HOME/Desktop/dla-v0.2/analysis/wfast_geom/audit_b3.py:140: UserWarning: Converting a tensor with requires_grad=True to a scalar may lead to unexpected behavior.
Consider using tensor.detach() first. (Triggered internally at /Users/runner/work/pytorch/pytorch/pytorch/torch/csrc/autograd/generated/python_variable_methods.cpp:837.)
  wmag = math.sqrt(sum(float((tv["consolidate_fast_direct"] * gs * s_["w_fast"]).pow(2).sum())
$HOME/.venv/lib/python3.13/site-packages/torch/autograd/graph.py:865: UserWarning: Using backward() with create_graph=True will create a reference cycle between the parameter and its gradient which can cause a memory leak. We recommend using autograd.grad when creating the graph to avoid this. If you have to use this function, make sure to reset the .grad fields of your parameters to None after use to break the cycle and avoid the leak. (Triggered internally at /Users/runner/work/pytorch/pytorch/pytorch/torch/csrc/autograd/engine.cpp:1306.)
  return Variable._execution_engine.run_backward(  # Calls into the C++ engine to run the backward pass
$HOME/Desktop/dla-v0.2/analysis/wfast_geom/audit_b3.py:140: UserWarning: Converting a tensor with requires_grad=True to a scalar may lead to unexpected behavior.
Consider using tensor.detach() first. (Triggered internally at /Users/runner/work/pytorch/pytorch/pytorch/torch/csrc/autograd/generated/python_variable_methods.cpp:837.)
  wmag = math.sqrt(sum(float((tv["consolidate_fast_direct"] * gs * s_["w_fast"]).pow(2).sum())
$HOME/Desktop/dla-v0.2/analysis/wfast_geom/audit_b3.py:140: UserWarning: Converting a tensor with requires_grad=True to a scalar may lead to unexpected behavior.
Consider using tensor.detach() first. (Triggered internally at /Users/runner/work/pytorch/pytorch/pytorch/torch/csrc/autograd/generated/python_variable_methods.cpp:837.)
  wmag = math.sqrt(sum(float((tv["consolidate_fast_direct"] * gs * s_["w_fast"]).pow(2).sum())
$HOME/.venv/lib/python3.13/site-packages/torch/autograd/graph.py:865: UserWarning: Using backward() with create_graph=True will create a reference cycle between the parameter and its gradient which can cause a memory leak. We recommend using autograd.grad when creating the graph to avoid this. If you have to use this function, make sure to reset the .grad fields of your parameters to None after use to break the cycle and avoid the leak. (Triggered internally at /Users/runner/work/pytorch/pytorch/pytorch/torch/csrc/autograd/engine.cpp:1306.)
  return Variable._execution_engine.run_backward(  # Calls into the C++ engine to run the backward pass
$HOME/.venv/lib/python3.13/site-packages/torch/autograd/graph.py:865: UserWarning: Using backward() with create_graph=True will create a reference cycle between the parameter and its gradient which can cause a memory leak. We recommend using autograd.grad when creating the graph to avoid this. If you have to use this function, make sure to reset the .grad fields of your parameters to None after use to break the cycle and avoid the leak. (Triggered internally at /Users/runner/work/pytorch/pytorch/pytorch/torch/csrc/autograd/engine.cpp:1306.)
  return Variable._execution_engine.run_backward(  # Calls into the C++ engine to run the backward pass
$HOME/.venv/lib/python3.13/site-packages/torch/autograd/graph.py:865: UserWarning: Using backward() with create_graph=True will create a reference cycle between the parameter and its gradient which can cause a memory leak. We recommend using autograd.grad when creating the graph to avoid this. If you have to use this function, make sure to reset the .grad fields of your parameters to None after use to break the cycle and avoid the leak. (Triggered internally at /Users/runner/work/pytorch/pytorch/pytorch/torch/csrc/autograd/engine.cpp:1306.)
  return Variable._execution_engine.run_backward(  # Calls into the C++ engine to run the backward pass
$HOME/Desktop/dla-v0.2/analysis/wfast_geom/audit_b3.py:197: UserWarning: Converting a tensor with requires_grad=True to a scalar may lead to unexpected behavior.
Consider using tensor.detach() first. (Triggered internally at /Users/runner/work/pytorch/pytorch/pytorch/torch/csrc/autograd/generated/python_variable_methods.cpp:837.)
  sn = math.sqrt(sum(float(mp.pow(2).sum()) for mp in model.parameters() if mp.ndim >= 2))
number of parameters: 6.59M
number of parameters: 6.59M
number of parameters: 6.59M
seed 2 HE shufwrite: pre=43.53 gain40=+0.0086 LE=0.930
number of parameters: 6.59M
number of parameters: 6.59M
number of parameters: 6.59M
seed 3 HE nocons: pre=41.23 gain40=+0.0035 LE=0.339
number of parameters: 6.59M
number of parameters: 6.59M
number of parameters: 6.59M
seed 3 HE direct: pre=41.70 gain40=+0.0180 LE=0.940
number of parameters: 6.59M
number of parameters: 6.59M
number of parameters: 6.59M
seed 2 HE topwrite: pre=43.69 gain40=+0.0146 LE=0.951
$HOME/Desktop/dla-v0.2/analysis/wfast_geom/audit_b3.py:140: UserWarning: Converting a tensor with requires_grad=True to a scalar may lead to unexpected behavior.
Consider using tensor.detach() first. (Triggered internally at /Users/runner/work/pytorch/pytorch/pytorch/torch/csrc/autograd/generated/python_variable_methods.cpp:837.)
  wmag = math.sqrt(sum(float((tv["consolidate_fast_direct"] * gs * s_["w_fast"]).pow(2).sum())
$HOME/Desktop/dla-v0.2/analysis/wfast_geom/audit_b3.py:140: UserWarning: Converting a tensor with requires_grad=True to a scalar may lead to unexpected behavior.
Consider using tensor.detach() first. (Triggered internally at /Users/runner/work/pytorch/pytorch/pytorch/torch/csrc/autograd/generated/python_variable_methods.cpp:837.)
  wmag = math.sqrt(sum(float((tv["consolidate_fast_direct"] * gs * s_["w_fast"]).pow(2).sum())
$HOME/.venv/lib/python3.13/site-packages/torch/autograd/graph.py:865: UserWarning: Using backward() with create_graph=True will create a reference cycle between the parameter and its gradient which can cause a memory leak. We recommend using autograd.grad when creating the graph to avoid this. If you have to use this function, make sure to reset the .grad fields of your parameters to None after use to break the cycle and avoid the leak. (Triggered internally at /Users/runner/work/pytorch/pytorch/pytorch/torch/csrc/autograd/engine.cpp:1306.)
  return Variable._execution_engine.run_backward(  # Calls into the C++ engine to run the backward pass
$HOME/.venv/lib/python3.13/site-packages/torch/autograd/graph.py:865: UserWarning: Using backward() with create_graph=True will create a reference cycle between the parameter and its gradient which can cause a memory leak. We recommend using autograd.grad when creating the graph to avoid this. If you have to use this function, make sure to reset the .grad fields of your parameters to None after use to break the cycle and avoid the leak. (Triggered internally at /Users/runner/work/pytorch/pytorch/pytorch/torch/csrc/autograd/engine.cpp:1306.)
  return Variable._execution_engine.run_backward(  # Calls into the C++ engine to run the backward pass
$HOME/Desktop/dla-v0.2/analysis/wfast_geom/audit_b3.py:140: UserWarning: Converting a tensor with requires_grad=True to a scalar may lead to unexpected behavior.
Consider using tensor.detach() first. (Triggered internally at /Users/runner/work/pytorch/pytorch/pytorch/torch/csrc/autograd/generated/python_variable_methods.cpp:837.)
  wmag = math.sqrt(sum(float((tv["consolidate_fast_direct"] * gs * s_["w_fast"]).pow(2).sum())
$HOME/.venv/lib/python3.13/site-packages/torch/autograd/graph.py:865: UserWarning: Using backward() with create_graph=True will create a reference cycle between the parameter and its gradient which can cause a memory leak. We recommend using autograd.grad when creating the graph to avoid this. If you have to use this function, make sure to reset the .grad fields of your parameters to None after use to break the cycle and avoid the leak. (Triggered internally at /Users/runner/work/pytorch/pytorch/pytorch/torch/csrc/autograd/engine.cpp:1306.)
  return Variable._execution_engine.run_backward(  # Calls into the C++ engine to run the backward pass
$HOME/.venv/lib/python3.13/site-packages/torch/autograd/graph.py:865: UserWarning: Using backward() with create_graph=True will create a reference cycle between the parameter and its gradient which can cause a memory leak. We recommend using autograd.grad when creating the graph to avoid this. If you have to use this function, make sure to reset the .grad fields of your parameters to None after use to break the cycle and avoid the leak. (Triggered internally at /Users/runner/work/pytorch/pytorch/pytorch/torch/csrc/autograd/engine.cpp:1306.)
  return Variable._execution_engine.run_backward(  # Calls into the C++ engine to run the backward pass
$HOME/Desktop/dla-v0.2/analysis/wfast_geom/audit_b3.py:197: UserWarning: Converting a tensor with requires_grad=True to a scalar may lead to unexpected behavior.
Consider using tensor.detach() first. (Triggered internally at /Users/runner/work/pytorch/pytorch/pytorch/torch/csrc/autograd/generated/python_variable_methods.cpp:837.)
  sn = math.sqrt(sum(float(mp.pow(2).sum()) for mp in model.parameters() if mp.ndim >= 2))
number of parameters: 6.59M
number of parameters: 6.59M
number of parameters: 6.59M
seed 3 HE shufwrite: pre=41.37 gain40=+0.0078 LE=0.585
number of parameters: 6.59M
number of parameters: 6.59M
number of parameters: 6.59M
seed 3 HE nosleep: pre=41.86 gain40=+0.0233 LE=0.886
number of parameters: 6.59M
number of parameters: 6.59M
number of parameters: 6.59M
seed 3 HE uniformwrite: pre=41.26 gain40=+0.0089 LE=0.867
number of parameters: 6.59M
number of parameters: 6.59M
number of parameters: 6.59M
seed 3 HE topwrite: pre=41.37 gain40=+0.0109 LE=0.772
$HOME/Desktop/dla-v0.2/analysis/wfast_geom/audit_b3.py:140: UserWarning: Converting a tensor with requires_grad=True to a scalar may lead to unexpected behavior.
Consider using tensor.detach() first. (Triggered internally at /Users/runner/work/pytorch/pytorch/pytorch/torch/csrc/autograd/generated/python_variable_methods.cpp:837.)
  wmag = math.sqrt(sum(float((tv["consolidate_fast_direct"] * gs * s_["w_fast"]).pow(2).sum())
$HOME/.venv/lib/python3.13/site-packages/torch/autograd/graph.py:865: UserWarning: Using backward() with create_graph=True will create a reference cycle between the parameter and its gradient which can cause a memory leak. We recommend using autograd.grad when creating the graph to avoid this. If you have to use this function, make sure to reset the .grad fields of your parameters to None after use to break the cycle and avoid the leak. (Triggered internally at /Users/runner/work/pytorch/pytorch/pytorch/torch/csrc/autograd/engine.cpp:1306.)
  return Variable._execution_engine.run_backward(  # Calls into the C++ engine to run the backward pass
$HOME/.venv/lib/python3.13/site-packages/torch/autograd/graph.py:865: UserWarning: Using backward() with create_graph=True will create a reference cycle between the parameter and its gradient which can cause a memory leak. We recommend using autograd.grad when creating the graph to avoid this. If you have to use this function, make sure to reset the .grad fields of your parameters to None after use to break the cycle and avoid the leak. (Triggered internally at /Users/runner/work/pytorch/pytorch/pytorch/torch/csrc/autograd/engine.cpp:1306.)
  return Variable._execution_engine.run_backward(  # Calls into the C++ engine to run the backward pass
$HOME/Desktop/dla-v0.2/analysis/wfast_geom/audit_b3.py:140: UserWarning: Converting a tensor with requires_grad=True to a scalar may lead to unexpected behavior.
Consider using tensor.detach() first. (Triggered internally at /Users/runner/work/pytorch/pytorch/pytorch/torch/csrc/autograd/generated/python_variable_methods.cpp:837.)
  wmag = math.sqrt(sum(float((tv["consolidate_fast_direct"] * gs * s_["w_fast"]).pow(2).sum())
$HOME/.venv/lib/python3.13/site-packages/torch/autograd/graph.py:865: UserWarning: Using backward() with create_graph=True will create a reference cycle between the parameter and its gradient which can cause a memory leak. We recommend using autograd.grad when creating the graph to avoid this. If you have to use this function, make sure to reset the .grad fields of your parameters to None after use to break the cycle and avoid the leak. (Triggered internally at /Users/runner/work/pytorch/pytorch/pytorch/torch/csrc/autograd/engine.cpp:1306.)
  return Variable._execution_engine.run_backward(  # Calls into the C++ engine to run the backward pass
$HOME/.venv/lib/python3.13/site-packages/torch/autograd/graph.py:865: UserWarning: Using backward() with create_graph=True will create a reference cycle between the parameter and its gradient which can cause a memory leak. We recommend using autograd.grad when creating the graph to avoid this. If you have to use this function, make sure to reset the .grad fields of your parameters to None after use to break the cycle and avoid the leak. (Triggered internally at /Users/runner/work/pytorch/pytorch/pytorch/torch/csrc/autograd/engine.cpp:1306.)
  return Variable._execution_engine.run_backward(  # Calls into the C++ engine to run the backward pass
$HOME/Desktop/dla-v0.2/analysis/wfast_geom/audit_b3.py:197: UserWarning: Converting a tensor with requires_grad=True to a scalar may lead to unexpected behavior.
Consider using tensor.detach() first. (Triggered internally at /Users/runner/work/pytorch/pytorch/pytorch/torch/csrc/autograd/generated/python_variable_methods.cpp:837.)
  sn = math.sqrt(sum(float(mp.pow(2).sum()) for mp in model.parameters() if mp.ndim >= 2))
$HOME/Desktop/dla-v0.2/analysis/wfast_geom/audit_b3.py:197: UserWarning: Converting a tensor with requires_grad=True to a scalar may lead to unexpected behavior.
Consider using tensor.detach() first. (Triggered internally at /Users/runner/work/pytorch/pytorch/pytorch/torch/csrc/autograd/generated/python_variable_methods.cpp:837.)
  sn = math.sqrt(sum(float(mp.pow(2).sum()) for mp in model.parameters() if mp.ndim >= 2))
number of parameters: 6.59M
number of parameters: 6.59M
number of parameters: 6.59M
seed 4 HE nocons: pre=43.03 gain40=-0.0121 LE=0.000
number of parameters: 6.59M
number of parameters: 6.59M
number of parameters: 6.59M
seed 4 HE direct: pre=43.12 gain40=-0.0016 LE=0.000
number of parameters: 6.59M
number of parameters: 6.59M
number of parameters: 6.59M
seed 4 HE uniformwrite: pre=43.03 gain40=-0.0100 LE=0.000
number of parameters: 6.59M
number of parameters: 6.59M
number of parameters: 6.59M
seed 4 HE nosleep: pre=43.28 gain40=+0.0030 LE=0.962
$HOME/Desktop/dla-v0.2/analysis/wfast_geom/audit_b3.py:140: UserWarning: Converting a tensor with requires_grad=True to a scalar may lead to unexpected behavior.
Consider using tensor.detach() first. (Triggered internally at /Users/runner/work/pytorch/pytorch/pytorch/torch/csrc/autograd/generated/python_variable_methods.cpp:837.)
  wmag = math.sqrt(sum(float((tv["consolidate_fast_direct"] * gs * s_["w_fast"]).pow(2).sum())
$HOME/.venv/lib/python3.13/site-packages/torch/autograd/graph.py:865: UserWarning: Using backward() with create_graph=True will create a reference cycle between the parameter and its gradient which can cause a memory leak. We recommend using autograd.grad when creating the graph to avoid this. If you have to use this function, make sure to reset the .grad fields of your parameters to None after use to break the cycle and avoid the leak. (Triggered internally at /Users/runner/work/pytorch/pytorch/pytorch/torch/csrc/autograd/engine.cpp:1306.)
  return Variable._execution_engine.run_backward(  # Calls into the C++ engine to run the backward pass
$HOME/.venv/lib/python3.13/site-packages/torch/autograd/graph.py:865: UserWarning: Using backward() with create_graph=True will create a reference cycle between the parameter and its gradient which can cause a memory leak. We recommend using autograd.grad when creating the graph to avoid this. If you have to use this function, make sure to reset the .grad fields of your parameters to None after use to break the cycle and avoid the leak. (Triggered internally at /Users/runner/work/pytorch/pytorch/pytorch/torch/csrc/autograd/engine.cpp:1306.)
  return Variable._execution_engine.run_backward(  # Calls into the C++ engine to run the backward pass
$HOME/Desktop/dla-v0.2/analysis/wfast_geom/audit_b3.py:140: UserWarning: Converting a tensor with requires_grad=True to a scalar may lead to unexpected behavior.
Consider using tensor.detach() first. (Triggered internally at /Users/runner/work/pytorch/pytorch/pytorch/torch/csrc/autograd/generated/python_variable_methods.cpp:837.)
  wmag = math.sqrt(sum(float((tv["consolidate_fast_direct"] * gs * s_["w_fast"]).pow(2).sum())
$HOME/Desktop/dla-v0.2/analysis/wfast_geom/audit_b3.py:140: UserWarning: Converting a tensor with requires_grad=True to a scalar may lead to unexpected behavior.
Consider using tensor.detach() first. (Triggered internally at /Users/runner/work/pytorch/pytorch/pytorch/torch/csrc/autograd/generated/python_variable_methods.cpp:837.)
  wmag = math.sqrt(sum(float((tv["consolidate_fast_direct"] * gs * s_["w_fast"]).pow(2).sum())
$HOME/.venv/lib/python3.13/site-packages/torch/autograd/graph.py:865: UserWarning: Using backward() with create_graph=True will create a reference cycle between the parameter and its gradient which can cause a memory leak. We recommend using autograd.grad when creating the graph to avoid this. If you have to use this function, make sure to reset the .grad fields of your parameters to None after use to break the cycle and avoid the leak. (Triggered internally at /Users/runner/work/pytorch/pytorch/pytorch/torch/csrc/autograd/engine.cpp:1306.)
  return Variable._execution_engine.run_backward(  # Calls into the C++ engine to run the backward pass
$HOME/.venv/lib/python3.13/site-packages/torch/autograd/graph.py:865: UserWarning: Using backward() with create_graph=True will create a reference cycle between the parameter and its gradient which can cause a memory leak. We recommend using autograd.grad when creating the graph to avoid this. If you have to use this function, make sure to reset the .grad fields of your parameters to None after use to break the cycle and avoid the leak. (Triggered internally at /Users/runner/work/pytorch/pytorch/pytorch/torch/csrc/autograd/engine.cpp:1306.)
  return Variable._execution_engine.run_backward(  # Calls into the C++ engine to run the backward pass
$HOME/Desktop/dla-v0.2/analysis/wfast_geom/audit_b3.py:197: UserWarning: Converting a tensor with requires_grad=True to a scalar may lead to unexpected behavior.
Consider using tensor.detach() first. (Triggered internally at /Users/runner/work/pytorch/pytorch/pytorch/torch/csrc/autograd/generated/python_variable_methods.cpp:837.)
  sn = math.sqrt(sum(float(mp.pow(2).sum()) for mp in model.parameters() if mp.ndim >= 2))
number of parameters: 6.59M
number of parameters: 6.59M
number of parameters: 6.59M
seed 5 HE direct: pre=36.46 gain40=-0.0125 LE=0.000
number of parameters: 6.59M
number of parameters: 6.59M
number of parameters: 6.59M
seed 5 HE nocons: pre=36.35 gain40=-0.0157 LE=0.000
number of parameters: 6.59M
number of parameters: 6.59M
number of parameters: 6.59M
seed 4 HE shufwrite: pre=43.06 gain40=-0.0047 LE=0.000
number of parameters: 6.59M
number of parameters: 6.59M
number of parameters: 6.59M
seed 4 HE topwrite: pre=43.06 gain40=-0.0025 LE=0.000
$HOME/Desktop/dla-v0.2/analysis/wfast_geom/audit_b3.py:140: UserWarning: Converting a tensor with requires_grad=True to a scalar may lead to unexpected behavior.
Consider using tensor.detach() first. (Triggered internally at /Users/runner/work/pytorch/pytorch/pytorch/torch/csrc/autograd/generated/python_variable_methods.cpp:837.)
  wmag = math.sqrt(sum(float((tv["consolidate_fast_direct"] * gs * s_["w_fast"]).pow(2).sum())
$HOME/Desktop/dla-v0.2/analysis/wfast_geom/audit_b3.py:140: UserWarning: Converting a tensor with requires_grad=True to a scalar may lead to unexpected behavior.
Consider using tensor.detach() first. (Triggered internally at /Users/runner/work/pytorch/pytorch/pytorch/torch/csrc/autograd/generated/python_variable_methods.cpp:837.)
  wmag = math.sqrt(sum(float((tv["consolidate_fast_direct"] * gs * s_["w_fast"]).pow(2).sum())
$HOME/.venv/lib/python3.13/site-packages/torch/autograd/graph.py:865: UserWarning: Using backward() with create_graph=True will create a reference cycle between the parameter and its gradient which can cause a memory leak. We recommend using autograd.grad when creating the graph to avoid this. If you have to use this function, make sure to reset the .grad fields of your parameters to None after use to break the cycle and avoid the leak. (Triggered internally at /Users/runner/work/pytorch/pytorch/pytorch/torch/csrc/autograd/engine.cpp:1306.)
  return Variable._execution_engine.run_backward(  # Calls into the C++ engine to run the backward pass
$HOME/Desktop/dla-v0.2/analysis/wfast_geom/audit_b3.py:140: UserWarning: Converting a tensor with requires_grad=True to a scalar may lead to unexpected behavior.
Consider using tensor.detach() first. (Triggered internally at /Users/runner/work/pytorch/pytorch/pytorch/torch/csrc/autograd/generated/python_variable_methods.cpp:837.)
  wmag = math.sqrt(sum(float((tv["consolidate_fast_direct"] * gs * s_["w_fast"]).pow(2).sum())
$HOME/.venv/lib/python3.13/site-packages/torch/autograd/graph.py:865: UserWarning: Using backward() with create_graph=True will create a reference cycle between the parameter and its gradient which can cause a memory leak. We recommend using autograd.grad when creating the graph to avoid this. If you have to use this function, make sure to reset the .grad fields of your parameters to None after use to break the cycle and avoid the leak. (Triggered internally at /Users/runner/work/pytorch/pytorch/pytorch/torch/csrc/autograd/engine.cpp:1306.)
  return Variable._execution_engine.run_backward(  # Calls into the C++ engine to run the backward pass
$HOME/.venv/lib/python3.13/site-packages/torch/autograd/graph.py:865: UserWarning: Using backward() with create_graph=True will create a reference cycle between the parameter and its gradient which can cause a memory leak. We recommend using autograd.grad when creating the graph to avoid this. If you have to use this function, make sure to reset the .grad fields of your parameters to None after use to break the cycle and avoid the leak. (Triggered internally at /Users/runner/work/pytorch/pytorch/pytorch/torch/csrc/autograd/engine.cpp:1306.)
  return Variable._execution_engine.run_backward(  # Calls into the C++ engine to run the backward pass
$HOME/.venv/lib/python3.13/site-packages/torch/autograd/graph.py:865: UserWarning: Using backward() with create_graph=True will create a reference cycle between the parameter and its gradient which can cause a memory leak. We recommend using autograd.grad when creating the graph to avoid this. If you have to use this function, make sure to reset the .grad fields of your parameters to None after use to break the cycle and avoid the leak. (Triggered internally at /Users/runner/work/pytorch/pytorch/pytorch/torch/csrc/autograd/engine.cpp:1306.)
  return Variable._execution_engine.run_backward(  # Calls into the C++ engine to run the backward pass
$HOME/Desktop/dla-v0.2/analysis/wfast_geom/audit_b3.py:197: UserWarning: Converting a tensor with requires_grad=True to a scalar may lead to unexpected behavior.
Consider using tensor.detach() first. (Triggered internally at /Users/runner/work/pytorch/pytorch/pytorch/torch/csrc/autograd/generated/python_variable_methods.cpp:837.)
  sn = math.sqrt(sum(float(mp.pow(2).sum()) for mp in model.parameters() if mp.ndim >= 2))
number of parameters: 6.59M
number of parameters: 6.59M
number of parameters: 6.59M
seed 5 HE topwrite: pre=36.39 gain40=-0.0123 LE=0.000
number of parameters: 6.59M
number of parameters: 6.59M
number of parameters: 6.59M
seed 5 HE uniformwrite: pre=36.40 gain40=-0.0104 LE=0.000
number of parameters: 6.59M
number of parameters: 6.59M
number of parameters: 6.59M
seed 5 HE nosleep: pre=36.70 gain40=+0.0038 LE=0.719
number of parameters: 6.59M
number of parameters: 6.59M
number of parameters: 6.59M
seed 5 HE shufwrite: pre=36.42 gain40=-0.0134 LE=0.000
$HOME/.venv/lib/python3.13/site-packages/torch/autograd/graph.py:865: UserWarning: Using backward() with create_graph=True will create a reference cycle between the parameter and its gradient which can cause a memory leak. We recommend using autograd.grad when creating the graph to avoid this. If you have to use this function, make sure to reset the .grad fields of your parameters to None after use to break the cycle and avoid the leak. (Triggered internally at /Users/runner/work/pytorch/pytorch/pytorch/torch/csrc/autograd/engine.cpp:1306.)
  return Variable._execution_engine.run_backward(  # Calls into the C++ engine to run the backward pass
$HOME/Desktop/dla-v0.2/analysis/wfast_geom/audit_b3.py:140: UserWarning: Converting a tensor with requires_grad=True to a scalar may lead to unexpected behavior.
Consider using tensor.detach() first. (Triggered internally at /Users/runner/work/pytorch/pytorch/pytorch/torch/csrc/autograd/generated/python_variable_methods.cpp:837.)
  wmag = math.sqrt(sum(float((tv["consolidate_fast_direct"] * gs * s_["w_fast"]).pow(2).sum())
$HOME/.venv/lib/python3.13/site-packages/torch/autograd/graph.py:865: UserWarning: Using backward() with create_graph=True will create a reference cycle between the parameter and its gradient which can cause a memory leak. We recommend using autograd.grad when creating the graph to avoid this. If you have to use this function, make sure to reset the .grad fields of your parameters to None after use to break the cycle and avoid the leak. (Triggered internally at /Users/runner/work/pytorch/pytorch/pytorch/torch/csrc/autograd/engine.cpp:1306.)
  return Variable._execution_engine.run_backward(  # Calls into the C++ engine to run the backward pass
$HOME/.venv/lib/python3.13/site-packages/torch/autograd/graph.py:865: UserWarning: Using backward() with create_graph=True will create a reference cycle between the parameter and its gradient which can cause a memory leak. We recommend using autograd.grad when creating the graph to avoid this. If you have to use this function, make sure to reset the .grad fields of your parameters to None after use to break the cycle and avoid the leak. (Triggered internally at /Users/runner/work/pytorch/pytorch/pytorch/torch/csrc/autograd/engine.cpp:1306.)
  return Variable._execution_engine.run_backward(  # Calls into the C++ engine to run the backward pass
$HOME/Desktop/dla-v0.2/analysis/wfast_geom/audit_b3.py:140: UserWarning: Converting a tensor with requires_grad=True to a scalar may lead to unexpected behavior.
Consider using tensor.detach() first. (Triggered internally at /Users/runner/work/pytorch/pytorch/pytorch/torch/csrc/autograd/generated/python_variable_methods.cpp:837.)
  wmag = math.sqrt(sum(float((tv["consolidate_fast_direct"] * gs * s_["w_fast"]).pow(2).sum())
$HOME/.venv/lib/python3.13/site-packages/torch/autograd/graph.py:865: UserWarning: Using backward() with create_graph=True will create a reference cycle between the parameter and its gradient which can cause a memory leak. We recommend using autograd.grad when creating the graph to avoid this. If you have to use this function, make sure to reset the .grad fields of your parameters to None after use to break the cycle and avoid the leak. (Triggered internally at /Users/runner/work/pytorch/pytorch/pytorch/torch/csrc/autograd/engine.cpp:1306.)
  return Variable._execution_engine.run_backward(  # Calls into the C++ engine to run the backward pass
$HOME/Desktop/dla-v0.2/analysis/wfast_geom/audit_b3.py:197: UserWarning: Converting a tensor with requires_grad=True to a scalar may lead to unexpected behavior.
Consider using tensor.detach() first. (Triggered internally at /Users/runner/work/pytorch/pytorch/pytorch/torch/csrc/autograd/generated/python_variable_methods.cpp:837.)
  sn = math.sqrt(sum(float(mp.pow(2).sum()) for mp in model.parameters() if mp.ndim >= 2))
$HOME/Desktop/dla-v0.2/analysis/wfast_geom/audit_b3.py:197: UserWarning: Converting a tensor with requires_grad=True to a scalar may lead to unexpected behavior.
Consider using tensor.detach() first. (Triggered internally at /Users/runner/work/pytorch/pytorch/pytorch/torch/csrc/autograd/generated/python_variable_methods.cpp:837.)
  sn = math.sqrt(sum(float(mp.pow(2).sum()) for mp in model.parameters() if mp.ndim >= 2))
number of parameters: 6.59M
number of parameters: 6.59M
number of parameters: 6.59M
seed 6 HE nosleep: pre=41.53 gain40=+0.0008 LE=0.088
number of parameters: 6.59M
number of parameters: 6.59M
number of parameters: 6.59M
seed 6 HE nocons: pre=41.74 gain40=-0.0057 LE=0.000
number of parameters: 6.59M
number of parameters: 6.59M
number of parameters: 6.59M
seed 6 HE direct: pre=40.58 gain40=-0.0025 LE=0.000
number of parameters: 6.59M
number of parameters: 6.59M
number of parameters: 6.59M
seed 6 HE uniformwrite: pre=41.67 gain40=-0.0067 LE=0.000
$HOME/Desktop/dla-v0.2/analysis/wfast_geom/audit_b3.py:140: UserWarning: Converting a tensor with requires_grad=True to a scalar may lead to unexpected behavior.
Consider using tensor.detach() first. (Triggered internally at /Users/runner/work/pytorch/pytorch/pytorch/torch/csrc/autograd/generated/python_variable_methods.cpp:837.)
  wmag = math.sqrt(sum(float((tv["consolidate_fast_direct"] * gs * s_["w_fast"]).pow(2).sum())
$HOME/.venv/lib/python3.13/site-packages/torch/autograd/graph.py:865: UserWarning: Using backward() with create_graph=True will create a reference cycle between the parameter and its gradient which can cause a memory leak. We recommend using autograd.grad when creating the graph to avoid this. If you have to use this function, make sure to reset the .grad fields of your parameters to None after use to break the cycle and avoid the leak. (Triggered internally at /Users/runner/work/pytorch/pytorch/pytorch/torch/csrc/autograd/engine.cpp:1306.)
  return Variable._execution_engine.run_backward(  # Calls into the C++ engine to run the backward pass
$HOME/Desktop/dla-v0.2/analysis/wfast_geom/audit_b3.py:140: UserWarning: Converting a tensor with requires_grad=True to a scalar may lead to unexpected behavior.
Consider using tensor.detach() first. (Triggered internally at /Users/runner/work/pytorch/pytorch/pytorch/torch/csrc/autograd/generated/python_variable_methods.cpp:837.)
  wmag = math.sqrt(sum(float((tv["consolidate_fast_direct"] * gs * s_["w_fast"]).pow(2).sum())
$HOME/Desktop/dla-v0.2/analysis/wfast_geom/audit_b3.py:140: UserWarning: Converting a tensor with requires_grad=True to a scalar may lead to unexpected behavior.
Consider using tensor.detach() first. (Triggered internally at /Users/runner/work/pytorch/pytorch/pytorch/torch/csrc/autograd/generated/python_variable_methods.cpp:837.)
  wmag = math.sqrt(sum(float((tv["consolidate_fast_direct"] * gs * s_["w_fast"]).pow(2).sum())
$HOME/.venv/lib/python3.13/site-packages/torch/autograd/graph.py:865: UserWarning: Using backward() with create_graph=True will create a reference cycle between the parameter and its gradient which can cause a memory leak. We recommend using autograd.grad when creating the graph to avoid this. If you have to use this function, make sure to reset the .grad fields of your parameters to None after use to break the cycle and avoid the leak. (Triggered internally at /Users/runner/work/pytorch/pytorch/pytorch/torch/csrc/autograd/engine.cpp:1306.)
  return Variable._execution_engine.run_backward(  # Calls into the C++ engine to run the backward pass
$HOME/.venv/lib/python3.13/site-packages/torch/autograd/graph.py:865: UserWarning: Using backward() with create_graph=True will create a reference cycle between the parameter and its gradient which can cause a memory leak. We recommend using autograd.grad when creating the graph to avoid this. If you have to use this function, make sure to reset the .grad fields of your parameters to None after use to break the cycle and avoid the leak. (Triggered internally at /Users/runner/work/pytorch/pytorch/pytorch/torch/csrc/autograd/engine.cpp:1306.)
  return Variable._execution_engine.run_backward(  # Calls into the C++ engine to run the backward pass
$HOME/.venv/lib/python3.13/site-packages/torch/autograd/graph.py:865: UserWarning: Using backward() with create_graph=True will create a reference cycle between the parameter and its gradient which can cause a memory leak. We recommend using autograd.grad when creating the graph to avoid this. If you have to use this function, make sure to reset the .grad fields of your parameters to None after use to break the cycle and avoid the leak. (Triggered internally at /Users/runner/work/pytorch/pytorch/pytorch/torch/csrc/autograd/engine.cpp:1306.)
  return Variable._execution_engine.run_backward(  # Calls into the C++ engine to run the backward pass
$HOME/Desktop/dla-v0.2/analysis/wfast_geom/audit_b3.py:197: UserWarning: Converting a tensor with requires_grad=True to a scalar may lead to unexpected behavior.
Consider using tensor.detach() first. (Triggered internally at /Users/runner/work/pytorch/pytorch/pytorch/torch/csrc/autograd/generated/python_variable_methods.cpp:837.)
  sn = math.sqrt(sum(float(mp.pow(2).sum()) for mp in model.parameters() if mp.ndim >= 2))
number of parameters: 6.59M
number of parameters: 6.59M
number of parameters: 6.59M
seed 6 HE topwrite: pre=41.88 gain40=-0.0003 LE=0.000
number of parameters: 6.59M
number of parameters: 6.59M
number of parameters: 6.59M
seed 7 HE direct: pre=38.47 gain40=+0.0116 LE=1.000
number of parameters: 6.59M
number of parameters: 6.59M
number of parameters: 6.59M
seed 6 HE shufwrite: pre=41.80 gain40=-0.0037 LE=0.000
number of parameters: 6.59M
number of parameters: 6.59M
number of parameters: 6.59M
seed 7 HE nocons: pre=38.51 gain40=+0.0001 LE=0.126
$HOME/Desktop/dla-v0.2/analysis/wfast_geom/audit_b3.py:140: UserWarning: Converting a tensor with requires_grad=True to a scalar may lead to unexpected behavior.
Consider using tensor.detach() first. (Triggered internally at /Users/runner/work/pytorch/pytorch/pytorch/torch/csrc/autograd/generated/python_variable_methods.cpp:837.)
  wmag = math.sqrt(sum(float((tv["consolidate_fast_direct"] * gs * s_["w_fast"]).pow(2).sum())
$HOME/Desktop/dla-v0.2/analysis/wfast_geom/audit_b3.py:140: UserWarning: Converting a tensor with requires_grad=True to a scalar may lead to unexpected behavior.
Consider using tensor.detach() first. (Triggered internally at /Users/runner/work/pytorch/pytorch/pytorch/torch/csrc/autograd/generated/python_variable_methods.cpp:837.)
  wmag = math.sqrt(sum(float((tv["consolidate_fast_direct"] * gs * s_["w_fast"]).pow(2).sum())
$HOME/Desktop/dla-v0.2/analysis/wfast_geom/audit_b3.py:140: UserWarning: Converting a tensor with requires_grad=True to a scalar may lead to unexpected behavior.
Consider using tensor.detach() first. (Triggered internally at /Users/runner/work/pytorch/pytorch/pytorch/torch/csrc/autograd/generated/python_variable_methods.cpp:837.)
  wmag = math.sqrt(sum(float((tv["consolidate_fast_direct"] * gs * s_["w_fast"]).pow(2).sum())
$HOME/.venv/lib/python3.13/site-packages/torch/autograd/graph.py:865: UserWarning: Using backward() with create_graph=True will create a reference cycle between the parameter and its gradient which can cause a memory leak. We recommend using autograd.grad when creating the graph to avoid this. If you have to use this function, make sure to reset the .grad fields of your parameters to None after use to break the cycle and avoid the leak. (Triggered internally at /Users/runner/work/pytorch/pytorch/pytorch/torch/csrc/autograd/engine.cpp:1306.)
  return Variable._execution_engine.run_backward(  # Calls into the C++ engine to run the backward pass
$HOME/.venv/lib/python3.13/site-packages/torch/autograd/graph.py:865: UserWarning: Using backward() with create_graph=True will create a reference cycle between the parameter and its gradient which can cause a memory leak. We recommend using autograd.grad when creating the graph to avoid this. If you have to use this function, make sure to reset the .grad fields of your parameters to None after use to break the cycle and avoid the leak. (Triggered internally at /Users/runner/work/pytorch/pytorch/pytorch/torch/csrc/autograd/engine.cpp:1306.)
  return Variable._execution_engine.run_backward(  # Calls into the C++ engine to run the backward pass
$HOME/.venv/lib/python3.13/site-packages/torch/autograd/graph.py:865: UserWarning: Using backward() with create_graph=True will create a reference cycle between the parameter and its gradient which can cause a memory leak. We recommend using autograd.grad when creating the graph to avoid this. If you have to use this function, make sure to reset the .grad fields of your parameters to None after use to break the cycle and avoid the leak. (Triggered internally at /Users/runner/work/pytorch/pytorch/pytorch/torch/csrc/autograd/engine.cpp:1306.)
  return Variable._execution_engine.run_backward(  # Calls into the C++ engine to run the backward pass
$HOME/.venv/lib/python3.13/site-packages/torch/autograd/graph.py:865: UserWarning: Using backward() with create_graph=True will create a reference cycle between the parameter and its gradient which can cause a memory leak. We recommend using autograd.grad when creating the graph to avoid this. If you have to use this function, make sure to reset the .grad fields of your parameters to None after use to break the cycle and avoid the leak. (Triggered internally at /Users/runner/work/pytorch/pytorch/pytorch/torch/csrc/autograd/engine.cpp:1306.)
  return Variable._execution_engine.run_backward(  # Calls into the C++ engine to run the backward pass
$HOME/Desktop/dla-v0.2/analysis/wfast_geom/audit_b3.py:197: UserWarning: Converting a tensor with requires_grad=True to a scalar may lead to unexpected behavior.
Consider using tensor.detach() first. (Triggered internally at /Users/runner/work/pytorch/pytorch/pytorch/torch/csrc/autograd/generated/python_variable_methods.cpp:837.)
  sn = math.sqrt(sum(float(mp.pow(2).sum()) for mp in model.parameters() if mp.ndim >= 2))
number of parameters: 6.59M
number of parameters: 6.59M
number of parameters: 6.59M
seed 7 HE shufwrite: pre=38.42 gain40=+0.0019 LE=1.000
number of parameters: 6.59M
number of parameters: 6.59M
number of parameters: 6.59M
seed 7 HE uniformwrite: pre=38.48 gain40=-0.0015 LE=0.000
number of parameters: 6.59M
number of parameters: 6.59M
number of parameters: 6.59M
seed 7 HE nosleep: pre=39.09 gain40=+0.0213 LE=0.949
number of parameters: 6.59M
number of parameters: 6.59M
number of parameters: 6.59M
seed 7 HE topwrite: pre=38.54 gain40=+0.0006 LE=0.277
$HOME/.venv/lib/python3.13/site-packages/torch/autograd/graph.py:865: UserWarning: Using backward() with create_graph=True will create a reference cycle between the parameter and its gradient which can cause a memory leak. We recommend using autograd.grad when creating the graph to avoid this. If you have to use this function, make sure to reset the .grad fields of your parameters to None after use to break the cycle and avoid the leak. (Triggered internally at /Users/runner/work/pytorch/pytorch/pytorch/torch/csrc/autograd/engine.cpp:1306.)
  return Variable._execution_engine.run_backward(  # Calls into the C++ engine to run the backward pass
$HOME/.venv/lib/python3.13/site-packages/torch/autograd/graph.py:865: UserWarning: Using backward() with create_graph=True will create a reference cycle between the parameter and its gradient which can cause a memory leak. We recommend using autograd.grad when creating the graph to avoid this. If you have to use this function, make sure to reset the .grad fields of your parameters to None after use to break the cycle and avoid the leak. (Triggered internally at /Users/runner/work/pytorch/pytorch/pytorch/torch/csrc/autograd/engine.cpp:1306.)
  return Variable._execution_engine.run_backward(  # Calls into the C++ engine to run the backward pass
$HOME/Desktop/dla-v0.2/analysis/wfast_geom/audit_b3.py:140: UserWarning: Converting a tensor with requires_grad=True to a scalar may lead to unexpected behavior.
Consider using tensor.detach() first. (Triggered internally at /Users/runner/work/pytorch/pytorch/pytorch/torch/csrc/autograd/generated/python_variable_methods.cpp:837.)
  wmag = math.sqrt(sum(float((tv["consolidate_fast_direct"] * gs * s_["w_fast"]).pow(2).sum())
$HOME/Desktop/dla-v0.2/analysis/wfast_geom/audit_b3.py:140: UserWarning: Converting a tensor with requires_grad=True to a scalar may lead to unexpected behavior.
Consider using tensor.detach() first. (Triggered internally at /Users/runner/work/pytorch/pytorch/pytorch/torch/csrc/autograd/generated/python_variable_methods.cpp:837.)
  wmag = math.sqrt(sum(float((tv["consolidate_fast_direct"] * gs * s_["w_fast"]).pow(2).sum())
$HOME/.venv/lib/python3.13/site-packages/torch/autograd/graph.py:865: UserWarning: Using backward() with create_graph=True will create a reference cycle between the parameter and its gradient which can cause a memory leak. We recommend using autograd.grad when creating the graph to avoid this. If you have to use this function, make sure to reset the .grad fields of your parameters to None after use to break the cycle and avoid the leak. (Triggered internally at /Users/runner/work/pytorch/pytorch/pytorch/torch/csrc/autograd/engine.cpp:1306.)
  return Variable._execution_engine.run_backward(  # Calls into the C++ engine to run the backward pass
$HOME/.venv/lib/python3.13/site-packages/torch/autograd/graph.py:865: UserWarning: Using backward() with create_graph=True will create a reference cycle between the parameter and its gradient which can cause a memory leak. We recommend using autograd.grad when creating the graph to avoid this. If you have to use this function, make sure to reset the .grad fields of your parameters to None after use to break the cycle and avoid the leak. (Triggered internally at /Users/runner/work/pytorch/pytorch/pytorch/torch/csrc/autograd/engine.cpp:1306.)
  return Variable._execution_engine.run_backward(  # Calls into the C++ engine to run the backward pass
$HOME/Desktop/dla-v0.2/analysis/wfast_geom/audit_b3.py:197: UserWarning: Converting a tensor with requires_grad=True to a scalar may lead to unexpected behavior.
Consider using tensor.detach() first. (Triggered internally at /Users/runner/work/pytorch/pytorch/pytorch/torch/csrc/autograd/generated/python_variable_methods.cpp:837.)
  sn = math.sqrt(sum(float(mp.pow(2).sum()) for mp in model.parameters() if mp.ndim >= 2))
$HOME/Desktop/dla-v0.2/analysis/wfast_geom/audit_b3.py:197: UserWarning: Converting a tensor with requires_grad=True to a scalar may lead to unexpected behavior.
Consider using tensor.detach() first. (Triggered internally at /Users/runner/work/pytorch/pytorch/pytorch/torch/csrc/autograd/generated/python_variable_methods.cpp:837.)
  sn = math.sqrt(sum(float(mp.pow(2).sum()) for mp in model.parameters() if mp.ndim >= 2))
number of parameters: 6.59M
number of parameters: 6.59M
number of parameters: 6.59M
seed 8 HE nocons: pre=38.94 gain40=+0.0018 LE=0.294
number of parameters: 6.59M
number of parameters: 6.59M
number of parameters: 6.59M
seed 8 HE nosleep: pre=40.10 gain40=+0.0322 LE=0.865
number of parameters: 6.59M
number of parameters: 6.59M
number of parameters: 6.59M
seed 8 HE uniformwrite: pre=39.12 gain40=-0.0010 LE=0.000
number of parameters: 6.59M
number of parameters: 6.59M
number of parameters: 6.59M
seed 8 HE direct: pre=39.15 gain40=+0.0126 LE=0.835
$HOME/Desktop/dla-v0.2/analysis/wfast_geom/audit_b3.py:140: UserWarning: Converting a tensor with requires_grad=True to a scalar may lead to unexpected behavior.
Consider using tensor.detach() first. (Triggered internally at /Users/runner/work/pytorch/pytorch/pytorch/torch/csrc/autograd/generated/python_variable_methods.cpp:837.)
  wmag = math.sqrt(sum(float((tv["consolidate_fast_direct"] * gs * s_["w_fast"]).pow(2).sum())
$HOME/.venv/lib/python3.13/site-packages/torch/autograd/graph.py:865: UserWarning: Using backward() with create_graph=True will create a reference cycle between the parameter and its gradient which can cause a memory leak. We recommend using autograd.grad when creating the graph to avoid this. If you have to use this function, make sure to reset the .grad fields of your parameters to None after use to break the cycle and avoid the leak. (Triggered internally at /Users/runner/work/pytorch/pytorch/pytorch/torch/csrc/autograd/engine.cpp:1306.)
  return Variable._execution_engine.run_backward(  # Calls into the C++ engine to run the backward pass
$HOME/.venv/lib/python3.13/site-packages/torch/autograd/graph.py:865: UserWarning: Using backward() with create_graph=True will create a reference cycle between the parameter and its gradient which can cause a memory leak. We recommend using autograd.grad when creating the graph to avoid this. If you have to use this function, make sure to reset the .grad fields of your parameters to None after use to break the cycle and avoid the leak. (Triggered internally at /Users/runner/work/pytorch/pytorch/pytorch/torch/csrc/autograd/engine.cpp:1306.)
  return Variable._execution_engine.run_backward(  # Calls into the C++ engine to run the backward pass
$HOME/Desktop/dla-v0.2/analysis/wfast_geom/audit_b3.py:140: UserWarning: Converting a tensor with requires_grad=True to a scalar may lead to unexpected behavior.
Consider using tensor.detach() first. (Triggered internally at /Users/runner/work/pytorch/pytorch/pytorch/torch/csrc/autograd/generated/python_variable_methods.cpp:837.)
  wmag = math.sqrt(sum(float((tv["consolidate_fast_direct"] * gs * s_["w_fast"]).pow(2).sum())
$HOME/Desktop/dla-v0.2/analysis/wfast_geom/audit_b3.py:140: UserWarning: Converting a tensor with requires_grad=True to a scalar may lead to unexpected behavior.
Consider using tensor.detach() first. (Triggered internally at /Users/runner/work/pytorch/pytorch/pytorch/torch/csrc/autograd/generated/python_variable_methods.cpp:837.)
  wmag = math.sqrt(sum(float((tv["consolidate_fast_direct"] * gs * s_["w_fast"]).pow(2).sum())
$HOME/.venv/lib/python3.13/site-packages/torch/autograd/graph.py:865: UserWarning: Using backward() with create_graph=True will create a reference cycle between the parameter and its gradient which can cause a memory leak. We recommend using autograd.grad when creating the graph to avoid this. If you have to use this function, make sure to reset the .grad fields of your parameters to None after use to break the cycle and avoid the leak. (Triggered internally at /Users/runner/work/pytorch/pytorch/pytorch/torch/csrc/autograd/engine.cpp:1306.)
  return Variable._execution_engine.run_backward(  # Calls into the C++ engine to run the backward pass
$HOME/.venv/lib/python3.13/site-packages/torch/autograd/graph.py:865: UserWarning: Using backward() with create_graph=True will create a reference cycle between the parameter and its gradient which can cause a memory leak. We recommend using autograd.grad when creating the graph to avoid this. If you have to use this function, make sure to reset the .grad fields of your parameters to None after use to break the cycle and avoid the leak. (Triggered internally at /Users/runner/work/pytorch/pytorch/pytorch/torch/csrc/autograd/engine.cpp:1306.)
  return Variable._execution_engine.run_backward(  # Calls into the C++ engine to run the backward pass
$HOME/Desktop/dla-v0.2/analysis/wfast_geom/audit_b3.py:197: UserWarning: Converting a tensor with requires_grad=True to a scalar may lead to unexpected behavior.
Consider using tensor.detach() first. (Triggered internally at /Users/runner/work/pytorch/pytorch/pytorch/torch/csrc/autograd/generated/python_variable_methods.cpp:837.)
  sn = math.sqrt(sum(float(mp.pow(2).sum()) for mp in model.parameters() if mp.ndim >= 2))
number of parameters: 6.59M
number of parameters: 6.59M
number of parameters: 6.59M
seed 8 HE shufwrite: pre=38.98 gain40=-0.0054 LE=0.000
number of parameters: 6.59M
number of parameters: 6.59M
number of parameters: 6.59M
seed 9 HE nocons: pre=42.38 gain40=+0.0185 LE=0.829
number of parameters: 6.59M
number of parameters: 6.59M
number of parameters: 6.59M
seed 9 HE direct: pre=43.18 gain40=+0.0382 LE=0.974
number of parameters: 6.59M
number of parameters: 6.59M
number of parameters: 6.59M
seed 8 HE topwrite: pre=38.98 gain40=-0.0029 LE=0.000
$HOME/Desktop/dla-v0.2/analysis/wfast_geom/audit_b3.py:140: UserWarning: Converting a tensor with requires_grad=True to a scalar may lead to unexpected behavior.
Consider using tensor.detach() first. (Triggered internally at /Users/runner/work/pytorch/pytorch/pytorch/torch/csrc/autograd/generated/python_variable_methods.cpp:837.)
  wmag = math.sqrt(sum(float((tv["consolidate_fast_direct"] * gs * s_["w_fast"]).pow(2).sum())
$HOME/.venv/lib/python3.13/site-packages/torch/autograd/graph.py:865: UserWarning: Using backward() with create_graph=True will create a reference cycle between the parameter and its gradient which can cause a memory leak. We recommend using autograd.grad when creating the graph to avoid this. If you have to use this function, make sure to reset the .grad fields of your parameters to None after use to break the cycle and avoid the leak. (Triggered internally at /Users/runner/work/pytorch/pytorch/pytorch/torch/csrc/autograd/engine.cpp:1306.)
  return Variable._execution_engine.run_backward(  # Calls into the C++ engine to run the backward pass
$HOME/.venv/lib/python3.13/site-packages/torch/autograd/graph.py:865: UserWarning: Using backward() with create_graph=True will create a reference cycle between the parameter and its gradient which can cause a memory leak. We recommend using autograd.grad when creating the graph to avoid this. If you have to use this function, make sure to reset the .grad fields of your parameters to None after use to break the cycle and avoid the leak. (Triggered internally at /Users/runner/work/pytorch/pytorch/pytorch/torch/csrc/autograd/engine.cpp:1306.)
  return Variable._execution_engine.run_backward(  # Calls into the C++ engine to run the backward pass
$HOME/Desktop/dla-v0.2/analysis/wfast_geom/audit_b3.py:140: UserWarning: Converting a tensor with requires_grad=True to a scalar may lead to unexpected behavior.
Consider using tensor.detach() first. (Triggered internally at /Users/runner/work/pytorch/pytorch/pytorch/torch/csrc/autograd/generated/python_variable_methods.cpp:837.)
  wmag = math.sqrt(sum(float((tv["consolidate_fast_direct"] * gs * s_["w_fast"]).pow(2).sum())
$HOME/Desktop/dla-v0.2/analysis/wfast_geom/audit_b3.py:140: UserWarning: Converting a tensor with requires_grad=True to a scalar may lead to unexpected behavior.
Consider using tensor.detach() first. (Triggered internally at /Users/runner/work/pytorch/pytorch/pytorch/torch/csrc/autograd/generated/python_variable_methods.cpp:837.)
  wmag = math.sqrt(sum(float((tv["consolidate_fast_direct"] * gs * s_["w_fast"]).pow(2).sum())
$HOME/.venv/lib/python3.13/site-packages/torch/autograd/graph.py:865: UserWarning: Using backward() with create_graph=True will create a reference cycle between the parameter and its gradient which can cause a memory leak. We recommend using autograd.grad when creating the graph to avoid this. If you have to use this function, make sure to reset the .grad fields of your parameters to None after use to break the cycle and avoid the leak. (Triggered internally at /Users/runner/work/pytorch/pytorch/pytorch/torch/csrc/autograd/engine.cpp:1306.)
  return Variable._execution_engine.run_backward(  # Calls into the C++ engine to run the backward pass
$HOME/.venv/lib/python3.13/site-packages/torch/autograd/graph.py:865: UserWarning: Using backward() with create_graph=True will create a reference cycle between the parameter and its gradient which can cause a memory leak. We recommend using autograd.grad when creating the graph to avoid this. If you have to use this function, make sure to reset the .grad fields of your parameters to None after use to break the cycle and avoid the leak. (Triggered internally at /Users/runner/work/pytorch/pytorch/pytorch/torch/csrc/autograd/engine.cpp:1306.)
  return Variable._execution_engine.run_backward(  # Calls into the C++ engine to run the backward pass
$HOME/Desktop/dla-v0.2/analysis/wfast_geom/audit_b3.py:197: UserWarning: Converting a tensor with requires_grad=True to a scalar may lead to unexpected behavior.
Consider using tensor.detach() first. (Triggered internally at /Users/runner/work/pytorch/pytorch/pytorch/torch/csrc/autograd/generated/python_variable_methods.cpp:837.)
  sn = math.sqrt(sum(float(mp.pow(2).sum()) for mp in model.parameters() if mp.ndim >= 2))
number of parameters: 6.59M
number of parameters: 6.59M
number of parameters: 6.59M
seed 9 HE nosleep: pre=44.11 gain40=+0.0599 LE=0.997
number of parameters: 6.59M
number of parameters: 6.59M
number of parameters: 6.59M
seed 9 HE shufwrite: pre=42.35 gain40=+0.0167 LE=0.813
number of parameters: 6.59M
number of parameters: 6.59M
number of parameters: 6.59M
seed 9 HE uniformwrite: pre=42.31 gain40=+0.0194 LE=0.969
number of parameters: 6.59M
number of parameters: 6.59M
number of parameters: 6.59M
seed 9 HE topwrite: pre=42.41 gain40=+0.0216 LE=0.943
$HOME/Desktop/dla-v0.2/analysis/wfast_geom/audit_b3.py:140: UserWarning: Converting a tensor with requires_grad=True to a scalar may lead to unexpected behavior.
Consider using tensor.detach() first. (Triggered internally at /Users/runner/work/pytorch/pytorch/pytorch/torch/csrc/autograd/generated/python_variable_methods.cpp:837.)
  wmag = math.sqrt(sum(float((tv["consolidate_fast_direct"] * gs * s_["w_fast"]).pow(2).sum())
$HOME/.venv/lib/python3.13/site-packages/torch/autograd/graph.py:865: UserWarning: Using backward() with create_graph=True will create a reference cycle between the parameter and its gradient which can cause a memory leak. We recommend using autograd.grad when creating the graph to avoid this. If you have to use this function, make sure to reset the .grad fields of your parameters to None after use to break the cycle and avoid the leak. (Triggered internally at /Users/runner/work/pytorch/pytorch/pytorch/torch/csrc/autograd/engine.cpp:1306.)
  return Variable._execution_engine.run_backward(  # Calls into the C++ engine to run the backward pass
$HOME/Desktop/dla-v0.2/analysis/wfast_geom/audit_b3.py:140: UserWarning: Converting a tensor with requires_grad=True to a scalar may lead to unexpected behavior.
Consider using tensor.detach() first. (Triggered internally at /Users/runner/work/pytorch/pytorch/pytorch/torch/csrc/autograd/generated/python_variable_methods.cpp:837.)
  wmag = math.sqrt(sum(float((tv["consolidate_fast_direct"] * gs * s_["w_fast"]).pow(2).sum())
$HOME/.venv/lib/python3.13/site-packages/torch/autograd/graph.py:865: UserWarning: Using backward() with create_graph=True will create a reference cycle between the parameter and its gradient which can cause a memory leak. We recommend using autograd.grad when creating the graph to avoid this. If you have to use this function, make sure to reset the .grad fields of your parameters to None after use to break the cycle and avoid the leak. (Triggered internally at /Users/runner/work/pytorch/pytorch/pytorch/torch/csrc/autograd/engine.cpp:1306.)
  return Variable._execution_engine.run_backward(  # Calls into the C++ engine to run the backward pass
$HOME/.venv/lib/python3.13/site-packages/torch/autograd/graph.py:865: UserWarning: Using backward() with create_graph=True will create a reference cycle between the parameter and its gradient which can cause a memory leak. We recommend using autograd.grad when creating the graph to avoid this. If you have to use this function, make sure to reset the .grad fields of your parameters to None after use to break the cycle and avoid the leak. (Triggered internally at /Users/runner/work/pytorch/pytorch/pytorch/torch/csrc/autograd/engine.cpp:1306.)
  return Variable._execution_engine.run_backward(  # Calls into the C++ engine to run the backward pass
$HOME/.venv/lib/python3.13/site-packages/torch/autograd/graph.py:865: UserWarning: Using backward() with create_graph=True will create a reference cycle between the parameter and its gradient which can cause a memory leak. We recommend using autograd.grad when creating the graph to avoid this. If you have to use this function, make sure to reset the .grad fields of your parameters to None after use to break the cycle and avoid the leak. (Triggered internally at /Users/runner/work/pytorch/pytorch/pytorch/torch/csrc/autograd/engine.cpp:1306.)
  return Variable._execution_engine.run_backward(  # Calls into the C++ engine to run the backward pass
$HOME/Desktop/dla-v0.2/analysis/wfast_geom/audit_b3.py:197: UserWarning: Converting a tensor with requires_grad=True to a scalar may lead to unexpected behavior.
Consider using tensor.detach() first. (Triggered internally at /Users/runner/work/pytorch/pytorch/pytorch/torch/csrc/autograd/generated/python_variable_methods.cpp:837.)
  sn = math.sqrt(sum(float(mp.pow(2).sum()) for mp in model.parameters() if mp.ndim >= 2))
$HOME/Desktop/dla-v0.2/analysis/wfast_geom/audit_b3.py:197: UserWarning: Converting a tensor with requires_grad=True to a scalar may lead to unexpected behavior.
Consider using tensor.detach() first. (Triggered internally at /Users/runner/work/pytorch/pytorch/pytorch/torch/csrc/autograd/generated/python_variable_methods.cpp:837.)
  sn = math.sqrt(sum(float(mp.pow(2).sum()) for mp in model.parameters() if mp.ndim >= 2))
number of parameters: 6.59M
number of parameters: 6.59M
number of parameters: 6.59M
seed 10 HE uniformwrite: pre=42.91 gain40=+0.0113 LE=1.000
number of parameters: 6.59M
number of parameters: 6.59M
number of parameters: 6.59M
seed 10 HE direct: pre=43.05 gain40=+0.0180 LE=1.000
number of parameters: 6.59M
number of parameters: 6.59M
number of parameters: 6.59M
seed 10 HE nosleep: pre=43.60 gain40=+0.0288 LE=1.000
number of parameters: 6.59M
number of parameters: 6.59M
number of parameters: 6.59M
seed 10 HE nocons: pre=42.88 gain40=+0.0054 LE=0.734
$HOME/Desktop/dla-v0.2/analysis/wfast_geom/audit_b3.py:140: UserWarning: Converting a tensor with requires_grad=True to a scalar may lead to unexpected behavior.
Consider using tensor.detach() first. (Triggered internally at /Users/runner/work/pytorch/pytorch/pytorch/torch/csrc/autograd/generated/python_variable_methods.cpp:837.)
  wmag = math.sqrt(sum(float((tv["consolidate_fast_direct"] * gs * s_["w_fast"]).pow(2).sum())
$HOME/Desktop/dla-v0.2/analysis/wfast_geom/audit_b3.py:140: UserWarning: Converting a tensor with requires_grad=True to a scalar may lead to unexpected behavior.
Consider using tensor.detach() first. (Triggered internally at /Users/runner/work/pytorch/pytorch/pytorch/torch/csrc/autograd/generated/python_variable_methods.cpp:837.)
  wmag = math.sqrt(sum(float((tv["consolidate_fast_direct"] * gs * s_["w_fast"]).pow(2).sum())
$HOME/.venv/lib/python3.13/site-packages/torch/autograd/graph.py:865: UserWarning: Using backward() with create_graph=True will create a reference cycle between the parameter and its gradient which can cause a memory leak. We recommend using autograd.grad when creating the graph to avoid this. If you have to use this function, make sure to reset the .grad fields of your parameters to None after use to break the cycle and avoid the leak. (Triggered internally at /Users/runner/work/pytorch/pytorch/pytorch/torch/csrc/autograd/engine.cpp:1306.)
  return Variable._execution_engine.run_backward(  # Calls into the C++ engine to run the backward pass
$HOME/Desktop/dla-v0.2/analysis/wfast_geom/audit_b3.py:140: UserWarning: Converting a tensor with requires_grad=True to a scalar may lead to unexpected behavior.
Consider using tensor.detach() first. (Triggered internally at /Users/runner/work/pytorch/pytorch/pytorch/torch/csrc/autograd/generated/python_variable_methods.cpp:837.)
  wmag = math.sqrt(sum(float((tv["consolidate_fast_direct"] * gs * s_["w_fast"]).pow(2).sum())
$HOME/.venv/lib/python3.13/site-packages/torch/autograd/graph.py:865: UserWarning: Using backward() with create_graph=True will create a reference cycle between the parameter and its gradient which can cause a memory leak. We recommend using autograd.grad when creating the graph to avoid this. If you have to use this function, make sure to reset the .grad fields of your parameters to None after use to break the cycle and avoid the leak. (Triggered internally at /Users/runner/work/pytorch/pytorch/pytorch/torch/csrc/autograd/engine.cpp:1306.)
  return Variable._execution_engine.run_backward(  # Calls into the C++ engine to run the backward pass
$HOME/.venv/lib/python3.13/site-packages/torch/autograd/graph.py:865: UserWarning: Using backward() with create_graph=True will create a reference cycle between the parameter and its gradient which can cause a memory leak. We recommend using autograd.grad when creating the graph to avoid this. If you have to use this function, make sure to reset the .grad fields of your parameters to None after use to break the cycle and avoid the leak. (Triggered internally at /Users/runner/work/pytorch/pytorch/pytorch/torch/csrc/autograd/engine.cpp:1306.)
  return Variable._execution_engine.run_backward(  # Calls into the C++ engine to run the backward pass
$HOME/.venv/lib/python3.13/site-packages/torch/autograd/graph.py:865: UserWarning: Using backward() with create_graph=True will create a reference cycle between the parameter and its gradient which can cause a memory leak. We recommend using autograd.grad when creating the graph to avoid this. If you have to use this function, make sure to reset the .grad fields of your parameters to None after use to break the cycle and avoid the leak. (Triggered internally at /Users/runner/work/pytorch/pytorch/pytorch/torch/csrc/autograd/engine.cpp:1306.)
  return Variable._execution_engine.run_backward(  # Calls into the C++ engine to run the backward pass
$HOME/Desktop/dla-v0.2/analysis/wfast_geom/audit_b3.py:197: UserWarning: Converting a tensor with requires_grad=True to a scalar may lead to unexpected behavior.
Consider using tensor.detach() first. (Triggered internally at /Users/runner/work/pytorch/pytorch/pytorch/torch/csrc/autograd/generated/python_variable_methods.cpp:837.)
  sn = math.sqrt(sum(float(mp.pow(2).sum()) for mp in model.parameters() if mp.ndim >= 2))
number of parameters: 6.59M
number of parameters: 6.59M
number of parameters: 6.59M
seed 11 HE direct: pre=42.00 gain40=+0.0077 LE=0.431
number of parameters: 6.59M
number of parameters: 6.59M
number of parameters: 6.59M
seed 10 HE topwrite: pre=42.79 gain40=+0.0071 LE=0.908
number of parameters: 6.59M
number of parameters: 6.59M
number of parameters: 6.59M
seed 10 HE shufwrite: pre=42.88 gain40=+0.0071 LE=0.895
number of parameters: 6.59M
number of parameters: 6.59M
number of parameters: 6.59M
seed 11 HE nocons: pre=41.67 gain40=+0.0004 LE=0.035
$HOME/Desktop/dla-v0.2/analysis/wfast_geom/audit_b3.py:140: UserWarning: Converting a tensor with requires_grad=True to a scalar may lead to unexpected behavior.
Consider using tensor.detach() first. (Triggered internally at /Users/runner/work/pytorch/pytorch/pytorch/torch/csrc/autograd/generated/python_variable_methods.cpp:837.)
  wmag = math.sqrt(sum(float((tv["consolidate_fast_direct"] * gs * s_["w_fast"]).pow(2).sum())
$HOME/.venv/lib/python3.13/site-packages/torch/autograd/graph.py:865: UserWarning: Using backward() with create_graph=True will create a reference cycle between the parameter and its gradient which can cause a memory leak. We recommend using autograd.grad when creating the graph to avoid this. If you have to use this function, make sure to reset the .grad fields of your parameters to None after use to break the cycle and avoid the leak. (Triggered internally at /Users/runner/work/pytorch/pytorch/pytorch/torch/csrc/autograd/engine.cpp:1306.)
  return Variable._execution_engine.run_backward(  # Calls into the C++ engine to run the backward pass
$HOME/.venv/lib/python3.13/site-packages/torch/autograd/graph.py:865: UserWarning: Using backward() with create_graph=True will create a reference cycle between the parameter and its gradient which can cause a memory leak. We recommend using autograd.grad when creating the graph to avoid this. If you have to use this function, make sure to reset the .grad fields of your parameters to None after use to break the cycle and avoid the leak. (Triggered internally at /Users/runner/work/pytorch/pytorch/pytorch/torch/csrc/autograd/engine.cpp:1306.)
  return Variable._execution_engine.run_backward(  # Calls into the C++ engine to run the backward pass
$HOME/Desktop/dla-v0.2/analysis/wfast_geom/audit_b3.py:140: UserWarning: Converting a tensor with requires_grad=True to a scalar may lead to unexpected behavior.
Consider using tensor.detach() first. (Triggered internally at /Users/runner/work/pytorch/pytorch/pytorch/torch/csrc/autograd/generated/python_variable_methods.cpp:837.)
  wmag = math.sqrt(sum(float((tv["consolidate_fast_direct"] * gs * s_["w_fast"]).pow(2).sum())
$HOME/Desktop/dla-v0.2/analysis/wfast_geom/audit_b3.py:140: UserWarning: Converting a tensor with requires_grad=True to a scalar may lead to unexpected behavior.
Consider using tensor.detach() first. (Triggered internally at /Users/runner/work/pytorch/pytorch/pytorch/torch/csrc/autograd/generated/python_variable_methods.cpp:837.)
  wmag = math.sqrt(sum(float((tv["consolidate_fast_direct"] * gs * s_["w_fast"]).pow(2).sum())
$HOME/.venv/lib/python3.13/site-packages/torch/autograd/graph.py:865: UserWarning: Using backward() with create_graph=True will create a reference cycle between the parameter and its gradient which can cause a memory leak. We recommend using autograd.grad when creating the graph to avoid this. If you have to use this function, make sure to reset the .grad fields of your parameters to None after use to break the cycle and avoid the leak. (Triggered internally at /Users/runner/work/pytorch/pytorch/pytorch/torch/csrc/autograd/engine.cpp:1306.)
  return Variable._execution_engine.run_backward(  # Calls into the C++ engine to run the backward pass
$HOME/.venv/lib/python3.13/site-packages/torch/autograd/graph.py:865: UserWarning: Using backward() with create_graph=True will create a reference cycle between the parameter and its gradient which can cause a memory leak. We recommend using autograd.grad when creating the graph to avoid this. If you have to use this function, make sure to reset the .grad fields of your parameters to None after use to break the cycle and avoid the leak. (Triggered internally at /Users/runner/work/pytorch/pytorch/pytorch/torch/csrc/autograd/engine.cpp:1306.)
  return Variable._execution_engine.run_backward(  # Calls into the C++ engine to run the backward pass
$HOME/Desktop/dla-v0.2/analysis/wfast_geom/audit_b3.py:197: UserWarning: Converting a tensor with requires_grad=True to a scalar may lead to unexpected behavior.
Consider using tensor.detach() first. (Triggered internally at /Users/runner/work/pytorch/pytorch/pytorch/torch/csrc/autograd/generated/python_variable_methods.cpp:837.)
  sn = math.sqrt(sum(float(mp.pow(2).sum()) for mp in model.parameters() if mp.ndim >= 2))
number of parameters: 6.59M
number of parameters: 6.59M
number of parameters: 6.59M
seed 11 HE topwrite: pre=41.68 gain40=+0.0050 LE=0.422
number of parameters: 6.59M
number of parameters: 6.59M
number of parameters: 6.59M
seed 11 HE shufwrite: pre=41.84 gain40=-0.0027 LE=0.000
number of parameters: 6.59M
number of parameters: 6.59M
number of parameters: 6.59M
seed 11 HE uniformwrite: pre=41.65 gain40=+0.0055 LE=0.397
number of parameters: 6.59M
number of parameters: 6.59M
number of parameters: 6.59M
seed 11 HE nosleep: pre=42.63 gain40=+0.0295 LE=0.773
UNIFIED_DONE
