number of parameters: 10.65M
number of parameters: 10.65M
number of parameters: 10.65M
seed 2: HE +0.1028 | HE+EH +0.0107 | HE+shufEH -0.0007
number of parameters: 10.65M
number of parameters: 10.65M
number of parameters: 10.65M
seed 4: HE +0.0809 | HE+EH +0.0037 | HE+shufEH +0.0008
number of parameters: 10.65M
number of parameters: 10.65M
number of parameters: 10.65M
seed 1: HE +0.0676 | HE+EH +0.0023 | HE+shufEH +0.0009
number of parameters: 10.65M
number of parameters: 10.65M
number of parameters: 10.65M
seed 3: HE +0.0468 | HE+EH +0.0051 | HE+shufEH +0.0010
number of parameters: 10.65M
number of parameters: 10.65M
number of parameters: 10.65M
seed 7: HE +0.0444 | HE+EH +0.0012 | HE+shufEH -0.0061
number of parameters: 10.65M
number of parameters: 10.65M
number of parameters: 10.65M
seed 6: HE +0.1052 | HE+EH +0.0022 | HE+shufEH -0.0018
number of parameters: 10.65M
number of parameters: 10.65M
number of parameters: 10.65M
seed 5: HE +0.0401 | HE+EH -0.0004 | HE+shufEH -0.0040
number of parameters: 10.65M
number of parameters: 10.65M
number of parameters: 10.65M
seed 8: HE +0.1083 | HE+EH +0.0020 | HE+shufEH -0.0009
SEC_DONE
