number of parameters: 6.59M
number of parameters: 6.59M
seed 0: g0 done
number of parameters: 6.59M
number of parameters: 6.59M
seed 1: g0 done
number of parameters: 6.59M
number of parameters: 6.59M
seed 2: g0 done
number of parameters: 6.59M
number of parameters: 6.59M
seed 3: g0 done
number of parameters: 6.59M
number of parameters: 6.59M
seed 4: g0 done
number of parameters: 6.59M
number of parameters: 6.59M
seed 5: g0 done
number of parameters: 6.59M
number of parameters: 6.59M
seed 6: g0 done
number of parameters: 6.59M
number of parameters: 6.59M
seed 7: g0 done
number of parameters: 6.59M
number of parameters: 6.59M
seed 8: g0 done
number of parameters: 6.59M
number of parameters: 6.59M
seed 9: g0 done
number of parameters: 6.59M
number of parameters: 6.59M
seed 10: g0 done
number of parameters: 6.59M
number of parameters: 6.59M
seed 11: g0 done
true mean |cos(g0(HE),Δ)| = 0.0214 ; shuffle-null 0.0003 ; cross-seed-null 0.0039
r(true_cos, gain40) = 0.857 (perm p=0.000); r(shuf) = 0.302; r(cross) = 0.659
saved results/analysis_wfast/p1b_grad0_null.json
